<html>
<body>
<pre>
<h1>礦ision Build Log</h1>
<h2>Tool Versions:</h2>
IDE-Version: μVision V5.43.1.0
Copyright (C) 2025 ARM Ltd and ARM Germany GmbH. All rights reserved.
License Information: 1 3453671577@qq.com, 1, LIC=SDA0P-M4ZBI-VEFHA-1JK6Y-ZSP4S-IKYYV
 
Tool Versions:
Toolchain:       MDK-ARM Plus  Version: 5.43.0.0
Toolchain Path:  E:\keil\keil_v5\ARM\ARMCC\Bin
C Compiler:      Armcc.exe V5.06 update 7 (build 960)
Assembler:       Armasm.exe V5.06 update 7 (build 960)
Linker/Locator:  ArmLink.exe V5.06 update 7 (build 960)
Library Manager: ArmAr.exe V5.06 update 7 (build 960)
Hex Converter:   FromElf.exe V5.06 update 7 (build 960)
CPU DLL:         SARMCM3.DLL V5.43.0.0
Dialog DLL:      DCM.DLL V1.17.5.0
Target DLL:      STLink\ST-LINKIII-KEIL_SWO.dll V3.3.1.0
Dialog DLL:      TCM.DLL V1.56.6.0
 
<h2>Project:</h2>
C:\Users\34536\Desktop\STM32F103ZET6\4，程序源码\1，标准例程-寄存器版本\实验53 UCOSII实验3-消息队列、信号量集和软件定时器\Projects\MDK-ARM\atk_f103.uvprojx
Project File Date:  04/29/2026

<h2>Output:</h2>
*** Using Compiler 'V5.06 update 7 (build 960)', folder: 'E:\keil\keil_v5\ARM\ARMCC\Bin'
Rebuild target 'uC-OS2'
compiling 24cxx.c...
assembling startup_stm32f103xe.s...
compiling main.c...
compiling key.c...
compiling touch.c...
compiling gt9xxx.c...
compiling uc-os2_demo.c...
compiling beep.c...
compiling ctiic.c...
compiling lcd.c...
compiling ft5206.c...
compiling myiic.c...
compiling led.c...
compiling sram.c...
compiling delay.c...
assembling cpu_a.asm...
compiling sys.c...
compiling bsp_cpu.c...
compiling lib_ascii.c...
compiling usart.c...
compiling cpu_c.c...
compiling cpu_core.c...
compiling lib_math.c...
compiling lib_mem.c...
compiling malloc.c...
compiling app_hooks.c...
assembling os_cpu_a.asm...
compiling lib_str.c...
compiling os_dbg.c...
compiling os_cpu_c.c...
compiling os_core.c...
compiling os_mbox.c...
compiling os_mem.c...
compiling os_flag.c...
compiling os_mutex.c...
compiling os_q.c...
compiling os_sem.c...
compiling os_time.c...
compiling os_task.c...
compiling os_tmr.c...
linking...
Program Size: Code=44542 RO-data=13286 RW-data=272 ZI-data=1105352  
FromELF: creating hex file...
"..\..\Output\atk_f103.axf" - 0 Error(s), 0 Warning(s).

<h2>Software Packages used:</h2>

Package Vendor: Keil
                https://www.keil.com/pack/Keil.STM32F1xx_DFP.2.4.1.pack
                Keil::STM32F1xx_DFP@2.4.1
                STMicroelectronics STM32F1 Series Device Support, Drivers and Examples

<h2>Collection of Component include folders:</h2>
  D:/keil/Arm/Packs/Keil/STM32F1xx_DFP/2.4.1/Device/Include

<h2>Collection of Component Files used:</h2>
Build Time Elapsed:  00:00:02
</pre>
</body>
</html>
