Component: ARM Compiler 5.06 update 7 (build 960) Tool: armlink [4d3601]

==============================================================================

Section Cross References

    startup_stm32f103xe.o(STACK) refers (Special) to heapauxi.o(.text) for __use_two_region_memory
    startup_stm32f103xe.o(HEAP) refers (Special) to heapauxi.o(.text) for __use_two_region_memory
    startup_stm32f103xe.o(RESET) refers (Special) to heapauxi.o(.text) for __use_two_region_memory
    startup_stm32f103xe.o(RESET) refers to startup_stm32f103xe.o(STACK) for __initial_sp
    startup_stm32f103xe.o(RESET) refers to startup_stm32f103xe.o(.text) for Reset_Handler
    startup_stm32f103xe.o(RESET) refers to usmart_port.o(i.TIM4_IRQHandler) for TIM4_IRQHandler
    startup_stm32f103xe.o(RESET) refers to usart.o(i.USART1_IRQHandler) for USART1_IRQHandler
    startup_stm32f103xe.o(.text) refers (Special) to heapauxi.o(.text) for __use_two_region_memory
    startup_stm32f103xe.o(.text) refers to __main.o(!!!main) for __main
    startup_stm32f103xe.o(.text) refers to startup_stm32f103xe.o(HEAP) for Heap_Mem
    startup_stm32f103xe.o(.text) refers to startup_stm32f103xe.o(STACK) for Stack_Mem
    main.o(i.main) refers to sys.o(i.sys_stm32_clock_init) for sys_stm32_clock_init
    main.o(i.main) refers to delay.o(i.delay_init) for delay_init
    main.o(i.main) refers to usart.o(i.usart_init) for usart_init
    main.o(i.main) refers to led.o(i.led_init) for led_init
    main.o(i.main) refers to lcd.o(i.lcd_init) for lcd_init
    main.o(i.main) refers to key.o(i.key_init) for key_init
    main.o(i.main) refers to can.o(i.can_init) for can_init
    main.o(i.main) refers to lcd.o(i.lcd_show_string) for lcd_show_string
    main.o(i.main) refers to key.o(i.key_scan) for key_scan
    main.o(i.main) refers to lcd.o(i.lcd_show_xnum) for lcd_show_xnum
    main.o(i.main) refers to can.o(i.can_send_msg) for can_send_msg
    main.o(i.main) refers to can.o(i.can_receive_msg) for can_receive_msg
    main.o(i.main) refers to lcd.o(i.lcd_fill) for lcd_fill
    main.o(i.main) refers to delay.o(i.delay_ms) for delay_ms
    main.o(i.main) refers to usmart_config.o(.data) for usmart_dev
    delay.o(i.delay_init) refers to delay.o(.data) for g_fac_us
    delay.o(i.delay_ms) refers to delay.o(i.delay_us) for delay_us
    delay.o(i.delay_us) refers to delay.o(.data) for g_fac_us
    sys.o(i.sys_nvic_init) refers to sys.o(i.sys_nvic_priority_group_config) for sys_nvic_priority_group_config
    sys.o(i.sys_standby) refers to sys.o(i.sys_wfi_set) for sys_wfi_set
    sys.o(i.sys_stm32_clock_init) refers to sys.o(i.sys_clock_set) for sys_clock_set
    sys.o(i.sys_stm32_clock_init) refers to sys.o(i.sys_nvic_set_vector_table) for sys_nvic_set_vector_table
    usart.o(.rev16_text) refers (Special) to use_no_semi_2.o(.text) for __use_no_semihosting
    usart.o(.revsh_text) refers (Special) to use_no_semi_2.o(.text) for __use_no_semihosting
    usart.o(.rrx_text) refers (Special) to use_no_semi_2.o(.text) for __use_no_semihosting
    usart.o(i.USART1_IRQHandler) refers (Special) to use_no_semi_2.o(.text) for __use_no_semihosting
    usart.o(i.USART1_IRQHandler) refers to usart.o(.data) for g_usart_rx_sta
    usart.o(i.USART1_IRQHandler) refers to usart.o(.bss) for g_usart_rx_buf
    usart.o(i._sys_command_string) refers (Special) to use_no_semi_2.o(.text) for __use_no_semihosting
    usart.o(i._sys_exit) refers (Special) to use_no_semi_2.o(.text) for __use_no_semihosting
    usart.o(i._ttywrch) refers (Special) to use_no_semi_2.o(.text) for __use_no_semihosting
    usart.o(i.fputc) refers (Special) to use_no_semi_2.o(.text) for __use_no_semihosting
    usart.o(i.usart_init) refers (Special) to use_no_semi_2.o(.text) for __use_no_semihosting
    usart.o(i.usart_init) refers to sys.o(i.sys_gpio_set) for sys_gpio_set
    usart.o(i.usart_init) refers to sys.o(i.sys_nvic_init) for sys_nvic_init
    usart.o(.bss) refers (Special) to use_no_semi_2.o(.text) for __use_no_semihosting
    usart.o(.data) refers (Special) to use_no_semi_2.o(.text) for __use_no_semihosting
    led.o(i.led_init) refers to sys.o(i.sys_gpio_set) for sys_gpio_set
    led.o(i.led_init) refers to sys.o(i.sys_gpio_pin_set) for sys_gpio_pin_set
    lcd.o(i.lcd_clear) refers to lcd.o(i.lcd_set_cursor) for lcd_set_cursor
    lcd.o(i.lcd_clear) refers to lcd.o(i.lcd_write_ram_prepare) for lcd_write_ram_prepare
    lcd.o(i.lcd_clear) refers to lcd.o(.bss) for lcddev
    lcd.o(i.lcd_color_fill) refers to lcd.o(i.lcd_set_cursor) for lcd_set_cursor
    lcd.o(i.lcd_color_fill) refers to lcd.o(i.lcd_write_ram_prepare) for lcd_write_ram_prepare
    lcd.o(i.lcd_display_dir) refers to lcd.o(i.lcd_scan_dir) for lcd_scan_dir
    lcd.o(i.lcd_display_dir) refers to lcd.o(.bss) for lcddev
    lcd.o(i.lcd_display_off) refers to lcd.o(i.lcd_wr_regno) for lcd_wr_regno
    lcd.o(i.lcd_display_off) refers to lcd.o(.bss) for lcddev
[...]
    rtexit2.o(.ARM.Collect$$rtexit$$00000004) refers to usart.o(i._sys_exit) for _sys_exit
    rtexit2.o(.ARM.exidx) refers to rtexit2.o(.ARM.Collect$$rtexit$$00000001) for .ARM.Collect$$rtexit$$00000001
    rtexit2.o(.ARM.exidx) refers to rtexit2.o(.ARM.Collect$$rtexit$$00000003) for .ARM.Collect$$rtexit$$00000003
    rtexit2.o(.ARM.exidx) refers to rtexit2.o(.ARM.Collect$$rtexit$$00000004) for .ARM.Collect$$rtexit$$00000004
    argv_veneer.o(.emb_text) refers to no_argv.o(.text) for __ARM_get_argv
    _get_argv_nomalloc.o(.text) refers (Special) to hrguard.o(.text) for __heap_region$guard
    _get_argv_nomalloc.o(.text) refers to defsig_rtmem_outer.o(.text) for __rt_SIGRTMEM
    _get_argv_nomalloc.o(.text) refers to usart.o(i._sys_command_string) for _sys_command_string
    libshutdown.o(.ARM.Collect$$libshutdown$$00000000) refers (Special) to libshutdown2.o(.ARM.Collect$$libshutdown$$00000004) for __rt_lib_shutdown_cpp_1
    libshutdown.o(.ARM.Collect$$libshutdown$$00000000) refers (Special) to libshutdown2.o(.ARM.Collect$$libshutdown$$00000002) for __rt_lib_shutdown_fini_1
    libshutdown.o(.ARM.Collect$$libshutdown$$00000000) refers (Special) to libshutdown2.o(.ARM.Collect$$libshutdown$$00000009) for __rt_lib_shutdown_fp_trap_1
    libshutdown.o(.ARM.Collect$$libshutdown$$00000000) refers (Special) to libshutdown2.o(.ARM.Collect$$libshutdown$$00000011) for __rt_lib_shutdown_heap_1
    libshutdown.o(.ARM.Collect$$libshutdown$$00000000) refers (Special) to libshutdown2.o(.ARM.Collect$$libshutdown$$00000012) for __rt_lib_shutdown_return
    libshutdown.o(.ARM.Collect$$libshutdown$$00000000) refers (Special) to libshutdown2.o(.ARM.Collect$$libshutdown$$0000000C) for __rt_lib_shutdown_signal_1
    libshutdown.o(.ARM.Collect$$libshutdown$$00000000) refers (Special) to libshutdown2.o(.ARM.Collect$$libshutdown$$00000006) for __rt_lib_shutdown_stdio_1
    libshutdown.o(.ARM.Collect$$libshutdown$$00000000) refers (Special) to libshutdown2.o(.ARM.Collect$$libshutdown$$0000000E) for __rt_lib_shutdown_user_alloc_1
    defsig_rtmem_outer.o(.text) refers to defsig_rtmem_inner.o(.text) for __rt_SIGRTMEM_inner
    defsig_rtmem_outer.o(.text) refers to defsig_exit.o(.text) for __sig_exit
    defsig_rtmem_formal.o(.text) refers to rt_raise.o(.text) for __rt_raise
    rt_raise.o(.text) refers to __raise.o(.text) for __raise
    rt_raise.o(.text) refers to usart.o(i._sys_exit) for _sys_exit
    defsig_exit.o(.text) refers to usart.o(i._sys_exit) for _sys_exit
    defsig_rtmem_inner.o(.text) refers to defsig_general.o(.text) for __default_signal_display
    __raise.o(.text) refers to defsig.o(CL$$defsig) for __default_signal_handler
    defsig_general.o(.text) refers to usart.o(i._ttywrch) for _ttywrch
    defsig.o(CL$$defsig) refers to defsig_rtmem_inner.o(.text) for __rt_SIGRTMEM_inner
    defsig_abrt_inner.o(.text) refers to defsig_general.o(.text) for __default_signal_display
    defsig_fpe_inner.o(.text) refers to defsig_general.o(.text) for __default_signal_display
    defsig_rtred_inner.o(.text) refers to defsig_general.o(.text) for __default_signal_display
    defsig_stak_inner.o(.text) refers to defsig_general.o(.text) for __default_signal_display
    defsig_pvfn_inner.o(.text) refers to defsig_general.o(.text) for __default_signal_display
    defsig_cppl_inner.o(.text) refers to defsig_general.o(.text) for __default_signal_display
    defsig_segv_inner.o(.text) refers to defsig_general.o(.text) for __default_signal_display
    defsig_other.o(.text) refers to defsig_general.o(.text) for __default_signal_display


==============================================================================

Removing Unused input sections from the image.

    Removing main.o(.rev16_text), (4 bytes).
    Removing main.o(.revsh_text), (4 bytes).
    Removing main.o(.rrx_text), (6 bytes).
    Removing delay.o(.rev16_text), (4 bytes).
    Removing delay.o(.revsh_text), (4 bytes).
    Removing delay.o(.rrx_text), (6 bytes).
    Removing sys.o(.rev16_text), (4 bytes).
    Removing sys.o(.revsh_text), (4 bytes).
    Removing sys.o(.rrx_text), (6 bytes).
    Removing sys.o(i.sys_gpio_remap_set), (76 bytes).
    Removing sys.o(i.sys_intx_disable), (4 bytes).
    Removing sys.o(i.sys_intx_enable), (4 bytes).
    Removing sys.o(i.sys_msr_msp), (10 bytes).
    Removing sys.o(i.sys_nvic_ex_config), (288 bytes).
    Removing sys.o(i.sys_soft_reset), (16 bytes).
    Removing sys.o(i.sys_standby), (76 bytes).
    Removing sys.o(i.sys_wfi_set), (4 bytes).
    Removing usart.o(.rev16_text), (4 bytes).
    Removing usart.o(.revsh_text), (4 bytes).
    Removing usart.o(.rrx_text), (6 bytes).
    Removing usart.o(i._sys_command_string), (6 bytes).
    Removing usart.o(i._ttywrch), (4 bytes).
    Removing led.o(.rev16_text), (4 bytes).
    Removing led.o(.revsh_text), (4 bytes).
    Removing led.o(.rrx_text), (6 bytes).
    Removing lcd.o(.rev16_text), (4 bytes).
    Removing lcd.o(.revsh_text), (4 bytes).
    Removing lcd.o(.rrx_text), (6 bytes).
    Removing lcd.o(i.lcd_color_fill), (96 bytes).
    Removing lcd.o(i.lcd_display_off), (36 bytes).
    Removing lcd.o(i.lcd_display_on), (36 bytes).
    Removing lcd.o(i.lcd_draw_circle), (170 bytes).
    Removing lcd.o(i.lcd_draw_hline), (56 bytes).
    Removing lcd.o(i.lcd_draw_line), (172 bytes).
    Removing lcd.o(i.lcd_draw_rectangle), (74 bytes).
    Removing lcd.o(i.lcd_fill_circle), (176 bytes).
    Removing lcd.o(i.lcd_read_point), (152 bytes).
    Removing lcd.o(i.lcd_set_window), (368 bytes).
    Removing lcd.o(i.lcd_show_num), (152 bytes).
    Removing key.o(.rev16_text), (4 bytes).
    Removing key.o(.revsh_text), (4 bytes).
    Removing key.o(.rrx_text), (6 bytes).
    Removing can.o(.rev16_text), (4 bytes).
    Removing can.o(.revsh_text), (4 bytes).
    Removing can.o(.rrx_text), (6 bytes).
    Removing usmart.o(.rev16_text), (4 bytes).
    Removing usmart.o(.revsh_text), (4 bytes).
    Removing usmart.o(.rrx_text), (6 bytes).
    Removing usmart_config.o(.rev16_text), (4 bytes).
    Removing usmart_config.o(.revsh_text), (4 bytes).
    Removing usmart_config.o(.rrx_text), (6 bytes).
    Removing usmart_port.o(.rev16_text), (4 bytes).
    Removing usmart_port.o(.revsh_text), (4 bytes).
    Removing usmart_port.o(.rrx_text), (6 bytes).
    Removing usmart_str.o(.rev16_text), (4 bytes).
    Removing usmart_str.o(.revsh_text), (4 bytes).
    Removing usmart_str.o(.rrx_text), (6 bytes).

57 unused section(s) (total 2144 bytes) removed from the image.

==============================================================================

Image Symbol Table

    Local Symbols

    Symbol Name                              Value     Ov Type        Size  Object(Section)

    ../clib/angel/boardlib.s                 0x00000000   Number         0  boardinit3.o ABSOLUTE
    ../clib/angel/boardlib.s                 0x00000000   Number         0  boardinit2.o ABSOLUTE
    ../clib/angel/boardlib.s                 0x00000000   Number         0  boardinit1.o ABSOLUTE
    ../clib/angel/boardlib.s                 0x00000000   Number         0  boardshut.o ABSOLUTE
    ../clib/angel/dczerorl2.s                0x00000000   Number         0  __dczerorl2.o ABSOLUTE
    ../clib/angel/handlers.s                 0x00000000   Number         0  __scatter_zi.o ABSOLUTE
    ../clib/angel/kernel.s                   0x00000000   Number         0  rtexit2.o ABSOLUTE
    ../clib/angel/kernel.s                   0x00000000   Number         0  rtexit.o ABSOLUTE
    ../clib/angel/kernel.s                   0x00000000   Number         0  __rtentry4.o ABSOLUTE
    ../clib/angel/kernel.s                   0x00000000   Number         0  __rtentry2.o ABSOLUTE
    ../clib/angel/kernel.s                   0x00000000   Number         0  __rtentry.o ABSOLUTE
    ../clib/angel/rt.s                       0x00000000   Number         0  rt_raise.o ABSOLUTE
    ../clib/angel/scatter.s                  0x00000000   Number         0  __scatter.o ABSOLUTE
    ../clib/angel/startup.s                  0x00000000   Number         0  __main.o ABSOLUTE
    ../clib/angel/sys.s                      0x00000000   Number         0  libspace.o ABSOLUTE
    ../clib/angel/sys.s                      0x00000000   Number         0  sys_stackheap_outer.o ABSOLUTE
    ../clib/angel/sys.s                      0x00000000   Number         0  use_no_semi_2.o ABSOLUTE
    ../clib/angel/sys.s                      0x00000000   Number         0  use_no_semi.o ABSOLUTE
    ../clib/armsys.c                         0x00000000   Number         0  _get_argv_nomalloc.o ABSOLUTE
    ../clib/armsys.c                         0x00000000   Number         0  argv_veneer.o ABSOLUTE
    ../clib/armsys.c                         0x00000000   Number         0  no_argv.o ABSOLUTE
    ../clib/armsys.c                         0x00000000   Number         0  argv_veneer.o ABSOLUTE
    ../clib/heapalloc.c                      0x00000000   Number         0  hrguard.o ABSOLUTE
    ../clib/heapaux.c                        0x00000000   Number         0  heapauxi.o ABSOLUTE
    ../clib/libinit.s                        0x00000000   Number         0  libinit2.o ABSOLUTE
    ../clib/libinit.s                        0x00000000   Number         0  libinit.o ABSOLUTE
    ../clib/libinit.s                        0x00000000   Number         0  libshutdown.o ABSOLUTE
    ../clib/libinit.s                        0x00000000   Number         0  libshutdown2.o ABSOLUTE
    ../clib/misc.s                           0x00000000   Number         0  printf_stubs.o ABSOLUTE
    ../clib/printf.c                         0x00000000   Number         0  __printf_nopercent.o ABSOLUTE
    ../clib/printf.c                         0x00000000   Number         0  _printf_hex_ll.o ABSOLUTE
    ../clib/printf.c                         0x00000000   Number         0  _printf_char_file.o ABSOLUTE
    ../clib/printf.c                         0x00000000   Number         0  _printf_hex_int.o ABSOLUTE
    ../clib/printf.c                         0x00000000   Number         0  __printf_ss.o ABSOLUTE
    ../clib/printf.c                         0x00000000   Number         0  _printf_char_common.o ABSOLUTE
    ../clib/printf.c                         0x00000000   Number         0  __printf_flags.o ABSOLUTE
    ../clib/printf.c                         0x00000000   Number         0  _printf_hex_int_ll_ptr.o ABSOLUTE
    ../clib/printf.c                         0x00000000   Number         0  _printf_hex_int_ll.o ABSOLUTE
    ../clib/printf.c                         0x00000000   Number         0  _printf_hex_ptr.o ABSOLUTE
    ../clib/printf.c                         0x00000000   Number         0  _printf_hex_int_ptr.o ABSOLUTE
    ../clib/printf.c                         0x00000000   Number         0  _printf_hex_ll_ptr.o ABSOLUTE
    ../clib/printf.c                         0x00000000   Number         0  _printf_char.o ABSOLUTE
    ../clib/printf.c                         0x00000000   Number         0  _printf_intcommon.o ABSOLUTE
    ../clib/printf.c                         0x00000000   Number         0  noretval__2printf.o ABSOLUTE
    ../clib/printf.c                         0x00000000   Number         0  __2printf.o ABSOLUTE
    ../clib/printf.c                         0x00000000   Number         0  __printf_flags_ss.o ABSOLUTE
    ../clib/printf.c                         0x00000000   Number         0  __printf_flags_ss_wp.o ABSOLUTE
    ../clib/printf.c                         0x00000000   Number         0  __printf.o ABSOLUTE
    ../clib/printf.c                         0x00000000   Number         0  _printf_pad.o ABSOLUTE
    ../clib/printf.c                         0x00000000   Number         0  __printf_ss_wp.o ABSOLUTE
    ../clib/printf.c                         0x00000000   Number         0  _printf_str.o ABSOLUTE
    ../clib/printf.c                         0x00000000   Number         0  __printf_flags_wp.o ABSOLUTE
    ../clib/printf.c                         0x00000000   Number         0  _printf_dec.o ABSOLUTE
    ../clib/printf.c                         0x00000000   Number         0  __printf_wp.o ABSOLUTE
    ../clib/printf_percent.s                 0x00000000   Number         0  _printf_u.o ABSOLUTE
    ../clib/printf_percent.s                 0x00000000   Number         0  _printf_percent.o ABSOLUTE
    ../clib/printf_percent.s                 0x00000000   Number         0  _printf_c.o ABSOLUTE
    ../clib/printf_percent.s                 0x00000000   Number         0  _printf_d.o ABSOLUTE
    ../clib/printf_percent.s                 0x00000000   Number         0  _printf_s.o ABSOLUTE
    ../clib/printf_percent.s                 0x00000000   Number         0  _printf_x.o ABSOLUTE
    ../clib/printf_percent.s                 0x00000000   Number         0  _printf_percent_end.o ABSOLUTE
    ../clib/signal.c                         0x00000000   Number         0  defsig_fpe_inner.o ABSOLUTE
    ../clib/signal.c                         0x00000000   Number         0  __raise.o ABSOLUTE
    ../clib/signal.c                         0x00000000   Number         0  defsig_rtmem_inner.o ABSOLUTE
    ../clib/signal.c                         0x00000000   Number         0  defsig_segv_inner.o ABSOLUTE
    ../clib/signal.c                         0x00000000   Number         0  defsig_rtmem_formal.o ABSOLUTE
    ../clib/signal.c                         0x00000000   Number         0  defsig_rtmem_outer.o ABSOLUTE
    ../clib/signal.c                         0x00000000   Number         0  defsig_other.o ABSOLUTE
    ../clib/signal.c                         0x00000000   Number         0  defsig_cppl_inner.o ABSOLUTE
    ../clib/signal.c                         0x00000000   Number         0  defsig_pvfn_inner.o ABSOLUTE
    ../clib/signal.c                         0x00000000   Number         0  defsig_stak_inner.o ABSOLUTE
    ../clib/signal.c                         0x00000000   Number         0  defsig_rtred_inner.o ABSOLUTE
    ../clib/signal.c                         0x00000000   Number         0  defsig_exit.o ABSOLUTE
    ../clib/signal.c                         0x00000000   Number         0  defsig_abrt_inner.o ABSOLUTE
    ../clib/signal.c                         0x00000000   Number         0  defsig_general.o ABSOLUTE
    ../clib/signal.s                         0x00000000   Number         0  defsig.o ABSOLUTE
    ../clib/stdio.c                          0x00000000   Number         0  ferror_locked.o ABSOLUTE
    ../clib/stdio.c                          0x00000000   Number         0  ferror.o ABSOLUTE
    ../clib/stdlib.c                         0x00000000   Number         0  exit.o ABSOLUTE
    ../fplib/dfixu.s                         0x00000000   Number         0  dfixu.o ABSOLUTE
    ../fplib/dflt.s                          0x00000000   Number         0  dflt_clz.o ABSOLUTE
    ../fplib/dmul.s                          0x00000000   Number         0  dmul.o ABSOLUTE
    ../fplib/dnaninf.s                       0x00000000   Number         0  dnaninf.o ABSOLUTE
    ../fplib/dretinf.s                       0x00000000   Number         0  dretinf.o ABSOLUTE
    ../fplib/fpinit.s                        0x00000000   Number         0  fpinit.o ABSOLUTE
    ../fplib/usenofp.s                       0x00000000   Number         0  usenofp.o ABSOLUTE
    ..\..\Drivers\BSP\CAN\can.c              0x00000000   Number         0  can.o ABSOLUTE
    ..\..\Drivers\BSP\KEY\key.c              0x00000000   Number         0  key.o ABSOLUTE
    ..\..\Drivers\BSP\LCD\lcd.c              0x00000000   Number         0  lcd.o ABSOLUTE
    ..\..\Drivers\BSP\LED\led.c              0x00000000   Number         0  led.o ABSOLUTE
    ..\..\Drivers\CMSIS\Device\ST\STM32F1xx\Source\Templates\arm\startup_stm32f103xe.s 0x00000000   Number         0  startup_stm32f103xe.o ABSOLUTE
    ..\..\Drivers\SYSTEM\delay\delay.c       0x00000000   Number         0  delay.o ABSOLUTE
    ..\..\Drivers\SYSTEM\sys\sys.c           0x00000000   Number         0  sys.o ABSOLUTE
    ..\..\Drivers\SYSTEM\usart\usart.c       0x00000000   Number         0  usart.o ABSOLUTE
    ..\..\Middlewares\USMART\usmart.c        0x00000000   Number         0  usmart.o ABSOLUTE
    ..\..\Middlewares\USMART\usmart_config.c 0x00000000   Number         0  usmart_config.o ABSOLUTE
    ..\..\Middlewares\USMART\usmart_port.c   0x00000000   Number         0  usmart_port.o ABSOLUTE
    ..\..\Middlewares\USMART\usmart_str.c    0x00000000   Number         0  usmart_str.o ABSOLUTE
    ..\..\User\main.c                        0x00000000   Number         0  main.o ABSOLUTE
    ..\\..\\Drivers\\BSP\\CAN\\can.c         0x00000000   Number         0  can.o ABSOLUTE
    ..\\..\\Drivers\\BSP\\KEY\\key.c         0x00000000   Number         0  key.o ABSOLUTE
    ..\\..\\Drivers\\BSP\\LCD\\lcd.c         0x00000000   Number         0  lcd.o ABSOLUTE
    ..\\..\\Drivers\\BSP\\LED\\led.c         0x00000000   Number         0  led.o ABSOLUTE
    ..\\..\\Drivers\\SYSTEM\\delay\\delay.c  0x00000000   Number         0  delay.o ABSOLUTE
    ..\\..\\Drivers\\SYSTEM\\sys\\sys.c      0x00000000   Number         0  sys.o ABSOLUTE
    ..\\..\\Drivers\\SYSTEM\\usart\\usart.c  0x00000000   Number         0  usart.o ABSOLUTE
    ..\\..\\Middlewares\\USMART\\usmart.c    0x00000000   Number         0  usmart.o ABSOLUTE
    ..\\..\\Middlewares\\USMART\\usmart_config.c 0x00000000   Number         0  usmart_config.o ABSOLUTE
    ..\\..\\Middlewares\\USMART\\usmart_port.c 0x00000000   Number         0  usmart_port.o ABSOLUTE
    ..\\..\\Middlewares\\USMART\\usmart_str.c 0x00000000   Number         0  usmart_str.o ABSOLUTE
    ..\\..\\User\\main.c                     0x00000000   Number         0  main.o ABSOLUTE
    dc.s                                     0x00000000   Number         0  dc.o ABSOLUTE
    RESET                                    0x08000000   Section      304  startup_stm32f103xe.o(RESET)
    !!!main                                  0x08000130   Section        8  __main.o(!!!main)
    !!!scatter                               0x08000138   Section       52  __scatter.o(!!!scatter)
    !!dczerorl2                              0x0800016c   Section       90  __dczerorl2.o(!!dczerorl2)
    !!handler_zi                             0x080001c8   Section       28  __scatter_zi.o(!!handler_zi)
    .ARM.Collect$$_printf_percent$$00000000  0x080001e4   Section        0  _printf_percent.o(.ARM.Collect$$_printf_percent$$00000000)
    .ARM.Collect$$_printf_percent$$00000009  0x080001e4   Section        6  _printf_d.o(.ARM.Collect$$_printf_percent$$00000009)
    .ARM.Collect$$_printf_percent$$0000000A  0x080001ea   Section        6  _printf_u.o(.ARM.Collect$$_printf_percent$$0000000A)
    .ARM.Collect$$_printf_percent$$0000000C  0x080001f0   Section        6  _printf_x.o(.ARM.Collect$$_printf_percent$$0000000C)
    .ARM.Collect$$_printf_percent$$00000013  0x080001f6   Section        6  _printf_c.o(.ARM.Collect$$_printf_percent$$00000013)
    .ARM.Collect$$_printf_percent$$00000014  0x080001fc   Section        6  _printf_s.o(.ARM.Collect$$_printf_percent$$00000014)
    .ARM.Collect$$_printf_percent$$00000017  0x08000202   Section        4  _printf_percent_end.o(.ARM.Collect$$_printf_percent$$00000017)
    .ARM.Collect$$libinit$$00000000          0x08000206   Section        2  libinit.o(.ARM.Collect$$libinit$$00000000)
    .ARM.Collect$$libinit$$00000002          0x08000208   Section        0  libinit2.o(.ARM.Collect$$libinit$$00000002)
    .ARM.Collect$$libinit$$00000004          0x08000208   Section        0  libinit2.o(.ARM.Collect$$libinit$$00000004)
    .ARM.Collect$$libinit$$0000000A          0x08000208   Section        0  libinit2.o(.ARM.Collect$$libinit$$0000000A)
    .ARM.Collect$$libinit$$0000000C          0x08000208   Section        0  libinit2.o(.ARM.Collect$$libinit$$0000000C)
    .ARM.Collect$$libinit$$0000000E          0x08000208   Section        0  libinit2.o(.ARM.Collect$$libinit$$0000000E)
    .ARM.Collect$$libinit$$00000011          0x08000208   Section        0  libinit2.o(.ARM.Collect$$libinit$$00000011)
    .ARM.Collect$$libinit$$00000013          0x08000208   Section        0  libinit2.o(.ARM.Collect$$libinit$$00000013)
    .ARM.Collect$$libinit$$00000015          0x08000208   Section        0  libinit2.o(.ARM.Collect$$libinit$$00000015)
    .ARM.Collect$$libinit$$00000017          0x08000208   Section        0  libinit2.o(.ARM.Collect$$libinit$$00000017)
    .ARM.Collect$$libinit$$00000019          0x08000208   Section        0  libinit2.o(.ARM.Collect$$libinit$$00000019)
    .ARM.Collect$$libinit$$0000001B          0x08000208   Section        0  libinit2.o(.ARM.Collect$$libinit$$0000001B)
    .ARM.Collect$$libinit$$0000001D          0x08000208   Section        0  libinit2.o(.ARM.Collect$$libinit$$0000001D)
    .ARM.Collect$$libinit$$0000001F          0x08000208   Section        0  libinit2.o(.ARM.Collect$$libinit$$0000001F)
    .ARM.Collect$$libinit$$00000021          0x08000208   Section        0  libinit2.o(.ARM.Collect$$libinit$$00000021)
    .ARM.Collect$$libinit$$00000023          0x08000208   Section        0  libinit2.o(.ARM.Collect$$libinit$$00000023)
    .ARM.Collect$$libinit$$00000025          0x08000208   Section        0  libinit2.o(.ARM.Collect$$libinit$$00000025)
    .ARM.Collect$$libinit$$0000002C          0x08000208   Section        0  libinit2.o(.ARM.Collect$$libinit$$0000002C)
    .ARM.Collect$$libinit$$0000002E          0x08000208   Section        0  libinit2.o(.ARM.Collect$$libinit$$0000002E)
    .ARM.Collect$$libinit$$00000030          0x08000208   Section        0  libinit2.o(.ARM.Collect$$libinit$$00000030)
    .ARM.Collect$$libinit$$00000032          0x08000208   Section        0  libinit2.o(.ARM.Collect$$libinit$$00000032)
    .ARM.Collect$$libinit$$00000033          0x08000208   Section        2  libinit2.o(.ARM.Collect$$libinit$$00000033)
    .ARM.Collect$$libshutdown$$00000000      0x0800020a   Section        2  libshutdown.o(.ARM.Collect$$libshutdown$$00000000)
    .ARM.Collect$$libshutdown$$00000002      0x0800020c   Section        0  libshutdown2.o(.ARM.Collect$$libshutdown$$00000002)
    .ARM.Collect$$libshutdown$$00000004      0x0800020c   Section        0  libshutdown2.o(.ARM.Collect$$libshutdown$$00000004)
    .ARM.Collect$$libshutdown$$00000006      0x0800020c   Section        0  libshutdown2.o(.ARM.Collect$$libshutdown$$00000006)
    .ARM.Collect$$libshutdown$$00000009      0x0800020c   Section        0  libshutdown2.o(.ARM.Collect$$libshutdown$$00000009)
    .ARM.Collect$$libshutdown$$0000000C      0x0800020c   Section        0  libshutdown2.o(.ARM.Collect$$libshutdown$$0000000C)
    .ARM.Collect$$libshutdown$$0000000E      0x0800020c   Section        0  libshutdown2.o(.ARM.Collect$$libshutdown$$0000000E)
    .ARM.Collect$$libshutdown$$00000011      0x0800020c   Section        0  libshutdown2.o(.ARM.Collect$$libshutdown$$00000011)
    .ARM.Collect$$libshutdown$$00000012      0x0800020c   Section        2  libshutdown2.o(.ARM.Collect$$libshutdown$$00000012)
    .ARM.Collect$$rtentry$$00000000          0x0800020e   Section        0  __rtentry.o(.ARM.Collect$$rtentry$$00000000)
    .ARM.Collect$$rtentry$$00000002          0x0800020e   Section        0  __rtentry2.o(.ARM.Collect$$rtentry$$00000002)
    .ARM.Collect$$rtentry$$00000004          0x0800020e   Section        6  __rtentry4.o(.ARM.Collect$$rtentry$$00000004)
    .ARM.Collect$$rtentry$$00000009          0x08000214   Section        0  __rtentry2.o(.ARM.Collect$$rtentry$$00000009)
    .ARM.Collect$$rtentry$$0000000A          0x08000214   Section        4  __rtentry2.o(.ARM.Collect$$rtentry$$0000000A)
    .ARM.Collect$$rtentry$$0000000C          0x08000218   Section        0  __rtentry2.o(.ARM.Collect$$rtentry$$0000000C)
    .ARM.Collect$$rtentry$$0000000D          0x08000218   Section        8  __rtentry2.o(.ARM.Collect$$rtentry$$0000000D)
    .ARM.Collect$$rtexit$$00000000           0x08000220   Section        2  rtexit.o(.ARM.Collect$$rtexit$$00000000)
    .ARM.Collect$$rtexit$$00000002           0x08000222   Section        0  rtexit2.o(.ARM.Collect$$rtexit$$00000002)
    .ARM.Collect$$rtexit$$00000003           0x08000222   Section        4  rtexit2.o(.ARM.Collect$$rtexit$$00000003)
    .ARM.Collect$$rtexit$$00000004           0x08000226   Section        6  rtexit2.o(.ARM.Collect$$rtexit$$00000004)
    .text                                    0x0800022c   Section       56  startup_stm32f103xe.o(.text)
    .text                                    0x08000264   Section        2  use_no_semi_2.o(.text)
    .text                                    0x08000268   Section        0  noretval__2printf.o(.text)
    .text                                    0x08000280   Section        0  _printf_pad.o(.text)
    .text                                    0x080002ce   Section        0  _printf_str.o(.text)
    .text                                    0x08000320   Section        0  _printf_dec.o(.text)
    .text                                    0x08000398   Section        0  _printf_hex_int.o(.text)
    .text                                    0x080003f0   Section        0  __printf_flags_ss_wp.o(.text)
    .text                                    0x08000578   Section        0  heapauxi.o(.text)
    .text                                    0x0800057e   Section        2  use_no_semi.o(.text)
    .text                                    0x08000580   Section        0  _printf_intcommon.o(.text)
    .text                                    0x08000632   Section        0  _printf_char.o(.text)
    .text                                    0x08000660   Section        0  _printf_char_file.o(.text)
    .text                                    0x08000684   Section        0  _printf_char_common.o(.text)
    _printf_input_char                       0x08000685   Thumb Code    10  _printf_char_common.o(.text)
    .text                                    0x080006b4   Section        0  ferror.o(.text)
    .text                                    0x080006bc   Section       74  sys_stackheap_outer.o(.text)
    .text                                    0x08000706   Section        0  exit.o(.text)
    .text                                    0x08000718   Section        8  libspace.o(.text)
    i.TIM4_IRQHandler                        0x08000720   Section        0  usmart_port.o(i.TIM4_IRQHandler)
    i.USART1_IRQHandler                      0x0800075c   Section        0  usart.o(i.USART1_IRQHandler)
    i._is_digit                              0x080007e0   Section        0  __printf_wp.o(i._is_digit)
    i._sys_exit                              0x080007ee   Section        0  usart.o(i._sys_exit)
    i.can_init                               0x080007f4   Section        0  can.o(i.can_init)
    i.can_pend_msg                           0x080009c0   Section        0  can.o(i.can_pend_msg)
    can_pend_msg                             0x080009c1   Thumb Code    26  can.o(i.can_pend_msg)
    i.can_receive_msg                        0x080009e0   Section        0  can.o(i.can_receive_msg)
    i.can_rx_msg                             0x08000a28   Section        0  can.o(i.can_rx_msg)
    can_rx_msg                               0x08000a29   Thumb Code   204  can.o(i.can_rx_msg)
    i.can_send_msg                           0x08000afc   Section        0  can.o(i.can_send_msg)
    i.can_tx_msg                             0x08000b44   Section        0  can.o(i.can_tx_msg)
    can_tx_msg                               0x08000b45   Thumb Code   260  can.o(i.can_tx_msg)
    i.can_tx_status                          0x08000c50   Section        0  can.o(i.can_tx_status)
    can_tx_status                            0x08000c51   Thumb Code   126  can.o(i.can_tx_status)
    i.delay_init                             0x08000cd4   Section        0  delay.o(i.delay_init)
    i.delay_ms                               0x08000d00   Section        0  delay.o(i.delay_ms)
    i.delay_us                               0x08000d14   Section        0  delay.o(i.delay_us)
    i.fputc                                  0x08000d5c   Section        0  usart.o(i.fputc)
    i.key_init                               0x08000d78   Section        0  key.o(i.key_init)
    i.key_scan                               0x08000e0c   Section        0  key.o(i.key_scan)
    i.lcd_clear                              0x08000ed0   Section        0  lcd.o(i.lcd_clear)
    i.lcd_display_dir                        0x08000f04   Section        0  lcd.o(i.lcd_display_dir)
    i.lcd_draw_point                         0x08001070   Section        0  lcd.o(i.lcd_draw_point)
    i.lcd_ex_ili9341_reginit                 0x08001090   Section        0  lcd.o(i.lcd_ex_ili9341_reginit)
    i.lcd_ex_ili9806_reginit                 0x080012bc   Section        0  lcd.o(i.lcd_ex_ili9806_reginit)
    i.lcd_ex_nt35310_reginit                 0x080015fc   Section        0  lcd.o(i.lcd_ex_nt35310_reginit)
    i.lcd_ex_nt35510_reginit                 0x080024ee   Section        0  lcd.o(i.lcd_ex_nt35510_reginit)
    i.lcd_ex_ssd1963_reginit                 0x0800345c   Section        0  lcd.o(i.lcd_ex_ssd1963_reginit)
    i.lcd_ex_st7789_reginit                  0x080035ca   Section        0  lcd.o(i.lcd_ex_st7789_reginit)
    i.lcd_ex_st7796_reginit                  0x08003772   Section        0  lcd.o(i.lcd_ex_st7796_reginit)
    i.lcd_fill                               0x08003938   Section        0  lcd.o(i.lcd_fill)
    i.lcd_init                               0x0800398c   Section        0  lcd.o(i.lcd_init)
    i.lcd_opt_delay                          0x08003e18   Section        0  lcd.o(i.lcd_opt_delay)
    lcd_opt_delay                            0x08003e19   Thumb Code    12  lcd.o(i.lcd_opt_delay)
    i.lcd_pow                                0x08003e24   Section        0  lcd.o(i.lcd_pow)
    lcd_pow                                  0x08003e25   Thumb Code    22  lcd.o(i.lcd_pow)
    i.lcd_rd_data                            0x08003e3c   Section        0  lcd.o(i.lcd_rd_data)
    lcd_rd_data                              0x08003e3d   Thumb Code    20  lcd.o(i.lcd_rd_data)
    i.lcd_scan_dir                           0x08003e54   Section        0  lcd.o(i.lcd_scan_dir)
    i.lcd_set_cursor                         0x08004090   Section        0  lcd.o(i.lcd_set_cursor)
    i.lcd_show_char                          0x080041b0   Section        0  lcd.o(i.lcd_show_char)
    i.lcd_show_string                        0x080042f0   Section        0  lcd.o(i.lcd_show_string)
    i.lcd_show_xnum                          0x0800435a   Section        0  lcd.o(i.lcd_show_xnum)
    i.lcd_ssd_backlight_set                  0x08004420   Section        0  lcd.o(i.lcd_ssd_backlight_set)
    i.lcd_wr_data                            0x08004474   Section        0  lcd.o(i.lcd_wr_data)
    i.lcd_wr_regno                           0x0800448c   Section        0  lcd.o(i.lcd_wr_regno)
    i.lcd_write_ram_prepare                  0x080044a4   Section        0  lcd.o(i.lcd_write_ram_prepare)
    i.lcd_write_reg                          0x080044b8   Section        0  lcd.o(i.lcd_write_reg)
    i.led_init                               0x080044c8   Section        0  led.o(i.led_init)
    i.main                                   0x08004530   Section        0  main.o(i.main)
    i.read_addr                              0x0800489c   Section        0  usmart.o(i.read_addr)
    i.sys_clock_set                          0x080048a4   Section        0  sys.o(i.sys_clock_set)
    i.sys_gpio_pin_get                       0x08004950   Section        0  sys.o(i.sys_gpio_pin_get)
    i.sys_gpio_pin_set                       0x08004960   Section        0  sys.o(i.sys_gpio_pin_set)
    i.sys_gpio_set                           0x08004978   Section        0  sys.o(i.sys_gpio_set)
    i.sys_nvic_init                          0x08004a64   Section        0  sys.o(i.sys_nvic_init)
    i.sys_nvic_priority_group_config         0x08004adc   Section        0  sys.o(i.sys_nvic_priority_group_config)
    sys_nvic_priority_group_config           0x08004add   Thumb Code    32  sys.o(i.sys_nvic_priority_group_config)
    i.sys_nvic_set_vector_table              0x08004b04   Section        0  sys.o(i.sys_nvic_set_vector_table)
    i.sys_stm32_clock_init                   0x08004b14   Section        0  sys.o(i.sys_stm32_clock_init)
    i.usart_init                             0x08004b84   Section        0  usart.o(i.usart_init)
    i.usmart_cmd_rec                         0x08004c48   Section        0  usmart.o(i.usmart_cmd_rec)
    i.usmart_exe                             0x08004cf8   Section        0  usmart.o(i.usmart_exe)
    i.usmart_get_aparm                       0x08004fcc   Section        0  usmart_str.o(i.usmart_get_aparm)
    i.usmart_get_cmdname                     0x080050a0   Section        0  usmart_str.o(i.usmart_get_cmdname)
    i.usmart_get_fname                       0x080050d8   Section        0  usmart_str.o(i.usmart_get_fname)
    i.usmart_get_fparam                      0x08005298   Section        0  usmart_str.o(i.usmart_get_fparam)
    i.usmart_get_input_string                0x080053a4   Section        0  usmart_port.o(i.usmart_get_input_string)
    i.usmart_get_parmpos                     0x080053cc   Section        0  usmart_str.o(i.usmart_get_parmpos)
    i.usmart_init                            0x080053ec   Section        0  usmart.o(i.usmart_init)
    i.usmart_pow                             0x08005404   Section        0  usmart_str.o(i.usmart_pow)
    i.usmart_scan                            0x0800541c   Section        0  usmart.o(i.usmart_scan)
    i.usmart_search_nextc                    0x080054c4   Section        0  usmart_str.o(i.usmart_search_nextc)
    i.usmart_str2num                         0x080054da   Section        0  usmart_str.o(i.usmart_str2num)
    i.usmart_strcmp                          0x080055e0   Section        0  usmart_str.o(i.usmart_strcmp)
    i.usmart_strcopy                         0x08005602   Section        0  usmart_str.o(i.usmart_strcopy)
    i.usmart_strlen                          0x08005618   Section        0  usmart_str.o(i.usmart_strlen)
    i.usmart_sys_cmd_exe                     0x08005630   Section        0  usmart.o(i.usmart_sys_cmd_exe)
    i.usmart_timx_get_time                   0x08005d24   Section        0  usmart_port.o(i.usmart_timx_get_time)
    i.usmart_timx_init                       0x08005d64   Section        0  usmart_port.o(i.usmart_timx_init)
    i.usmart_timx_reset_time                 0x08005dcc   Section        0  usmart_port.o(i.usmart_timx_reset_time)
    i.write_addr                             0x08005dfc   Section        0  usmart.o(i.write_addr)
    x$fpl$dfixu                              0x08005e00   Section       90  dfixu.o(x$fpl$dfixu)
    x$fpl$dfltu                              0x08005e5a   Section       38  dflt_clz.o(x$fpl$dfltu)
    x$fpl$dmul                               0x08005e80   Section      340  dmul.o(x$fpl$dmul)
    x$fpl$dnaninf                            0x08005fd4   Section      156  dnaninf.o(x$fpl$dnaninf)
    x$fpl$dretinf                            0x08006070   Section       12  dretinf.o(x$fpl$dretinf)
    .constdata                               0x0800607c   Section    12160  lcd.o(.constdata)
    x$fpl$usenofp                            0x0800607c   Section        0  usenofp.o(x$fpl$usenofp)
    .constdata                               0x08008ffc   Section       40  _printf_hex_int.o(.constdata)
    uc_hextab                                0x08008ffc   Data          20  _printf_hex_int.o(.constdata)
    lc_hextab                                0x08009010   Data          20  _printf_hex_int.o(.constdata)
    .constdata                               0x08009024   Section       17  __printf_flags_ss_wp.o(.constdata)
    maptable                                 0x08009024   Data          17  __printf_flags_ss_wp.o(.constdata)
    .conststring                             0x08009038   Section       40  usmart.o(.conststring)
    .conststring                             0x08009060   Section      200  usmart_config.o(.conststring)
    .data                                    0x20000000   Section        4  delay.o(.data)
    g_fac_us                                 0x20000000   Data           4  delay.o(.data)
    .data                                    0x20000004   Section        6  usart.o(.data)
    .data                                    0x2000000c   Section        8  lcd.o(.data)
    .data                                    0x20000014   Section        1  key.o(.data)
    key_up                                   0x20000014   Data           1  key.o(.data)
    .data                                    0x20000018   Section       28  usmart.o(.data)
    .data                                    0x20000034   Section      284  usmart_config.o(.data)
    .bss                                     0x20000150   Section      200  usart.o(.bss)
    .bss                                     0x20000218   Section       14  lcd.o(.bss)
    .bss                                     0x20000228   Section       96  libspace.o(.bss)
    HEAP                                     0x20000288   Section      512  startup_stm32f103xe.o(HEAP)
    Heap_Mem                                 0x20000288   Data         512  startup_stm32f103xe.o(HEAP)
    STACK                                    0x20000488   Section     1024  startup_stm32f103xe.o(STACK)
    Stack_Mem                                0x20000488   Data        1024  startup_stm32f103xe.o(STACK)
    __initial_sp                             0x20000888   Data           0  startup_stm32f103xe.o(STACK)

    Global Symbols

    Symbol Name                              Value     Ov Type        Size  Object(Section)

    BuildAttributes$$THM_ISAv4$P$D$K$B$S$PE$A:L22UL41UL21$X:L11$S22US41US21$IEEE1$IW$USESV6$~STKCKD$USESV7$~SHL$OSPACE$ROPI$EBA8$UX$STANDARDLIB$REQ8$PRES8$EABIv2 0x00000000   Number         0  anon$$obj.o ABSOLUTE
    __ARM_use_no_argv                        0x00000000   Number         0  main.o ABSOLUTE
    _printf_flags                            0x00000000   Number         0  printf_stubs.o ABSOLUTE
    _printf_return_value                     0x00000000   Number         0  printf_stubs.o ABSOLUTE
    _printf_sizespec                         0x00000000   Number         0  printf_stubs.o ABSOLUTE
    _printf_widthprec                        0x00000000   Number         0  printf_stubs.o ABSOLUTE
    __ARM_exceptions_init                     - Undefined Weak Reference
    __alloca_initialize                       - Undefined Weak Reference
    __arm_fini_                               - Undefined Weak Reference
    __arm_preinit_                            - Undefined Weak Reference
    __cpp_initialize__aeabi_                  - Undefined Weak Reference
    __cxa_finalize                            - Undefined Weak Reference
    __rt_locale                               - Undefined Weak Reference
    __sigvec_lookup                           - Undefined Weak Reference
    _atexit_init                              - Undefined Weak Reference
    _call_atexit_fns                          - Undefined Weak Reference
    _clock_init                               - Undefined Weak Reference
    _fp_trap_init                             - Undefined Weak Reference
    _fp_trap_shutdown                         - Undefined Weak Reference
    _get_lc_collate                           - Undefined Weak Reference
    _get_lc_ctype                             - Undefined Weak Reference
    _get_lc_monetary                          - Undefined Weak Reference
    _get_lc_numeric                           - Undefined Weak Reference
    _get_lc_time                              - Undefined Weak Reference
    _getenv_init                              - Undefined Weak Reference
    _handle_redirection                       - Undefined Weak Reference
    _init_alloc                               - Undefined Weak Reference
    _init_user_alloc                          - Undefined Weak Reference
    _initio                                   - Undefined Weak Reference
    _mutex_acquire                            - Undefined Weak Reference
    _mutex_release                            - Undefined Weak Reference
    _printf_mbtowc                            - Undefined Weak Reference
    _printf_truncate_signed                   - Undefined Weak Reference
    _printf_truncate_unsigned                 - Undefined Weak Reference
    _rand_init                                - Undefined Weak Reference
    _signal_finish                            - Undefined Weak Reference
    _signal_init                              - Undefined Weak Reference
    _terminate_alloc                          - Undefined Weak Reference
    _terminate_user_alloc                     - Undefined Weak Reference
    _terminateio                              - Undefined Weak Reference
    __Vectors_Size                           0x00000130   Number         0  startup_stm32f103xe.o ABSOLUTE
    __Vectors                                0x08000000   Data           4  startup_stm32f103xe.o(RESET)
    __Vectors_End                            0x08000130   Data           0  startup_stm32f103xe.o(RESET)
    __main                                   0x08000131   Thumb Code     8  __main.o(!!!main)
    __scatterload                            0x08000139   Thumb Code     0  __scatter.o(!!!scatter)
    __scatterload_rt2                        0x08000139   Thumb Code    44  __scatter.o(!!!scatter)
    __scatterload_rt2_thumb_only             0x08000139   Thumb Code     0  __scatter.o(!!!scatter)
    __scatterload_null                       0x08000147   Thumb Code     0  __scatter.o(!!!scatter)
    __decompress                             0x0800016d   Thumb Code    90  __dczerorl2.o(!!dczerorl2)
    __decompress1                            0x0800016d   Thumb Code     0  __dczerorl2.o(!!dczerorl2)
    __scatterload_zeroinit                   0x080001c9   Thumb Code    28  __scatter_zi.o(!!handler_zi)
    _printf_d                                0x080001e5   Thumb Code     0  _printf_d.o(.ARM.Collect$$_printf_percent$$00000009)
    _printf_percent                          0x080001e5   Thumb Code     0  _printf_percent.o(.ARM.Collect$$_printf_percent$$00000000)
    _printf_u                                0x080001eb   Thumb Code     0  _printf_u.o(.ARM.Collect$$_printf_percent$$0000000A)
    _printf_x                                0x080001f1   Thumb Code     0  _printf_x.o(.ARM.Collect$$_printf_percent$$0000000C)
    _printf_c                                0x080001f7   Thumb Code     0  _printf_c.o(.ARM.Collect$$_printf_percent$$00000013)
    _printf_s                                0x080001fd   Thumb Code     0  _printf_s.o(.ARM.Collect$$_printf_percent$$00000014)
    _printf_percent_end                      0x08000203   Thumb Code     0  _printf_percent_end.o(.ARM.Collect$$_printf_percent$$00000017)
    __rt_lib_init                            0x08000207   Thumb Code     0  libinit.o(.ARM.Collect$$libinit$$00000000)
    __rt_lib_init_alloca_1                   0x08000209   Thumb Code     0  libinit2.o(.ARM.Collect$$libinit$$0000002E)
    __rt_lib_init_argv_1                     0x08000209   Thumb Code     0  libinit2.o(.ARM.Collect$$libinit$$0000002C)
    __rt_lib_init_atexit_1                   0x08000209   Thumb Code     0  libinit2.o(.ARM.Collect$$libinit$$0000001B)
    __rt_lib_init_clock_1                    0x08000209   Thumb Code     0  libinit2.o(.ARM.Collect$$libinit$$00000021)
    __rt_lib_init_cpp_1                      0x08000209   Thumb Code     0  libinit2.o(.ARM.Collect$$libinit$$00000032)
    __rt_lib_init_exceptions_1               0x08000209   Thumb Code     0  libinit2.o(.ARM.Collect$$libinit$$00000030)
    __rt_lib_init_fp_1                       0x08000209   Thumb Code     0  libinit2.o(.ARM.Collect$$libinit$$00000002)
    __rt_lib_init_fp_trap_1                  0x08000209   Thumb Code     0  libinit2.o(.ARM.Collect$$libinit$$0000001F)
    __rt_lib_init_getenv_1                   0x08000209   Thumb Code     0  libinit2.o(.ARM.Collect$$libinit$$00000023)
    __rt_lib_init_heap_1                     0x08000209   Thumb Code     0  libinit2.o(.ARM.Collect$$libinit$$0000000A)
    __rt_lib_init_lc_collate_1               0x08000209   Thumb Code     0  libinit2.o(.ARM.Collect$$libinit$$00000011)
    __rt_lib_init_lc_ctype_1                 0x08000209   Thumb Code     0  libinit2.o(.ARM.Collect$$libinit$$00000013)
    __rt_lib_init_lc_monetary_1              0x08000209   Thumb Code     0  libinit2.o(.ARM.Collect$$libinit$$00000015)
    __rt_lib_init_lc_numeric_1               0x08000209   Thumb Code     0  libinit2.o(.ARM.Collect$$libinit$$00000017)
    __rt_lib_init_lc_time_1                  0x08000209   Thumb Code     0  libinit2.o(.ARM.Collect$$libinit$$00000019)
    __rt_lib_init_preinit_1                  0x08000209   Thumb Code     0  libinit2.o(.ARM.Collect$$libinit$$00000004)
    __rt_lib_init_rand_1                     0x08000209   Thumb Code     0  libinit2.o(.ARM.Collect$$libinit$$0000000E)
    __rt_lib_init_return                     0x08000209   Thumb Code     0  libinit2.o(.ARM.Collect$$libinit$$00000033)
    __rt_lib_init_signal_1                   0x08000209   Thumb Code     0  libinit2.o(.ARM.Collect$$libinit$$0000001D)
    __rt_lib_init_stdio_1                    0x08000209   Thumb Code     0  libinit2.o(.ARM.Collect$$libinit$$00000025)
    __rt_lib_init_user_alloc_1               0x08000209   Thumb Code     0  libinit2.o(.ARM.Collect$$libinit$$0000000C)
    __rt_lib_shutdown                        0x0800020b   Thumb Code     0  libshutdown.o(.ARM.Collect$$libshutdown$$00000000)
    __rt_lib_shutdown_cpp_1                  0x0800020d   Thumb Code     0  libshutdown2.o(.ARM.Collect$$libshutdown$$00000004)
    __rt_lib_shutdown_fini_1                 0x0800020d   Thumb Code     0  libshutdown2.o(.ARM.Collect$$libshutdown$$00000002)
    __rt_lib_shutdown_fp_trap_1              0x0800020d   Thumb Code     0  libshutdown2.o(.ARM.Collect$$libshutdown$$00000009)
    __rt_lib_shutdown_heap_1                 0x0800020d   Thumb Code     0  libshutdown2.o(.ARM.Collect$$libshutdown$$00000011)
    __rt_lib_shutdown_return                 0x0800020d   Thumb Code     0  libshutdown2.o(.ARM.Collect$$libshutdown$$00000012)
    __rt_lib_shutdown_signal_1               0x0800020d   Thumb Code     0  libshutdown2.o(.ARM.Collect$$libshutdown$$0000000C)
    __rt_lib_shutdown_stdio_1                0x0800020d   Thumb Code     0  libshutdown2.o(.ARM.Collect$$libshutdown$$00000006)
    __rt_lib_shutdown_user_alloc_1           0x0800020d   Thumb Code     0  libshutdown2.o(.ARM.Collect$$libshutdown$$0000000E)
    __rt_entry                               0x0800020f   Thumb Code     0  __rtentry.o(.ARM.Collect$$rtentry$$00000000)
    __rt_entry_presh_1                       0x0800020f   Thumb Code     0  __rtentry2.o(.ARM.Collect$$rtentry$$00000002)
    __rt_entry_sh                            0x0800020f   Thumb Code     0  __rtentry4.o(.ARM.Collect$$rtentry$$00000004)
    __rt_entry_li                            0x08000215   Thumb Code     0  __rtentry2.o(.ARM.Collect$$rtentry$$0000000A)
    __rt_entry_postsh_1                      0x08000215   Thumb Code     0  __rtentry2.o(.ARM.Collect$$rtentry$$00000009)
    __rt_entry_main                          0x08000219   Thumb Code     0  __rtentry2.o(.ARM.Collect$$rtentry$$0000000D)
    __rt_entry_postli_1                      0x08000219   Thumb Code     0  __rtentry2.o(.ARM.Collect$$rtentry$$0000000C)
    __rt_exit                                0x08000221   Thumb Code     0  rtexit.o(.ARM.Collect$$rtexit$$00000000)
    __rt_exit_ls                             0x08000223   Thumb Code     0  rtexit2.o(.ARM.Collect$$rtexit$$00000003)
    __rt_exit_prels_1                        0x08000223   Thumb Code     0  rtexit2.o(.ARM.Collect$$rtexit$$00000002)
    __rt_exit_exit                           0x08000227   Thumb Code     0  rtexit2.o(.ARM.Collect$$rtexit$$00000004)
    Reset_Handler                            0x0800022d   Thumb Code     4  startup_stm32f103xe.o(.text)
    NMI_Handler                              0x08000231   Thumb Code     2  startup_stm32f103xe.o(.text)
    HardFault_Handler                        0x08000233   Thumb Code     2  startup_stm32f103xe.o(.text)
    MemManage_Handler                        0x08000235   Thumb Code     2  startup_stm32f103xe.o(.text)
    BusFault_Handler                         0x08000237   Thumb Code     2  startup_stm32f103xe.o(.text)
    UsageFault_Handler                       0x08000239   Thumb Code     2  startup_stm32f103xe.o(.text)
    SVC_Handler                              0x0800023b   Thumb Code     2  startup_stm32f103xe.o(.text)
    DebugMon_Handler                         0x0800023d   Thumb Code     2  startup_stm32f103xe.o(.text)
    PendSV_Handler                           0x0800023f   Thumb Code     2  startup_stm32f103xe.o(.text)
    SysTick_Handler                          0x08000241   Thumb Code     2  startup_stm32f103xe.o(.text)
    ADC1_2_IRQHandler                        0x08000243   Thumb Code     0  startup_stm32f103xe.o(.text)
    ADC3_IRQHandler                          0x08000243   Thumb Code     0  startup_stm32f103xe.o(.text)
    CAN1_RX1_IRQHandler                      0x08000243   Thumb Code     0  startup_stm32f103xe.o(.text)
    CAN1_SCE_IRQHandler                      0x08000243   Thumb Code     0  startup_stm32f103xe.o(.text)
    DMA1_Channel1_IRQHandler                 0x08000243   Thumb Code     0  startup_stm32f103xe.o(.text)
    DMA1_Channel2_IRQHandler                 0x08000243   Thumb Code     0  startup_stm32f103xe.o(.text)
    DMA1_Channel3_IRQHandler                 0x08000243   Thumb Code     0  startup_stm32f103xe.o(.text)
    DMA1_Channel4_IRQHandler                 0x08000243   Thumb Code     0  startup_stm32f103xe.o(.text)
    DMA1_Channel5_IRQHandler                 0x08000243   Thumb Code     0  startup_stm32f103xe.o(.text)
    DMA1_Channel6_IRQHandler                 0x08000243   Thumb Code     0  startup_stm32f103xe.o(.text)
    DMA1_Channel7_IRQHandler                 0x08000243   Thumb Code     0  startup_stm32f103xe.o(.text)
    DMA2_Channel1_IRQHandler                 0x08000243   Thumb Code     0  startup_stm32f103xe.o(.text)
    DMA2_Channel2_IRQHandler                 0x08000243   Thumb Code     0  startup_stm32f103xe.o(.text)
    DMA2_Channel3_IRQHandler                 0x08000243   Thumb Code     0  startup_stm32f103xe.o(.text)
    DMA2_Channel4_5_IRQHandler               0x08000243   Thumb Code     0  startup_stm32f103xe.o(.text)
    EXTI0_IRQHandler                         0x08000243   Thumb Code     0  startup_stm32f103xe.o(.text)
    EXTI15_10_IRQHandler                     0x08000243   Thumb Code     0  startup_stm32f103xe.o(.text)
    EXTI1_IRQHandler                         0x08000243   Thumb Code     0  startup_stm32f103xe.o(.text)
    EXTI2_IRQHandler                         0x08000243   Thumb Code     0  startup_stm32f103xe.o(.text)
    EXTI3_IRQHandler                         0x08000243   Thumb Code     0  startup_stm32f103xe.o(.text)
    EXTI4_IRQHandler                         0x08000243   Thumb Code     0  startup_stm32f103xe.o(.text)
    EXTI9_5_IRQHandler                       0x08000243   Thumb Code     0  startup_stm32f103xe.o(.text)
    FLASH_IRQHandler                         0x08000243   Thumb Code     0  startup_stm32f103xe.o(.text)
    FSMC_IRQHandler                          0x08000243   Thumb Code     0  startup_stm32f103xe.o(.text)
    I2C1_ER_IRQHandler                       0x08000243   Thumb Code     0  startup_stm32f103xe.o(.text)
    I2C1_EV_IRQHandler                       0x08000243   Thumb Code     0  startup_stm32f103xe.o(.text)
    I2C2_ER_IRQHandler                       0x08000243   Thumb Code     0  startup_stm32f103xe.o(.text)
    I2C2_EV_IRQHandler                       0x08000243   Thumb Code     0  startup_stm32f103xe.o(.text)
    PVD_IRQHandler                           0x08000243   Thumb Code     0  startup_stm32f103xe.o(.text)
    RCC_IRQHandler                           0x08000243   Thumb Code     0  startup_stm32f103xe.o(.text)
    RTC_Alarm_IRQHandler                     0x08000243   Thumb Code     0  startup_stm32f103xe.o(.text)
    RTC_IRQHandler                           0x08000243   Thumb Code     0  startup_stm32f103xe.o(.text)
    SDIO_IRQHandler                          0x08000243   Thumb Code     0  startup_stm32f103xe.o(.text)
    SPI1_IRQHandler                          0x08000243   Thumb Code     0  startup_stm32f103xe.o(.text)
    SPI2_IRQHandler                          0x08000243   Thumb Code     0  startup_stm32f103xe.o(.text)
    SPI3_IRQHandler                          0x08000243   Thumb Code     0  startup_stm32f103xe.o(.text)
    TAMPER_IRQHandler                        0x08000243   Thumb Code     0  startup_stm32f103xe.o(.text)
    TIM1_BRK_IRQHandler                      0x08000243   Thumb Code     0  startup_stm32f103xe.o(.text)
    TIM1_CC_IRQHandler                       0x08000243   Thumb Code     0  startup_stm32f103xe.o(.text)
    TIM1_TRG_COM_IRQHandler                  0x08000243   Thumb Code     0  startup_stm32f103xe.o(.text)
    TIM1_UP_IRQHandler                       0x08000243   Thumb Code     0  startup_stm32f103xe.o(.text)
    TIM2_IRQHandler                          0x08000243   Thumb Code     0  startup_stm32f103xe.o(.text)
    TIM3_IRQHandler                          0x08000243   Thumb Code     0  startup_stm32f103xe.o(.text)
    TIM5_IRQHandler                          0x08000243   Thumb Code     0  startup_stm32f103xe.o(.text)
    TIM6_IRQHandler                          0x08000243   Thumb Code     0  startup_stm32f103xe.o(.text)
    TIM7_IRQHandler                          0x08000243   Thumb Code     0  startup_stm32f103xe.o(.text)
    TIM8_BRK_IRQHandler                      0x08000243   Thumb Code     0  startup_stm32f103xe.o(.text)
    TIM8_CC_IRQHandler                       0x08000243   Thumb Code     0  startup_stm32f103xe.o(.text)
    TIM8_TRG_COM_IRQHandler                  0x08000243   Thumb Code     0  startup_stm32f103xe.o(.text)
    TIM8_UP_IRQHandler                       0x08000243   Thumb Code     0  startup_stm32f103xe.o(.text)
    UART4_IRQHandler                         0x08000243   Thumb Code     0  startup_stm32f103xe.o(.text)
    UART5_IRQHandler                         0x08000243   Thumb Code     0  startup_stm32f103xe.o(.text)
    USART2_IRQHandler                        0x08000243   Thumb Code     0  startup_stm32f103xe.o(.text)
    USART3_IRQHandler                        0x08000243   Thumb Code     0  startup_stm32f103xe.o(.text)
    USBWakeUp_IRQHandler                     0x08000243   Thumb Code     0  startup_stm32f103xe.o(.text)
    USB_HP_CAN1_TX_IRQHandler                0x08000243   Thumb Code     0  startup_stm32f103xe.o(.text)
    USB_LP_CAN1_RX0_IRQHandler               0x08000243   Thumb Code     0  startup_stm32f103xe.o(.text)
    WWDG_IRQHandler                          0x08000243   Thumb Code     0  startup_stm32f103xe.o(.text)
    __user_initial_stackheap                 0x08000245   Thumb Code     0  startup_stm32f103xe.o(.text)
    __use_no_semihosting                     0x08000265   Thumb Code     2  use_no_semi_2.o(.text)
    __2printf                                0x08000269   Thumb Code    20  noretval__2printf.o(.text)
    _printf_pre_padding                      0x08000281   Thumb Code    44  _printf_pad.o(.text)
    _printf_post_padding                     0x080002ad   Thumb Code    34  _printf_pad.o(.text)
    _printf_str                              0x080002cf   Thumb Code    82  _printf_str.o(.text)
    _printf_int_dec                          0x08000321   Thumb Code   104  _printf_dec.o(.text)
    _printf_int_hex                          0x08000399   Thumb Code    84  _printf_hex_int.o(.text)
    _printf_longlong_hex                     0x08000399   Thumb Code     0  _printf_hex_int.o(.text)
    __printf                                 0x080003f1   Thumb Code   388  __printf_flags_ss_wp.o(.text)
    __use_two_region_memory                  0x08000579   Thumb Code     2  heapauxi.o(.text)
    __rt_heap_escrow$2region                 0x0800057b   Thumb Code     2  heapauxi.o(.text)
    __rt_heap_expand$2region                 0x0800057d   Thumb Code     2  heapauxi.o(.text)
    __semihosting$guard                      0x0800057f   Thumb Code     0  use_no_semi.o(.text)
    __use_no_semihosting_swi                 0x0800057f   Thumb Code     2  use_no_semi.o(.text)
    _printf_int_common                       0x08000581   Thumb Code   178  _printf_intcommon.o(.text)
    _printf_cs_common                        0x08000633   Thumb Code    20  _printf_char.o(.text)
    _printf_char                             0x08000647   Thumb Code    16  _printf_char.o(.text)
    _printf_string                           0x08000657   Thumb Code     8  _printf_char.o(.text)
    _printf_char_file                        0x08000661   Thumb Code    32  _printf_char_file.o(.text)
    _printf_char_common                      0x0800068f   Thumb Code    32  _printf_char_common.o(.text)
    ferror                                   0x080006b5   Thumb Code     8  ferror.o(.text)
    __user_setup_stackheap                   0x080006bd   Thumb Code    74  sys_stackheap_outer.o(.text)
    exit                                     0x08000707   Thumb Code    18  exit.o(.text)
    __user_libspace                          0x08000719   Thumb Code     8  libspace.o(.text)
    __user_perproc_libspace                  0x08000719   Thumb Code     0  libspace.o(.text)
    __user_perthread_libspace                0x08000719   Thumb Code     0  libspace.o(.text)
    TIM4_IRQHandler                          0x08000721   Thumb Code    50  usmart_port.o(i.TIM4_IRQHandler)
    USART1_IRQHandler                        0x0800075d   Thumb Code   118  usart.o(i.USART1_IRQHandler)
    _is_digit                                0x080007e1   Thumb Code    14  __printf_wp.o(i._is_digit)
    _sys_exit                                0x080007ef   Thumb Code     4  usart.o(i._sys_exit)
    can_init                                 0x080007f5   Thumb Code   442  can.o(i.can_init)
    can_receive_msg                          0x080009e1   Thumb Code    72  can.o(i.can_receive_msg)
    can_send_msg                             0x08000afd   Thumb Code    70  can.o(i.can_send_msg)
    delay_init                               0x08000cd5   Thumb Code    38  delay.o(i.delay_init)
    delay_ms                                 0x08000d01   Thumb Code    18  delay.o(i.delay_ms)
    delay_us                                 0x08000d15   Thumb Code    68  delay.o(i.delay_us)
    fputc                                    0x08000d5d   Thumb Code    24  usart.o(i.fputc)
    key_init                                 0x08000d79   Thumb Code   134  key.o(i.key_init)
    key_scan                                 0x08000e0d   Thumb Code   184  key.o(i.key_scan)
    lcd_clear                                0x08000ed1   Thumb Code    42  lcd.o(i.lcd_clear)
    lcd_display_dir                          0x08000f05   Thumb Code   360  lcd.o(i.lcd_display_dir)
    lcd_draw_point                           0x08001071   Thumb Code    26  lcd.o(i.lcd_draw_point)
    lcd_ex_ili9341_reginit                   0x08001091   Thumb Code   556  lcd.o(i.lcd_ex_ili9341_reginit)
    lcd_ex_ili9806_reginit                   0x080012bd   Thumb Code   832  lcd.o(i.lcd_ex_ili9806_reginit)
    lcd_ex_nt35310_reginit                   0x080015fd   Thumb Code  3826  lcd.o(i.lcd_ex_nt35310_reginit)
    lcd_ex_nt35510_reginit                   0x080024ef   Thumb Code  3950  lcd.o(i.lcd_ex_nt35510_reginit)
    lcd_ex_ssd1963_reginit                   0x0800345d   Thumb Code   366  lcd.o(i.lcd_ex_ssd1963_reginit)
    lcd_ex_st7789_reginit                    0x080035cb   Thumb Code   424  lcd.o(i.lcd_ex_st7789_reginit)
    lcd_ex_st7796_reginit                    0x08003773   Thumb Code   454  lcd.o(i.lcd_ex_st7796_reginit)
    lcd_fill                                 0x08003939   Thumb Code    80  lcd.o(i.lcd_fill)
    lcd_init                                 0x0800398d   Thumb Code  1154  lcd.o(i.lcd_init)
    lcd_scan_dir                             0x08003e55   Thumb Code   568  lcd.o(i.lcd_scan_dir)
    lcd_set_cursor                           0x08004091   Thumb Code   282  lcd.o(i.lcd_set_cursor)
    lcd_show_char                            0x080041b1   Thumb Code   294  lcd.o(i.lcd_show_char)
    lcd_show_string                          0x080042f1   Thumb Code   106  lcd.o(i.lcd_show_string)
    lcd_show_xnum                            0x0800435b   Thumb Code   198  lcd.o(i.lcd_show_xnum)
    lcd_ssd_backlight_set                    0x08004421   Thumb Code    80  lcd.o(i.lcd_ssd_backlight_set)
    lcd_wr_data                              0x08004475   Thumb Code    18  lcd.o(i.lcd_wr_data)
    lcd_wr_regno                             0x0800448d   Thumb Code    18  lcd.o(i.lcd_wr_regno)
    lcd_write_ram_prepare                    0x080044a5   Thumb Code    10  lcd.o(i.lcd_write_ram_prepare)
    lcd_write_reg                            0x080044b9   Thumb Code    10  lcd.o(i.lcd_write_reg)
    led_init                                 0x080044c9   Thumb Code    90  led.o(i.led_init)
    main                                     0x08004531   Thumb Code   724  main.o(i.main)
    read_addr                                0x0800489d   Thumb Code     6  usmart.o(i.read_addr)
    sys_clock_set                            0x080048a5   Thumb Code   164  sys.o(i.sys_clock_set)
    sys_gpio_pin_get                         0x08004951   Thumb Code    16  sys.o(i.sys_gpio_pin_get)
    sys_gpio_pin_set                         0x08004961   Thumb Code    24  sys.o(i.sys_gpio_pin_set)
    sys_gpio_set                             0x08004979   Thumb Code   234  sys.o(i.sys_gpio_set)
    sys_nvic_init                            0x08004a65   Thumb Code   116  sys.o(i.sys_nvic_init)
    sys_nvic_set_vector_table                0x08004b05   Thumb Code    12  sys.o(i.sys_nvic_set_vector_table)
    sys_stm32_clock_init                     0x08004b15   Thumb Code   100  sys.o(i.sys_stm32_clock_init)
    usart_init                               0x08004b85   Thumb Code   180  usart.o(i.usart_init)
    usmart_cmd_rec                           0x08004c49   Thumb Code   170  usmart.o(i.usmart_cmd_rec)
    usmart_exe                               0x08004cf9   Thumb Code   632  usmart.o(i.usmart_exe)
    usmart_get_aparm                         0x08004fcd   Thumb Code   212  usmart_str.o(i.usmart_get_aparm)
    usmart_get_cmdname                       0x080050a1   Thumb Code    54  usmart_str.o(i.usmart_get_cmdname)
    usmart_get_fname                         0x080050d9   Thumb Code   440  usmart_str.o(i.usmart_get_fname)
    usmart_get_fparam                        0x08005299   Thumb Code   262  usmart_str.o(i.usmart_get_fparam)
    usmart_get_input_string                  0x080053a5   Thumb Code    30  usmart_port.o(i.usmart_get_input_string)
    usmart_get_parmpos                       0x080053cd   Thumb Code    26  usmart_str.o(i.usmart_get_parmpos)
    usmart_init                              0x080053ed   Thumb Code    18  usmart.o(i.usmart_init)
    usmart_pow                               0x08005405   Thumb Code    22  usmart_str.o(i.usmart_pow)
    usmart_scan                              0x0800541d   Thumb Code   106  usmart.o(i.usmart_scan)
    usmart_search_nextc                      0x080054c5   Thumb Code    22  usmart_str.o(i.usmart_search_nextc)
    usmart_str2num                           0x080054db   Thumb Code   262  usmart_str.o(i.usmart_str2num)
    usmart_strcmp                            0x080055e1   Thumb Code    34  usmart_str.o(i.usmart_strcmp)
    usmart_strcopy                           0x08005603   Thumb Code    22  usmart_str.o(i.usmart_strcopy)
    usmart_strlen                            0x08005619   Thumb Code    24  usmart_str.o(i.usmart_strlen)
    usmart_sys_cmd_exe                       0x08005631   Thumb Code  1570  usmart.o(i.usmart_sys_cmd_exe)
    usmart_timx_get_time                     0x08005d25   Thumb Code    56  usmart_port.o(i.usmart_timx_get_time)
    usmart_timx_init                         0x08005d65   Thumb Code    94  usmart_port.o(i.usmart_timx_init)
    usmart_timx_reset_time                   0x08005dcd   Thumb Code    38  usmart_port.o(i.usmart_timx_reset_time)
    write_addr                               0x08005dfd   Thumb Code     4  usmart.o(i.write_addr)
    __aeabi_d2uiz                            0x08005e01   Thumb Code     0  dfixu.o(x$fpl$dfixu)
    _dfixu                                   0x08005e01   Thumb Code    90  dfixu.o(x$fpl$dfixu)
    __aeabi_ui2d                             0x08005e5b   Thumb Code     0  dflt_clz.o(x$fpl$dfltu)
    _dfltu                                   0x08005e5b   Thumb Code    38  dflt_clz.o(x$fpl$dfltu)
    __aeabi_dmul                             0x08005e81   Thumb Code     0  dmul.o(x$fpl$dmul)
    _dmul                                    0x08005e81   Thumb Code   332  dmul.o(x$fpl$dmul)
    __fpl_dnaninf                            0x08005fd5   Thumb Code   156  dnaninf.o(x$fpl$dnaninf)
    __fpl_dretinf                            0x08006071   Thumb Code    12  dretinf.o(x$fpl$dretinf)
    __I$use$fp                               0x0800607c   Number         0  usenofp.o(x$fpl$usenofp)
    asc2_1206                                0x0800607c   Data        1140  lcd.o(.constdata)
    asc2_1608                                0x080064f0   Data        1520  lcd.o(.constdata)
    asc2_2412                                0x08006ae0   Data        3420  lcd.o(.constdata)
    asc2_3216                                0x0800783c   Data        6080  lcd.o(.constdata)
    Region$$Table$$Base                      0x08009128   Number         0  anon$$obj.o(Region$$Table)
    Region$$Table$$Limit                     0x08009148   Number         0  anon$$obj.o(Region$$Table)
    __stdout                                 0x20000004   Data           4  usart.o(.data)
    g_usart_rx_sta                           0x20000008   Data           2  usart.o(.data)
    g_point_color                            0x2000000c   Data           4  lcd.o(.data)
    g_back_color                             0x20000010   Data           4  lcd.o(.data)
    sys_cmd_tab                              0x20000018   Data          28  usmart.o(.data)
    usmart_nametab                           0x20000034   Data          40  usmart_config.o(.data)
    usmart_dev                               0x2000005c   Data         244  usmart_config.o(.data)
    g_usart_rx_buf                           0x20000150   Data         200  usart.o(.bss)
    lcddev                                   0x20000218   Data          14  lcd.o(.bss)
    __libspace_start                         0x20000228   Data          96  libspace.o(.bss)
    __temporary_stack_top$libspace           0x20000288   Data           0  libspace.o(.bss)



==============================================================================

Memory Map of the image

  Image Entry point : 0x08000131

  Load Region LR_IROM1 (Base: 0x08000000, Size: 0x00009298, Max: 0x00080000, ABSOLUTE, COMPRESSED[0x000091a0])

    Execution Region ER_IROM1 (Exec base: 0x08000000, Load base: 0x08000000, Size: 0x00009148, Max: 0x00080000, ABSOLUTE)

    Exec Addr    Load Addr    Size         Type   Attr      Idx    E Section Name        Object

    0x08000000   0x08000000   0x00000130   Data   RO            3    RESET               startup_stm32f103xe.o
    0x08000130   0x08000130   0x00000008   Code   RO          969  * !!!main             c_w.l(__main.o)
    0x08000138   0x08000138   0x00000034   Code   RO         1155    !!!scatter          c_w.l(__scatter.o)
    0x0800016c   0x0800016c   0x0000005a   Code   RO         1153    !!dczerorl2         c_w.l(__dczerorl2.o)
    0x080001c6   0x080001c6   0x00000002   PAD
    0x080001c8   0x080001c8   0x0000001c   Code   RO         1157    !!handler_zi        c_w.l(__scatter_zi.o)
    0x080001e4   0x080001e4   0x00000000   Code   RO          966    .ARM.Collect$$_printf_percent$$00000000  c_w.l(_printf_percent.o)
    0x080001e4   0x080001e4   0x00000006   Code   RO          964    .ARM.Collect$$_printf_percent$$00000009  c_w.l(_printf_d.o)
    0x080001ea   0x080001ea   0x00000006   Code   RO          965    .ARM.Collect$$_printf_percent$$0000000A  c_w.l(_printf_u.o)
    0x080001f0   0x080001f0   0x00000006   Code   RO          963    .ARM.Collect$$_printf_percent$$0000000C  c_w.l(_printf_x.o)
    0x080001f6   0x080001f6   0x00000006   Code   RO          961    .ARM.Collect$$_printf_percent$$00000013  c_w.l(_printf_c.o)
    0x080001fc   0x080001fc   0x00000006   Code   RO          962    .ARM.Collect$$_printf_percent$$00000014  c_w.l(_printf_s.o)
    0x08000202   0x08000202   0x00000004   Code   RO          992    .ARM.Collect$$_printf_percent$$00000017  c_w.l(_printf_percent_end.o)
    0x08000206   0x08000206   0x00000002   Code   RO         1030    .ARM.Collect$$libinit$$00000000  c_w.l(libinit.o)
    0x08000208   0x08000208   0x00000000   Code   RO         1037    .ARM.Collect$$libinit$$00000002  c_w.l(libinit2.o)
    0x08000208   0x08000208   0x00000000   Code   RO         1039    .ARM.Collect$$libinit$$00000004  c_w.l(libinit2.o)
    0x08000208   0x08000208   0x00000000   Code   RO         1042    .ARM.Collect$$libinit$$0000000A  c_w.l(libinit2.o)
    0x08000208   0x08000208   0x00000000   Code   RO         1044    .ARM.Collect$$libinit$$0000000C  c_w.l(libinit2.o)
    0x08000208   0x08000208   0x00000000   Code   RO         1046    .ARM.Collect$$libinit$$0000000E  c_w.l(libinit2.o)
    0x08000208   0x08000208   0x00000000   Code   RO         1049    .ARM.Collect$$libinit$$00000011  c_w.l(libinit2.o)
    0x08000208   0x08000208   0x00000000   Code   RO         1051    .ARM.Collect$$libinit$$00000013  c_w.l(libinit2.o)
    0x08000208   0x08000208   0x00000000   Code   RO         1053    .ARM.Collect$$libinit$$00000015  c_w.l(libinit2.o)
    0x08000208   0x08000208   0x00000000   Code   RO         1055    .ARM.Collect$$libinit$$00000017  c_w.l(libinit2.o)
    0x08000208   0x08000208   0x00000000   Code   RO         1057    .ARM.Collect$$libinit$$00000019  c_w.l(libinit2.o)
    0x08000208   0x08000208   0x00000000   Code   RO         1059    .ARM.Collect$$libinit$$0000001B  c_w.l(libinit2.o)
    0x08000208   0x08000208   0x00000000   Code   RO         1061    .ARM.Collect$$libinit$$0000001D  c_w.l(libinit2.o)
    0x08000208   0x08000208   0x00000000   Code   RO         1063    .ARM.Collect$$libinit$$0000001F  c_w.l(libinit2.o)
    0x08000208   0x08000208   0x00000000   Code   RO         1065    .ARM.Collect$$libinit$$00000021  c_w.l(libinit2.o)
    0x08000208   0x08000208   0x00000000   Code   RO         1067    .ARM.Collect$$libinit$$00000023  c_w.l(libinit2.o)
    0x08000208   0x08000208   0x00000000   Code   RO         1069    .ARM.Collect$$libinit$$00000025  c_w.l(libinit2.o)
    0x08000208   0x08000208   0x00000000   Code   RO         1073    .ARM.Collect$$libinit$$0000002C  c_w.l(libinit2.o)
    0x08000208   0x08000208   0x00000000   Code   RO         1075    .ARM.Collect$$libinit$$0000002E  c_w.l(libinit2.o)
    0x08000208   0x08000208   0x00000000   Code   RO         1077    .ARM.Collect$$libinit$$00000030  c_w.l(libinit2.o)
    0x08000208   0x08000208   0x00000000   Code   RO         1079    .ARM.Collect$$libinit$$00000032  c_w.l(libinit2.o)
    0x08000208   0x08000208   0x00000002   Code   RO         1080    .ARM.Collect$$libinit$$00000033  c_w.l(libinit2.o)
    0x0800020a   0x0800020a   0x00000002   Code   RO         1098    .ARM.Collect$$libshutdown$$00000000  c_w.l(libshutdown.o)
    0x0800020c   0x0800020c   0x00000000   Code   RO         1106    .ARM.Collect$$libshutdown$$00000002  c_w.l(libshutdown2.o)
    0x0800020c   0x0800020c   0x00000000   Code   RO         1108    .ARM.Collect$$libshutdown$$00000004  c_w.l(libshutdown2.o)
    0x0800020c   0x0800020c   0x00000000   Code   RO         1110    .ARM.Collect$$libshutdown$$00000006  c_w.l(libshutdown2.o)
    0x0800020c   0x0800020c   0x00000000   Code   RO         1113    .ARM.Collect$$libshutdown$$00000009  c_w.l(libshutdown2.o)
    0x0800020c   0x0800020c   0x00000000   Code   RO         1116    .ARM.Collect$$libshutdown$$0000000C  c_w.l(libshutdown2.o)
    0x0800020c   0x0800020c   0x00000000   Code   RO         1118    .ARM.Collect$$libshutdown$$0000000E  c_w.l(libshutdown2.o)
    0x0800020c   0x0800020c   0x00000000   Code   RO         1121    .ARM.Collect$$libshutdown$$00000011  c_w.l(libshutdown2.o)
    0x0800020c   0x0800020c   0x00000002   Code   RO         1122    .ARM.Collect$$libshutdown$$00000012  c_w.l(libshutdown2.o)
    0x0800020e   0x0800020e   0x00000000   Code   RO          985    .ARM.Collect$$rtentry$$00000000  c_w.l(__rtentry.o)
    0x0800020e   0x0800020e   0x00000000   Code   RO          999    .ARM.Collect$$rtentry$$00000002  c_w.l(__rtentry2.o)
    0x0800020e   0x0800020e   0x00000006   Code   RO         1011    .ARM.Collect$$rtentry$$00000004  c_w.l(__rtentry4.o)
    0x08000214   0x08000214   0x00000000   Code   RO         1001    .ARM.Collect$$rtentry$$00000009  c_w.l(__rtentry2.o)
    0x08000214   0x08000214   0x00000004   Code   RO         1002    .ARM.Collect$$rtentry$$0000000A  c_w.l(__rtentry2.o)
    0x08000218   0x08000218   0x00000000   Code   RO         1004    .ARM.Collect$$rtentry$$0000000C  c_w.l(__rtentry2.o)
    0x08000218   0x08000218   0x00000008   Code   RO         1005    .ARM.Collect$$rtentry$$0000000D  c_w.l(__rtentry2.o)
    0x08000220   0x08000220   0x00000002   Code   RO         1034    .ARM.Collect$$rtexit$$00000000  c_w.l(rtexit.o)
    0x08000222   0x08000222   0x00000000   Code   RO         1082    .ARM.Collect$$rtexit$$00000002  c_w.l(rtexit2.o)
    0x08000222   0x08000222   0x00000004   Code   RO         1083    .ARM.Collect$$rtexit$$00000003  c_w.l(rtexit2.o)
    0x08000226   0x08000226   0x00000006   Code   RO         1084    .ARM.Collect$$rtexit$$00000004  c_w.l(rtexit2.o)
    0x0800022c   0x0800022c   0x00000038   Code   RO            4    .text               startup_stm32f103xe.o
    0x08000264   0x08000264   0x00000002   Code   RO          906    .text               c_w.l(use_no_semi_2.o)
    0x08000266   0x08000266   0x00000002   PAD
    0x08000268   0x08000268   0x00000018   Code   RO          910    .text               c_w.l(noretval__2printf.o)
    0x08000280   0x08000280   0x0000004e   Code   RO          914    .text               c_w.l(_printf_pad.o)
    0x080002ce   0x080002ce   0x00000052   Code   RO          916    .text               c_w.l(_printf_str.o)
    0x08000320   0x08000320   0x00000078   Code   RO          918    .text               c_w.l(_printf_dec.o)
    0x08000398   0x08000398   0x00000058   Code   RO          923    .text               c_w.l(_printf_hex_int.o)
    0x080003f0   0x080003f0   0x00000188   Code   RO          958    .text               c_w.l(__printf_flags_ss_wp.o)
    0x08000578   0x08000578   0x00000006   Code   RO          967    .text               c_w.l(heapauxi.o)
    0x0800057e   0x0800057e   0x00000002   Code   RO          983    .text               c_w.l(use_no_semi.o)
    0x08000580   0x08000580   0x000000b2   Code   RO          986    .text               c_w.l(_printf_intcommon.o)
    0x08000632   0x08000632   0x0000002c   Code   RO          988    .text               c_w.l(_printf_char.o)
    0x0800065e   0x0800065e   0x00000002   PAD
    0x08000660   0x08000660   0x00000024   Code   RO          990    .text               c_w.l(_printf_char_file.o)
    0x08000684   0x08000684   0x00000030   Code   RO         1013    .text               c_w.l(_printf_char_common.o)
    0x080006b4   0x080006b4   0x00000008   Code   RO         1015    .text               c_w.l(ferror.o)
    0x080006bc   0x080006bc   0x0000004a   Code   RO         1019    .text               c_w.l(sys_stackheap_outer.o)
    0x08000706   0x08000706   0x00000012   Code   RO         1023    .text               c_w.l(exit.o)
    0x08000718   0x08000718   0x00000008   Code   RO         1031    .text               c_w.l(libspace.o)
    0x08000720   0x08000720   0x0000003c   Code   RO          775    i.TIM4_IRQHandler   usmart_port.o
    0x0800075c   0x0800075c   0x00000084   Code   RO          255    i.USART1_IRQHandler  usart.o
    0x080007e0   0x080007e0   0x0000000e   Code   RO          951    i._is_digit         c_w.l(__printf_wp.o)
    0x080007ee   0x080007ee   0x00000004   Code   RO          257    i._sys_exit         usart.o
    0x080007f2   0x080007f2   0x00000002   PAD
    0x080007f4   0x080007f4   0x000001cc   Code   RO          627    i.can_init          can.o
    0x080009c0   0x080009c0   0x00000020   Code   RO          628    i.can_pend_msg      can.o
    0x080009e0   0x080009e0   0x00000048   Code   RO          629    i.can_receive_msg   can.o
    0x08000a28   0x08000a28   0x000000d4   Code   RO          630    i.can_rx_msg        can.o
    0x08000afc   0x08000afc   0x00000046   Code   RO          631    i.can_send_msg      can.o
    0x08000b42   0x08000b42   0x00000002   PAD
    0x08000b44   0x08000b44   0x0000010c   Code   RO          632    i.can_tx_msg        can.o
    0x08000c50   0x08000c50   0x00000084   Code   RO          633    i.can_tx_status     can.o
    0x08000cd4   0x08000cd4   0x0000002c   Code   RO          101    i.delay_init        delay.o
    0x08000d00   0x08000d00   0x00000012   Code   RO          102    i.delay_ms          delay.o
    0x08000d12   0x08000d12   0x00000002   PAD
    0x08000d14   0x08000d14   0x00000048   Code   RO          103    i.delay_us          delay.o
    0x08000d5c   0x08000d5c   0x0000001c   Code   RO          259    i.fputc             usart.o
    0x08000d78   0x08000d78   0x00000094   Code   RO          596    i.key_init          key.o
    0x08000e0c   0x08000e0c   0x000000c4   Code   RO          597    i.key_scan          key.o
    0x08000ed0   0x08000ed0   0x00000034   Code   RO          344    i.lcd_clear         lcd.o
    0x08000f04   0x08000f04   0x0000016c   Code   RO          346    i.lcd_display_dir   lcd.o
    0x08001070   0x08001070   0x00000020   Code   RO          352    i.lcd_draw_point    lcd.o
    0x08001090   0x08001090   0x0000022c   Code   RO          354    i.lcd_ex_ili9341_reginit  lcd.o
    0x080012bc   0x080012bc   0x00000340   Code   RO          355    i.lcd_ex_ili9806_reginit  lcd.o
    0x080015fc   0x080015fc   0x00000ef2   Code   RO          356    i.lcd_ex_nt35310_reginit  lcd.o
    0x080024ee   0x080024ee   0x00000f6e   Code   RO          357    i.lcd_ex_nt35510_reginit  lcd.o
    0x0800345c   0x0800345c   0x0000016e   Code   RO          358    i.lcd_ex_ssd1963_reginit  lcd.o
    0x080035ca   0x080035ca   0x000001a8   Code   RO          359    i.lcd_ex_st7789_reginit  lcd.o
    0x08003772   0x08003772   0x000001c6   Code   RO          360    i.lcd_ex_st7796_reginit  lcd.o
    0x08003938   0x08003938   0x00000054   Code   RO          361    i.lcd_fill          lcd.o
    0x0800398c   0x0800398c   0x0000048c   Code   RO          363    i.lcd_init          lcd.o
    0x08003e18   0x08003e18   0x0000000c   Code   RO          364    i.lcd_opt_delay     lcd.o
    0x08003e24   0x08003e24   0x00000016   Code   RO          365    i.lcd_pow           lcd.o
    0x08003e3a   0x08003e3a   0x00000002   PAD
    0x08003e3c   0x08003e3c   0x00000018   Code   RO          366    i.lcd_rd_data       lcd.o
    0x08003e54   0x08003e54   0x0000023c   Code   RO          368    i.lcd_scan_dir      lcd.o
    0x08004090   0x08004090   0x00000120   Code   RO          369    i.lcd_set_cursor    lcd.o
    0x080041b0   0x080041b0   0x00000140   Code   RO          371    i.lcd_show_char     lcd.o
    0x080042f0   0x080042f0   0x0000006a   Code   RO          373    i.lcd_show_string   lcd.o
    0x0800435a   0x0800435a   0x000000c6   Code   RO          374    i.lcd_show_xnum     lcd.o
    0x08004420   0x08004420   0x00000054   Code   RO          375    i.lcd_ssd_backlight_set  lcd.o
    0x08004474   0x08004474   0x00000018   Code   RO          376    i.lcd_wr_data       lcd.o
    0x0800448c   0x0800448c   0x00000018   Code   RO          377    i.lcd_wr_regno      lcd.o
    0x080044a4   0x080044a4   0x00000014   Code   RO          378    i.lcd_write_ram_prepare  lcd.o
    0x080044b8   0x080044b8   0x00000010   Code   RO          379    i.lcd_write_reg     lcd.o
    0x080044c8   0x080044c8   0x00000068   Code   RO          320    i.led_init          led.o
    0x08004530   0x08004530   0x0000036c   Code   RO           13    i.main              main.o
    0x0800489c   0x0800489c   0x00000006   Code   RO          683    i.read_addr         usmart.o
    0x080048a2   0x080048a2   0x00000002   PAD
    0x080048a4   0x080048a4   0x000000ac   Code   RO          139    i.sys_clock_set     sys.o
    0x08004950   0x08004950   0x00000010   Code   RO          140    i.sys_gpio_pin_get  sys.o
    0x08004960   0x08004960   0x00000018   Code   RO          141    i.sys_gpio_pin_set  sys.o
    0x08004978   0x08004978   0x000000ea   Code   RO          143    i.sys_gpio_set      sys.o
    0x08004a62   0x08004a62   0x00000002   PAD
    0x08004a64   0x08004a64   0x00000078   Code   RO          148    i.sys_nvic_init     sys.o
    0x08004adc   0x08004adc   0x00000028   Code   RO          149    i.sys_nvic_priority_group_config  sys.o
    0x08004b04   0x08004b04   0x00000010   Code   RO          150    i.sys_nvic_set_vector_table  sys.o
    0x08004b14   0x08004b14   0x00000070   Code   RO          153    i.sys_stm32_clock_init  sys.o
    0x08004b84   0x08004b84   0x000000c4   Code   RO          260    i.usart_init        usart.o
    0x08004c48   0x08004c48   0x000000b0   Code   RO          684    i.usmart_cmd_rec    usmart.o
    0x08004cf8   0x08004cf8   0x000002d4   Code   RO          685    i.usmart_exe        usmart.o
    0x08004fcc   0x08004fcc   0x000000d4   Code   RO          823    i.usmart_get_aparm  usmart_str.o
    0x080050a0   0x080050a0   0x00000036   Code   RO          824    i.usmart_get_cmdname  usmart_str.o
    0x080050d6   0x080050d6   0x00000002   PAD
    0x080050d8   0x080050d8   0x000001c0   Code   RO          825    i.usmart_get_fname  usmart_str.o
    0x08005298   0x08005298   0x0000010c   Code   RO          826    i.usmart_get_fparam  usmart_str.o
    0x080053a4   0x080053a4   0x00000028   Code   RO          776    i.usmart_get_input_string  usmart_port.o
    0x080053cc   0x080053cc   0x00000020   Code   RO          827    i.usmart_get_parmpos  usmart_str.o
    0x080053ec   0x080053ec   0x00000018   Code   RO          686    i.usmart_init       usmart.o
    0x08005404   0x08005404   0x00000016   Code   RO          828    i.usmart_pow        usmart_str.o
    0x0800541a   0x0800541a   0x00000002   PAD
    0x0800541c   0x0800541c   0x000000a8   Code   RO          687    i.usmart_scan       usmart.o
    0x080054c4   0x080054c4   0x00000016   Code   RO          829    i.usmart_search_nextc  usmart_str.o
    0x080054da   0x080054da   0x00000106   Code   RO          830    i.usmart_str2num    usmart_str.o
    0x080055e0   0x080055e0   0x00000022   Code   RO          831    i.usmart_strcmp     usmart_str.o
    0x08005602   0x08005602   0x00000016   Code   RO          832    i.usmart_strcopy    usmart_str.o
    0x08005618   0x08005618   0x00000018   Code   RO          833    i.usmart_strlen     usmart_str.o
    0x08005630   0x08005630   0x000006f4   Code   RO          688    i.usmart_sys_cmd_exe  usmart.o
    0x08005d24   0x08005d24   0x00000040   Code   RO          777    i.usmart_timx_get_time  usmart_port.o
    0x08005d64   0x08005d64   0x00000068   Code   RO          778    i.usmart_timx_init  usmart_port.o
    0x08005dcc   0x08005dcc   0x00000030   Code   RO          779    i.usmart_timx_reset_time  usmart_port.o
    0x08005dfc   0x08005dfc   0x00000004   Code   RO          689    i.write_addr        usmart.o
    0x08005e00   0x08005e00   0x0000005a   Code   RO          971    x$fpl$dfixu         fz_ws.l(dfixu.o)
    0x08005e5a   0x08005e5a   0x00000026   Code   RO          975    x$fpl$dfltu         fz_ws.l(dflt_clz.o)
    0x08005e80   0x08005e80   0x00000154   Code   RO          981    x$fpl$dmul          fz_ws.l(dmul.o)
    0x08005fd4   0x08005fd4   0x0000009c   Code   RO          993    x$fpl$dnaninf       fz_ws.l(dnaninf.o)
    0x08006070   0x08006070   0x0000000c   Code   RO          995    x$fpl$dretinf       fz_ws.l(dretinf.o)
    0x0800607c   0x0800607c   0x00000000   Code   RO          997    x$fpl$usenofp       fz_ws.l(usenofp.o)
    0x0800607c   0x0800607c   0x00002f80   Data   RO          381    .constdata          lcd.o
    0x08008ffc   0x08008ffc   0x00000028   Data   RO          924    .constdata          c_w.l(_printf_hex_int.o)
    0x08009024   0x08009024   0x00000011   Data   RO          959    .constdata          c_w.l(__printf_flags_ss_wp.o)
    0x08009035   0x08009035   0x00000003   PAD
    0x08009038   0x08009038   0x00000028   Data   RO          690    .conststring        usmart.o
    0x08009060   0x08009060   0x000000c8   Data   RO          750    .conststring        usmart_config.o
    0x08009128   0x08009128   0x00000020   Data   RO         1151    Region$$Table       anon$$obj.o


    Execution Region RW_IRAM1 (Exec base: 0x20000000, Load base: 0x08009148, Size: 0x00000888, Max: 0x00010000, ABSOLUTE, COMPRESSED[0x00000058])

    Exec Addr    Load Addr    Size         Type   Attr      Idx    E Section Name        Object

    0x20000000   COMPRESSED   0x00000004   Data   RW          104    .data               delay.o
    0x20000004   COMPRESSED   0x00000006   Data   RW          262    .data               usart.o
    0x2000000a   COMPRESSED   0x00000002   PAD
    0x2000000c   COMPRESSED   0x00000008   Data   RW          382    .data               lcd.o
    0x20000014   COMPRESSED   0x00000001   Data   RW          598    .data               key.o
    0x20000015   COMPRESSED   0x00000003   PAD
    0x20000018   COMPRESSED   0x0000001c   Data   RW          691    .data               usmart.o
    0x20000034   COMPRESSED   0x0000011c   Data   RW          751    .data               usmart_config.o
    0x20000150        -       0x000000c8   Zero   RW          261    .bss                usart.o
    0x20000218        -       0x0000000e   Zero   RW          380    .bss                lcd.o
    0x20000226   COMPRESSED   0x00000002   PAD
    0x20000228        -       0x00000060   Zero   RW         1032    .bss                c_w.l(libspace.o)
    0x20000288        -       0x00000200   Zero   RW            2    HEAP                startup_stm32f103xe.o
    0x20000488        -       0x00000400   Zero   RW            1    STACK               startup_stm32f103xe.o


==============================================================================

Image component sizes


      Code (inc. data)   RO Data    RW Data    ZI Data      Debug   Object Name

      1246         46          0          0          0       5904   can.o
       134         10          0          4          0       2135   delay.o
       344         26          0          1          0       1290   key.o
     13814        166      12160          8         14      26961   lcd.o
       104         14          0          0          0        539   led.o
       876        152          0          0          0     394515   main.o
        56         22        304          0       1536        980   startup_stm32f103xe.o
       734         36          0          0          0       5956   sys.o
       360         34          0          6        200       4553   usart.o
      2882       1310         40         28          0       6398   usmart.o
         0          0        200        284          0       1780   usmart_config.o
       316         48          0          0          0       2947   usmart_port.o
      1400         20          0          0          0       9877   usmart_str.o

    ----------------------------------------------------------------------
     22282       1884      12736        336       1752     463835   Object Totals
         0          0         32          0          0          0   (incl. Generated)
        16          0          0          5          2          0   (incl. Padding)

    ----------------------------------------------------------------------

      Code (inc. data)   RO Data    RW Data    ZI Data      Debug   Library Member Name

        90          0          0          0          0          0   __dczerorl2.o
         8          0          0          0          0         68   __main.o
       392          4         17          0          0         92   __printf_flags_ss_wp.o
        14          0          0          0          0         68   __printf_wp.o
         0          0          0          0          0          0   __rtentry.o
        12          0          0          0          0          0   __rtentry2.o
         6          0          0          0          0          0   __rtentry4.o
        52          8          0          0          0          0   __scatter.o
        28          0          0          0          0          0   __scatter_zi.o
         6          0          0          0          0          0   _printf_c.o
        44          0          0          0          0        108   _printf_char.o
        48          6          0          0          0         96   _printf_char_common.o
        36          4          0          0          0         80   _printf_char_file.o
         6          0          0          0          0          0   _printf_d.o
       120         16          0          0          0         92   _printf_dec.o
        88          4         40          0          0         88   _printf_hex_int.o
       178          0          0          0          0         88   _printf_intcommon.o
        78          0          0          0          0        108   _printf_pad.o
         0          0          0          0          0          0   _printf_percent.o
         4          0          0          0          0          0   _printf_percent_end.o
         6          0          0          0          0          0   _printf_s.o
        82          0          0          0          0         80   _printf_str.o
         6          0          0          0          0          0   _printf_u.o
         6          0          0          0          0          0   _printf_x.o
        18          0          0          0          0         80   exit.o
         8          0          0          0          0         68   ferror.o
         6          0          0          0          0        152   heapauxi.o
         2          0          0          0          0          0   libinit.o
         2          0          0          0          0          0   libinit2.o
         2          0          0          0          0          0   libshutdown.o
         2          0          0          0          0          0   libshutdown2.o
         8          4          0          0         96         68   libspace.o
        24          4          0          0          0         84   noretval__2printf.o
         2          0          0          0          0          0   rtexit.o
        10          0          0          0          0          0   rtexit2.o
        74          0          0          0          0         80   sys_stackheap_outer.o
         2          0          0          0          0         68   use_no_semi.o
         2          0          0          0          0         68   use_no_semi_2.o
        90          4          0          0          0         92   dfixu.o
        38          0          0          0          0         68   dflt_clz.o
       340         12          0          0          0        104   dmul.o
       156          4          0          0          0         92   dnaninf.o
        12          0          0          0          0         68   dretinf.o
         0          0          0          0          0          0   usenofp.o

    ----------------------------------------------------------------------
      2114         70         60          0         96       2060   Library Totals
         6          0          3          0          0          0   (incl. Padding)

    ----------------------------------------------------------------------

      Code (inc. data)   RO Data    RW Data    ZI Data      Debug   Library Name

      1472         50         57          0         96       1636   c_w.l
       636         20          0          0          0        424   fz_ws.l

    ----------------------------------------------------------------------
      2114         70         60          0         96       2060   Library Totals

    ----------------------------------------------------------------------

==============================================================================


      Code (inc. data)   RO Data    RW Data    ZI Data      Debug   

     24396       1954      12796        336       1848     461263   Grand Totals
     24396       1954      12796         88       1848     461263   ELF Image Totals (compressed)
     24396       1954      12796         88          0          0   ROM Totals

==============================================================================

    Total RO  Size (Code + RO Data)                37192 (  36.32kB)
    Total RW  Size (RW Data + ZI Data)              2184 (   2.13kB)
    Total ROM Size (Code + RO Data + RW Data)      37280 (  36.41kB)

==============================================================================

