Component: ARM Compiler 5.06 update 7 (build 960) Tool: armlink [4d3601]

==============================================================================

Section Cross References

    startup_stm32f103xe.o(STACK) refers (Special) to heapauxi.o(.text) for __use_two_region_memory
    startup_stm32f103xe.o(HEAP) refers (Special) to heapauxi.o(.text) for __use_two_region_memory
    startup_stm32f103xe.o(RESET) refers (Special) to heapauxi.o(.text) for __use_two_region_memory
    startup_stm32f103xe.o(RESET) refers to startup_stm32f103xe.o(STACK) for __initial_sp
    startup_stm32f103xe.o(RESET) refers to startup_stm32f103xe.o(.text) for Reset_Handler
    startup_stm32f103xe.o(RESET) refers to usmart_port.o(i.TIM4_IRQHandler) for TIM4_IRQHandler
    startup_stm32f103xe.o(RESET) refers to usart.o(i.USART1_IRQHandler) for USART1_IRQHandler
    startup_stm32f103xe.o(.text) refers (Special) to heapauxi.o(.text) for __use_two_region_memory
    startup_stm32f103xe.o(.text) refers to __main.o(!!!main) for __main
    startup_stm32f103xe.o(.text) refers to startup_stm32f103xe.o(HEAP) for Heap_Mem
    startup_stm32f103xe.o(.text) refers to startup_stm32f103xe.o(STACK) for Stack_Mem
    main.o(i.main) refers to sys.o(i.sys_stm32_clock_init) for sys_stm32_clock_init
    main.o(i.main) refers to delay.o(i.delay_init) for delay_init
    main.o(i.main) refers to usart.o(i.usart_init) for usart_init
    main.o(i.main) refers to led.o(i.led_init) for led_init
    main.o(i.main) refers to lcd.o(i.lcd_init) for lcd_init
    main.o(i.main) refers to key.o(i.key_init) for key_init
    main.o(i.main) refers to sram.o(i.sram_init) for sram_init
    main.o(i.main) refers to norflash.o(i.norflash_init) for norflash_init
    main.o(i.main) refers to malloc.o(i.my_mem_init) for my_mem_init
    main.o(i.main) refers to exfuns.o(i.exfuns_init) for exfuns_init
    main.o(i.main) refers to ff.o(i.f_mount) for f_mount
    main.o(i.main) refers to lcd.o(i.lcd_clear) for lcd_clear
    main.o(i.main) refers to lcd.o(i.lcd_show_string) for lcd_show_string
    main.o(i.main) refers to delay.o(i.delay_ms) for delay_ms
    main.o(i.main) refers to lcd.o(i.lcd_fill) for lcd_fill
    main.o(i.main) refers to sdio_sdcard.o(i.sd_init) for sd_init
    main.o(i.main) refers to fonts.o(i.fonts_update_font) for fonts_update_font
    main.o(i.main) refers to fonts.o(i.fonts_init) for fonts_init
    main.o(i.main) refers to text.o(i.text_show_string) for text_show_string
    main.o(i.main) refers to lcd.o(i.lcd_show_num) for lcd_show_num
    main.o(i.main) refers to text.o(i.text_show_font) for text_show_font
    main.o(i.main) refers to key.o(i.key_scan) for key_scan
    main.o(i.main) refers to usmart_config.o(.data) for usmart_dev
    main.o(i.main) refers to exfuns.o(.data) for fs
    delay.o(i.delay_init) refers to delay.o(.data) for g_fac_us
    delay.o(i.delay_ms) refers to delay.o(i.delay_us) for delay_us
    delay.o(i.delay_us) refers to delay.o(.data) for g_fac_us
    sys.o(i.sys_nvic_init) refers to sys.o(i.sys_nvic_priority_group_config) for sys_nvic_priority_group_config
    sys.o(i.sys_standby) refers to sys.o(i.sys_wfi_set) for sys_wfi_set
    sys.o(i.sys_stm32_clock_init) refers to sys.o(i.sys_clock_set) for sys_clock_set
    sys.o(i.sys_stm32_clock_init) refers to sys.o(i.sys_nvic_set_vector_table) for sys_nvic_set_vector_table
    usart.o(.rev16_text) refers (Special) to use_no_semi_2.o(.text) for __use_no_semihosting
    usart.o(.revsh_text) refers (Special) to use_no_semi_2.o(.text) for __use_no_semihosting
    usart.o(.rrx_text) refers (Special) to use_no_semi_2.o(.text) for __use_no_semihosting
    usart.o(i.USART1_IRQHandler) refers (Special) to use_no_semi_2.o(.text) for __use_no_semihosting
    usart.o(i.USART1_IRQHandler) refers to usart.o(.data) for g_usart_rx_sta
    usart.o(i.USART1_IRQHandler) refers to usart.o(.bss) for g_usart_rx_buf
    usart.o(i._sys_command_string) refers (Special) to use_no_semi_2.o(.text) for __use_no_semihosting
    usart.o(i._sys_exit) refers (Special) to use_no_semi_2.o(.text) for __use_no_semihosting
    usart.o(i._ttywrch) refers (Special) to use_no_semi_2.o(.text) for __use_no_semihosting
    usart.o(i.fputc) refers (Special) to use_no_semi_2.o(.text) for __use_no_semihosting
    usart.o(i.usart_init) refers (Special) to use_no_semi_2.o(.text) for __use_no_semihosting
    usart.o(i.usart_init) refers to sys.o(i.sys_gpio_set) for sys_gpio_set
    usart.o(i.usart_init) refers to sys.o(i.sys_nvic_init) for sys_nvic_init
    usart.o(.bss) refers (Special) to use_no_semi_2.o(.text) for __use_no_semihosting
    usart.o(.data) refers (Special) to use_no_semi_2.o(.text) for __use_no_semihosting
    led.o(i.led_init) refers to sys.o(i.sys_gpio_set) for sys_gpio_set
    led.o(i.led_init) refers to sys.o(i.sys_gpio_pin_set) for sys_gpio_pin_set
    lcd.o(i.lcd_clear) refers to lcd.o(i.lcd_set_cursor) for lcd_set_cursor
[...]
    .ARM.__AT_0x680F0C00                     0x680f0c00   Section    61632  malloc.o(.ARM.__AT_0x680F0C00)
    mem2mapbase                              0x680f0c00   Data       61632  malloc.o(.ARM.__AT_0x680F0C00)

    Global Symbols

    Symbol Name                              Value     Ov Type        Size  Object(Section)

    BuildAttributes$$THM_ISAv4$P$D$K$B$S$PE$A:L22UL41UL21$X:L11$S22US41US21$IEEE1$IW$USESV6$~STKCKD$USESV7$~SHL$OSPACE$ROPI$EBA8$UX$STANDARDLIB$REQ8$PRES8$EABIv2 0x00000000   Number         0  anon$$obj.o ABSOLUTE
    __ARM_use_no_argv                        0x00000000   Number         0  main.o ABSOLUTE
    _printf_flags                            0x00000000   Number         0  printf_stubs.o ABSOLUTE
    _printf_return_value                     0x00000000   Number         0  printf_stubs.o ABSOLUTE
    _printf_sizespec                         0x00000000   Number         0  printf_stubs.o ABSOLUTE
    _printf_widthprec                        0x00000000   Number         0  printf_stubs.o ABSOLUTE
    __ARM_exceptions_init                     - Undefined Weak Reference
    __alloca_initialize                       - Undefined Weak Reference
    __arm_fini_                               - Undefined Weak Reference
    __arm_preinit_                            - Undefined Weak Reference
    __cpp_initialize__aeabi_                  - Undefined Weak Reference
    __cxa_finalize                            - Undefined Weak Reference
    __rt_locale                               - Undefined Weak Reference
    __sigvec_lookup                           - Undefined Weak Reference
    _atexit_init                              - Undefined Weak Reference
    _call_atexit_fns                          - Undefined Weak Reference
    _clock_init                               - Undefined Weak Reference
    _fp_trap_init                             - Undefined Weak Reference
    _fp_trap_shutdown                         - Undefined Weak Reference
    _get_lc_collate                           - Undefined Weak Reference
    _get_lc_ctype                             - Undefined Weak Reference
    _get_lc_monetary                          - Undefined Weak Reference
    _get_lc_numeric                           - Undefined Weak Reference
    _get_lc_time                              - Undefined Weak Reference
    _getenv_init                              - Undefined Weak Reference
    _handle_redirection                       - Undefined Weak Reference
    _init_alloc                               - Undefined Weak Reference
    _init_user_alloc                          - Undefined Weak Reference
    _initio                                   - Undefined Weak Reference
    _mutex_acquire                            - Undefined Weak Reference
    _mutex_release                            - Undefined Weak Reference
    _printf_mbtowc                            - Undefined Weak Reference
    _printf_truncate_signed                   - Undefined Weak Reference
    _printf_truncate_unsigned                 - Undefined Weak Reference
    _rand_init                                - Undefined Weak Reference
    _signal_finish                            - Undefined Weak Reference
    _signal_init                              - Undefined Weak Reference
    _terminate_alloc                          - Undefined Weak Reference
    _terminate_user_alloc                     - Undefined Weak Reference
    _terminateio                              - Undefined Weak Reference
    __Vectors_Size                           0x00000130   Number         0  startup_stm32f103xe.o ABSOLUTE
    __Vectors                                0x08000000   Data           4  startup_stm32f103xe.o(RESET)
    __Vectors_End                            0x08000130   Data           0  startup_stm32f103xe.o(RESET)
    __main                                   0x08000131   Thumb Code     8  __main.o(!!!main)
    __scatterload                            0x08000139   Thumb Code     0  __scatter.o(!!!scatter)
    __scatterload_rt2                        0x08000139   Thumb Code    44  __scatter.o(!!!scatter)
    __scatterload_rt2_thumb_only             0x08000139   Thumb Code     0  __scatter.o(!!!scatter)
    __scatterload_null                       0x08000147   Thumb Code     0  __scatter.o(!!!scatter)
    __decompress                             0x0800016d   Thumb Code    90  __dczerorl2.o(!!dczerorl2)
    __decompress1                            0x0800016d   Thumb Code     0  __dczerorl2.o(!!dczerorl2)
    __scatterload_zeroinit                   0x080001c9   Thumb Code    28  __scatter_zi.o(!!handler_zi)
    _printf_ll                               0x080001e5   Thumb Code     0  _printf_ll.o(.ARM.Collect$$_printf_percent$$00000007)
    _printf_percent                          0x080001e5   Thumb Code     0  _printf_percent.o(.ARM.Collect$$_printf_percent$$00000000)
    _printf_d                                0x080001ef   Thumb Code     0  _printf_d.o(.ARM.Collect$$_printf_percent$$00000009)
    _printf_u                                0x080001f5   Thumb Code     0  _printf_u.o(.ARM.Collect$$_printf_percent$$0000000A)
    _printf_x                                0x080001fb   Thumb Code     0  _printf_x.o(.ARM.Collect$$_printf_percent$$0000000C)
    _printf_lld                              0x08000201   Thumb Code     0  _printf_lld.o(.ARM.Collect$$_printf_percent$$0000000E)
    _printf_c                                0x08000207   Thumb Code     0  _printf_c.o(.ARM.Collect$$_printf_percent$$00000013)
    _printf_s                                0x0800020d   Thumb Code     0  _printf_s.o(.ARM.Collect$$_printf_percent$$00000014)
    _printf_percent_end                      0x08000213   Thumb Code     0  _printf_percent_end.o(.ARM.Collect$$_printf_percent$$00000017)
    __rt_lib_init                            0x08000217   Thumb Code     0  libinit.o(.ARM.Collect$$libinit$$00000000)
    __rt_lib_init_alloca_1                   0x08000219   Thumb Code     0  libinit2.o(.ARM.Collect$$libinit$$0000002E)
    __rt_lib_init_argv_1                     0x08000219   Thumb Code     0  libinit2.o(.ARM.Collect$$libinit$$0000002C)
    __rt_lib_init_atexit_1                   0x08000219   Thumb Code     0  libinit2.o(.ARM.Collect$$libinit$$0000001B)
    __rt_lib_init_clock_1                    0x08000219   Thumb Code     0  libinit2.o(.ARM.Collect$$libinit$$00000021)
    __rt_lib_init_cpp_1                      0x08000219   Thumb Code     0  libinit2.o(.ARM.Collect$$libinit$$00000032)
    __rt_lib_init_exceptions_1               0x08000219   Thumb Code     0  libinit2.o(.ARM.Collect$$libinit$$00000030)
    __rt_lib_init_fp_1                       0x08000219   Thumb Code     0  libinit2.o(.ARM.Collect$$libinit$$00000002)
    __rt_lib_init_fp_trap_1                  0x08000219   Thumb Code     0  libinit2.o(.ARM.Collect$$libinit$$0000001F)
    __rt_lib_init_getenv_1                   0x08000219   Thumb Code     0  libinit2.o(.ARM.Collect$$libinit$$00000023)
    __rt_lib_init_heap_1                     0x08000219   Thumb Code     0  libinit2.o(.ARM.Collect$$libinit$$0000000A)
    __rt_lib_init_lc_collate_1               0x08000219   Thumb Code     0  libinit2.o(.ARM.Collect$$libinit$$00000011)
    __rt_lib_init_lc_ctype_1                 0x08000219   Thumb Code     0  libinit2.o(.ARM.Collect$$libinit$$00000013)
    __rt_lib_init_lc_monetary_1              0x08000219   Thumb Code     0  libinit2.o(.ARM.Collect$$libinit$$00000015)
    __rt_lib_init_lc_numeric_1               0x08000219   Thumb Code     0  libinit2.o(.ARM.Collect$$libinit$$00000017)
    __rt_lib_init_lc_time_1                  0x08000219   Thumb Code     0  libinit2.o(.ARM.Collect$$libinit$$00000019)
    __rt_lib_init_preinit_1                  0x08000219   Thumb Code     0  libinit2.o(.ARM.Collect$$libinit$$00000004)
    __rt_lib_init_rand_1                     0x08000219   Thumb Code     0  libinit2.o(.ARM.Collect$$libinit$$0000000E)
    __rt_lib_init_return                     0x08000219   Thumb Code     0  libinit2.o(.ARM.Collect$$libinit$$00000033)
    __rt_lib_init_signal_1                   0x08000219   Thumb Code     0  libinit2.o(.ARM.Collect$$libinit$$0000001D)
    __rt_lib_init_stdio_1                    0x08000219   Thumb Code     0  libinit2.o(.ARM.Collect$$libinit$$00000025)
    __rt_lib_init_user_alloc_1               0x08000219   Thumb Code     0  libinit2.o(.ARM.Collect$$libinit$$0000000C)
    __rt_lib_shutdown                        0x0800021b   Thumb Code     0  libshutdown.o(.ARM.Collect$$libshutdown$$00000000)
    __rt_lib_shutdown_cpp_1                  0x0800021d   Thumb Code     0  libshutdown2.o(.ARM.Collect$$libshutdown$$00000004)
    __rt_lib_shutdown_fini_1                 0x0800021d   Thumb Code     0  libshutdown2.o(.ARM.Collect$$libshutdown$$00000002)
    __rt_lib_shutdown_fp_trap_1              0x0800021d   Thumb Code     0  libshutdown2.o(.ARM.Collect$$libshutdown$$00000009)
    __rt_lib_shutdown_heap_1                 0x0800021d   Thumb Code     0  libshutdown2.o(.ARM.Collect$$libshutdown$$00000011)
    __rt_lib_shutdown_return                 0x0800021d   Thumb Code     0  libshutdown2.o(.ARM.Collect$$libshutdown$$00000012)
    __rt_lib_shutdown_signal_1               0x0800021d   Thumb Code     0  libshutdown2.o(.ARM.Collect$$libshutdown$$0000000C)
    __rt_lib_shutdown_stdio_1                0x0800021d   Thumb Code     0  libshutdown2.o(.ARM.Collect$$libshutdown$$00000006)
    __rt_lib_shutdown_user_alloc_1           0x0800021d   Thumb Code     0  libshutdown2.o(.ARM.Collect$$libshutdown$$0000000E)
    __rt_entry                               0x0800021f   Thumb Code     0  __rtentry.o(.ARM.Collect$$rtentry$$00000000)
    __rt_entry_presh_1                       0x0800021f   Thumb Code     0  __rtentry2.o(.ARM.Collect$$rtentry$$00000002)
    __rt_entry_sh                            0x0800021f   Thumb Code     0  __rtentry4.o(.ARM.Collect$$rtentry$$00000004)
    __rt_entry_li                            0x08000225   Thumb Code     0  __rtentry2.o(.ARM.Collect$$rtentry$$0000000A)
    __rt_entry_postsh_1                      0x08000225   Thumb Code     0  __rtentry2.o(.ARM.Collect$$rtentry$$00000009)
    __rt_entry_main                          0x08000229   Thumb Code     0  __rtentry2.o(.ARM.Collect$$rtentry$$0000000D)
    __rt_entry_postli_1                      0x08000229   Thumb Code     0  __rtentry2.o(.ARM.Collect$$rtentry$$0000000C)
    __rt_exit                                0x08000231   Thumb Code     0  rtexit.o(.ARM.Collect$$rtexit$$00000000)
    __rt_exit_ls                             0x08000233   Thumb Code     0  rtexit2.o(.ARM.Collect$$rtexit$$00000003)
    __rt_exit_prels_1                        0x08000233   Thumb Code     0  rtexit2.o(.ARM.Collect$$rtexit$$00000002)
    __rt_exit_exit                           0x08000237   Thumb Code     0  rtexit2.o(.ARM.Collect$$rtexit$$00000004)
    Reset_Handler                            0x0800023d   Thumb Code     4  startup_stm32f103xe.o(.text)
    NMI_Handler                              0x08000241   Thumb Code     2  startup_stm32f103xe.o(.text)
    HardFault_Handler                        0x08000243   Thumb Code     2  startup_stm32f103xe.o(.text)
    MemManage_Handler                        0x08000245   Thumb Code     2  startup_stm32f103xe.o(.text)
    BusFault_Handler                         0x08000247   Thumb Code     2  startup_stm32f103xe.o(.text)
    UsageFault_Handler                       0x08000249   Thumb Code     2  startup_stm32f103xe.o(.text)
    SVC_Handler                              0x0800024b   Thumb Code     2  startup_stm32f103xe.o(.text)
    DebugMon_Handler                         0x0800024d   Thumb Code     2  startup_stm32f103xe.o(.text)
    PendSV_Handler                           0x0800024f   Thumb Code     2  startup_stm32f103xe.o(.text)
    SysTick_Handler                          0x08000251   Thumb Code     2  startup_stm32f103xe.o(.text)
    ADC1_2_IRQHandler                        0x08000253   Thumb Code     0  startup_stm32f103xe.o(.text)
    ADC3_IRQHandler                          0x08000253   Thumb Code     0  startup_stm32f103xe.o(.text)
    CAN1_RX1_IRQHandler                      0x08000253   Thumb Code     0  startup_stm32f103xe.o(.text)
    CAN1_SCE_IRQHandler                      0x08000253   Thumb Code     0  startup_stm32f103xe.o(.text)
    DMA1_Channel1_IRQHandler                 0x08000253   Thumb Code     0  startup_stm32f103xe.o(.text)
    DMA1_Channel2_IRQHandler                 0x08000253   Thumb Code     0  startup_stm32f103xe.o(.text)
    DMA1_Channel3_IRQHandler                 0x08000253   Thumb Code     0  startup_stm32f103xe.o(.text)
    DMA1_Channel4_IRQHandler                 0x08000253   Thumb Code     0  startup_stm32f103xe.o(.text)
    DMA1_Channel5_IRQHandler                 0x08000253   Thumb Code     0  startup_stm32f103xe.o(.text)
    DMA1_Channel6_IRQHandler                 0x08000253   Thumb Code     0  startup_stm32f103xe.o(.text)
    DMA1_Channel7_IRQHandler                 0x08000253   Thumb Code     0  startup_stm32f103xe.o(.text)
    DMA2_Channel1_IRQHandler                 0x08000253   Thumb Code     0  startup_stm32f103xe.o(.text)
    DMA2_Channel2_IRQHandler                 0x08000253   Thumb Code     0  startup_stm32f103xe.o(.text)
    DMA2_Channel3_IRQHandler                 0x08000253   Thumb Code     0  startup_stm32f103xe.o(.text)
    DMA2_Channel4_5_IRQHandler               0x08000253   Thumb Code     0  startup_stm32f103xe.o(.text)
    EXTI0_IRQHandler                         0x08000253   Thumb Code     0  startup_stm32f103xe.o(.text)
    EXTI15_10_IRQHandler                     0x08000253   Thumb Code     0  startup_stm32f103xe.o(.text)
    EXTI1_IRQHandler                         0x08000253   Thumb Code     0  startup_stm32f103xe.o(.text)
    EXTI2_IRQHandler                         0x08000253   Thumb Code     0  startup_stm32f103xe.o(.text)
    EXTI3_IRQHandler                         0x08000253   Thumb Code     0  startup_stm32f103xe.o(.text)
    EXTI4_IRQHandler                         0x08000253   Thumb Code     0  startup_stm32f103xe.o(.text)
    EXTI9_5_IRQHandler                       0x08000253   Thumb Code     0  startup_stm32f103xe.o(.text)
    FLASH_IRQHandler                         0x08000253   Thumb Code     0  startup_stm32f103xe.o(.text)
    FSMC_IRQHandler                          0x08000253   Thumb Code     0  startup_stm32f103xe.o(.text)
    I2C1_ER_IRQHandler                       0x08000253   Thumb Code     0  startup_stm32f103xe.o(.text)
    I2C1_EV_IRQHandler                       0x08000253   Thumb Code     0  startup_stm32f103xe.o(.text)
    I2C2_ER_IRQHandler                       0x08000253   Thumb Code     0  startup_stm32f103xe.o(.text)
    I2C2_EV_IRQHandler                       0x08000253   Thumb Code     0  startup_stm32f103xe.o(.text)
    PVD_IRQHandler                           0x08000253   Thumb Code     0  startup_stm32f103xe.o(.text)
    RCC_IRQHandler                           0x08000253   Thumb Code     0  startup_stm32f103xe.o(.text)
    RTC_Alarm_IRQHandler                     0x08000253   Thumb Code     0  startup_stm32f103xe.o(.text)
    RTC_IRQHandler                           0x08000253   Thumb Code     0  startup_stm32f103xe.o(.text)
    SDIO_IRQHandler                          0x08000253   Thumb Code     0  startup_stm32f103xe.o(.text)
    SPI1_IRQHandler                          0x08000253   Thumb Code     0  startup_stm32f103xe.o(.text)
    SPI2_IRQHandler                          0x08000253   Thumb Code     0  startup_stm32f103xe.o(.text)
    SPI3_IRQHandler                          0x08000253   Thumb Code     0  startup_stm32f103xe.o(.text)
    TAMPER_IRQHandler                        0x08000253   Thumb Code     0  startup_stm32f103xe.o(.text)
    TIM1_BRK_IRQHandler                      0x08000253   Thumb Code     0  startup_stm32f103xe.o(.text)
    TIM1_CC_IRQHandler                       0x08000253   Thumb Code     0  startup_stm32f103xe.o(.text)
    TIM1_TRG_COM_IRQHandler                  0x08000253   Thumb Code     0  startup_stm32f103xe.o(.text)
    TIM1_UP_IRQHandler                       0x08000253   Thumb Code     0  startup_stm32f103xe.o(.text)
    TIM2_IRQHandler                          0x08000253   Thumb Code     0  startup_stm32f103xe.o(.text)
    TIM3_IRQHandler                          0x08000253   Thumb Code     0  startup_stm32f103xe.o(.text)
    TIM5_IRQHandler                          0x08000253   Thumb Code     0  startup_stm32f103xe.o(.text)
    TIM6_IRQHandler                          0x08000253   Thumb Code     0  startup_stm32f103xe.o(.text)
    TIM7_IRQHandler                          0x08000253   Thumb Code     0  startup_stm32f103xe.o(.text)
    TIM8_BRK_IRQHandler                      0x08000253   Thumb Code     0  startup_stm32f103xe.o(.text)
    TIM8_CC_IRQHandler                       0x08000253   Thumb Code     0  startup_stm32f103xe.o(.text)
    TIM8_TRG_COM_IRQHandler                  0x08000253   Thumb Code     0  startup_stm32f103xe.o(.text)
    TIM8_UP_IRQHandler                       0x08000253   Thumb Code     0  startup_stm32f103xe.o(.text)
    UART4_IRQHandler                         0x08000253   Thumb Code     0  startup_stm32f103xe.o(.text)
    UART5_IRQHandler                         0x08000253   Thumb Code     0  startup_stm32f103xe.o(.text)
    USART2_IRQHandler                        0x08000253   Thumb Code     0  startup_stm32f103xe.o(.text)
    USART3_IRQHandler                        0x08000253   Thumb Code     0  startup_stm32f103xe.o(.text)
    USBWakeUp_IRQHandler                     0x08000253   Thumb Code     0  startup_stm32f103xe.o(.text)
    USB_HP_CAN1_TX_IRQHandler                0x08000253   Thumb Code     0  startup_stm32f103xe.o(.text)
    USB_LP_CAN1_RX0_IRQHandler               0x08000253   Thumb Code     0  startup_stm32f103xe.o(.text)
    WWDG_IRQHandler                          0x08000253   Thumb Code     0  startup_stm32f103xe.o(.text)
    __user_initial_stackheap                 0x08000255   Thumb Code     0  startup_stm32f103xe.o(.text)
    __use_no_semihosting                     0x08000275   Thumb Code     2  use_no_semi_2.o(.text)
    __aeabi_uldivmod                         0x08000277   Thumb Code     0  lludivv7m.o(.text)
    _ll_udiv                                 0x08000277   Thumb Code   238  lludivv7m.o(.text)
    __aeabi_ldivmod                          0x08000365   Thumb Code     0  llsdiv.o(.text)
    _ll_sdiv                                 0x08000365   Thumb Code    72  llsdiv.o(.text)
    __2printf                                0x080003ad   Thumb Code    20  noretval__2printf.o(.text)
    _printf_pre_padding                      0x080003c5   Thumb Code    44  _printf_pad.o(.text)
    _printf_post_padding                     0x080003f1   Thumb Code    34  _printf_pad.o(.text)
    _printf_str                              0x08000413   Thumb Code    82  _printf_str.o(.text)
    _printf_int_dec                          0x08000465   Thumb Code   104  _printf_dec.o(.text)
    _printf_longlong_dec                     0x080004dd   Thumb Code   108  _printf_longlong_dec.o(.text)
    _printf_int_hex                          0x08000559   Thumb Code    84  _printf_hex_int.o(.text)
    _printf_longlong_hex                     0x08000559   Thumb Code     0  _printf_hex_int.o(.text)
    __printf                                 0x080005b1   Thumb Code   388  __printf_flags_ss_wp.o(.text)
    strchr                                   0x08000739   Thumb Code    20  strchr.o(.text)
    memcmp                                   0x0800074d   Thumb Code    88  memcmp.o(.text)
    strcpy                                   0x080007a5   Thumb Code    72  strcpy.o(.text)
    strcat                                   0x080007ed   Thumb Code    24  strcat.o(.text)
    __aeabi_memcpy                           0x08000805   Thumb Code     0  rt_memcpy_v6.o(.text)
    __rt_memcpy                              0x08000805   Thumb Code   138  rt_memcpy_v6.o(.text)
    _memcpy_lastbytes                        0x0800086b   Thumb Code     0  rt_memcpy_v6.o(.text)
    __aeabi_memcpy4                          0x0800088f   Thumb Code     0  rt_memcpy_w.o(.text)
    __aeabi_memcpy8                          0x0800088f   Thumb Code     0  rt_memcpy_w.o(.text)
    __rt_memcpy_w                            0x0800088f   Thumb Code   100  rt_memcpy_w.o(.text)
    _memcpy_lastbytes_aligned                0x080008d7   Thumb Code     0  rt_memcpy_w.o(.text)
    __aeabi_memset                           0x080008f3   Thumb Code    16  aeabi_memset.o(.text)
    __aeabi_memclr                           0x08000903   Thumb Code     0  rt_memclr.o(.text)
    __rt_memclr                              0x08000903   Thumb Code    68  rt_memclr.o(.text)
    _memset                                  0x08000907   Thumb Code     0  rt_memclr.o(.text)
    __aeabi_memclr4                          0x08000947   Thumb Code     0  rt_memclr_w.o(.text)
    __aeabi_memclr8                          0x08000947   Thumb Code     0  rt_memclr_w.o(.text)
    __rt_memclr_w                            0x08000947   Thumb Code    78  rt_memclr_w.o(.text)
    _memset_w                                0x0800094b   Thumb Code     0  rt_memclr_w.o(.text)
    __use_two_region_memory                  0x08000995   Thumb Code     2  heapauxi.o(.text)
    __rt_heap_escrow$2region                 0x08000997   Thumb Code     2  heapauxi.o(.text)
    __rt_heap_expand$2region                 0x08000999   Thumb Code     2  heapauxi.o(.text)
    __semihosting$guard                      0x0800099b   Thumb Code     0  use_no_semi.o(.text)
    __use_no_semihosting_swi                 0x0800099b   Thumb Code     2  use_no_semi.o(.text)
    _ll_udiv10                               0x0800099d   Thumb Code   138  lludiv10.o(.text)
    _printf_int_common                       0x08000a27   Thumb Code   178  _printf_intcommon.o(.text)
    _printf_cs_common                        0x08000ad9   Thumb Code    20  _printf_char.o(.text)
    _printf_char                             0x08000aed   Thumb Code    16  _printf_char.o(.text)
    _printf_string                           0x08000afd   Thumb Code     8  _printf_char.o(.text)
    _printf_char_file                        0x08000b05   Thumb Code    32  _printf_char_file.o(.text)
    _printf_char_common                      0x08000b33   Thumb Code    32  _printf_char_common.o(.text)
    ferror                                   0x08000b59   Thumb Code     8  ferror.o(.text)
    __user_setup_stackheap                   0x08000b61   Thumb Code    74  sys_stackheap_outer.o(.text)
    exit                                     0x08000bab   Thumb Code    18  exit.o(.text)
    __user_libspace                          0x08000bbd   Thumb Code     8  libspace.o(.text)
    __user_perproc_libspace                  0x08000bbd   Thumb Code     0  libspace.o(.text)
    __user_perthread_libspace                0x08000bbd   Thumb Code     0  libspace.o(.text)
    TIM4_IRQHandler                          0x08000bc5   Thumb Code    50  usmart_port.o(i.TIM4_IRQHandler)
    USART1_IRQHandler                        0x08000c01   Thumb Code   118  usart.o(i.USART1_IRQHandler)
    _is_digit                                0x08000c85   Thumb Code    14  __printf_wp.o(i._is_digit)
    _sys_exit                                0x08000c93   Thumb Code     4  usart.o(i._sys_exit)
    delay_init                               0x080015c9   Thumb Code    38  delay.o(i.delay_init)
    delay_ms                                 0x080015f5   Thumb Code    18  delay.o(i.delay_ms)
    delay_us                                 0x08001609   Thumb Code    68  delay.o(i.delay_us)
    dir_sdi                                  0x08001db5   Thumb Code   170  ff.o(i.dir_sdi)
    disk_initialize                          0x08001e5f   Thumb Code    44  diskio.o(i.disk_initialize)
    disk_ioctl                               0x08001e8d   Thumb Code   170  diskio.o(i.disk_ioctl)
    disk_read                                0x08001f3d   Thumb Code   126  diskio.o(i.disk_read)
    disk_status                              0x08001fbb   Thumb Code     6  diskio.o(i.disk_status)
    disk_write                               0x08001fc1   Thumb Code   126  diskio.o(i.disk_write)
    exfuns_init                              0x08002041   Thumb Code    64  exfuns.o(i.exfuns_init)
    f_close                                  0x08002085   Thumb Code    38  ff.o(i.f_close)
    f_closedir                               0x080020ab   Thumb Code    24  ff.o(i.f_closedir)
    f_getfree                                0x080020c3   Thumb Code   348  ff.o(i.f_getfree)
    f_getlabel                               0x0800221f   Thumb Code   316  ff.o(i.f_getlabel)
    f_gets                                   0x0800235b   Thumb Code    80  ff.o(i.f_gets)
    f_lseek                                  0x080023ab   Thumb Code  1110  ff.o(i.f_lseek)
    f_mkdir                                  0x08002801   Thumb Code   418  ff.o(i.f_mkdir)
    f_mkfs                                   0x080029a5   Thumb Code  3514  ff.o(i.f_mkfs)
    f_mount                                  0x080037a1   Thumb Code    80  ff.o(i.f_mount)
    f_open                                   0x080037f5   Thumb Code   786  ff.o(i.f_open)
    f_opendir                                0x08003b07   Thumb Code   184  ff.o(i.f_opendir)
    f_putc                                   0x08003bbf   Thumb Code    34  ff.o(i.f_putc)
    f_puts                                   0x08003be1   Thumb Code    44  ff.o(i.f_puts)
    f_read                                   0x08003c0d   Thumb Code   552  ff.o(i.f_read)
    f_readdir                                0x08003e35   Thumb Code   112  ff.o(i.f_readdir)
    f_rename                                 0x08003ea5   Thumb Code   516  ff.o(i.f_rename)
    f_setlabel                               0x080040a9   Thumb Code   486  ff.o(i.f_setlabel)
    f_sync                                   0x08004295   Thumb Code   424  ff.o(i.f_sync)
    f_unlink                                 0x0800443d   Thumb Code   252  ff.o(i.f_unlink)
    f_write                                  0x08004539   Thumb Code   644  ff.o(i.f_write)
    ff_memalloc                              0x080047bd   Thumb Code    14  ffsystem.o(i.ff_memalloc)
    ff_memfree                               0x080047cb   Thumb Code    14  ffsystem.o(i.ff_memfree)
    ff_oem2uni                               0x080047d9   Thumb Code   130  myffunicode.o(i.ff_oem2uni)
    ff_uni2oem                               0x08004861   Thumb Code   126  myffunicode.o(i.ff_uni2oem)
    ff_wtoupper                              0x080048e5   Thumb Code   166  myffunicode.o(i.ff_wtoupper)
    fonts_init                               0x08004bf1   Thumb Code    60  fonts.o(i.fonts_init)
    fonts_update_font                        0x08004cc1   Thumb Code   478  fonts.o(i.fonts_update_font)
    fputc                                    0x08005025   Thumb Code    24  usart.o(i.fputc)
    get_fattime                              0x080052a9   Thumb Code     4  ffsystem.o(i.get_fattime)
    key_init                                 0x080055a9   Thumb Code   134  key.o(i.key_init)
    key_scan                                 0x0800563d   Thumb Code   184  key.o(i.key_scan)
    lcd_clear                                0x08005701   Thumb Code    42  lcd.o(i.lcd_clear)
    lcd_display_dir                          0x08005735   Thumb Code   360  lcd.o(i.lcd_display_dir)
    lcd_draw_point                           0x080058a1   Thumb Code    26  lcd.o(i.lcd_draw_point)
    lcd_ex_ili9341_reginit                   0x080058c1   Thumb Code   556  lcd.o(i.lcd_ex_ili9341_reginit)
    lcd_ex_ili9806_reginit                   0x08005aed   Thumb Code   832  lcd.o(i.lcd_ex_ili9806_reginit)
    lcd_ex_nt35310_reginit                   0x08005e2d   Thumb Code  3826  lcd.o(i.lcd_ex_nt35310_reginit)
    lcd_ex_nt35510_reginit                   0x08006d1f   Thumb Code  3950  lcd.o(i.lcd_ex_nt35510_reginit)
    lcd_ex_ssd1963_reginit                   0x08007c8d   Thumb Code   366  lcd.o(i.lcd_ex_ssd1963_reginit)
    lcd_ex_st7789_reginit                    0x08007dfb   Thumb Code   424  lcd.o(i.lcd_ex_st7789_reginit)
    lcd_ex_st7796_reginit                    0x08007fa3   Thumb Code   454  lcd.o(i.lcd_ex_st7796_reginit)
    lcd_fill                                 0x08008169   Thumb Code    80  lcd.o(i.lcd_fill)
    lcd_init                                 0x080081bd   Thumb Code  1154  lcd.o(i.lcd_init)
    lcd_scan_dir                             0x08008685   Thumb Code   568  lcd.o(i.lcd_scan_dir)
    lcd_set_cursor                           0x080088c1   Thumb Code   282  lcd.o(i.lcd_set_cursor)
    lcd_show_char                            0x080089e1   Thumb Code   294  lcd.o(i.lcd_show_char)
    lcd_show_num                             0x08008b21   Thumb Code   152  lcd.o(i.lcd_show_num)
    lcd_show_string                          0x08008bb9   Thumb Code   106  lcd.o(i.lcd_show_string)
    lcd_ssd_backlight_set                    0x08008c25   Thumb Code    80  lcd.o(i.lcd_ssd_backlight_set)
    lcd_wr_data                              0x08008c79   Thumb Code    18  lcd.o(i.lcd_wr_data)
    lcd_wr_regno                             0x08008c91   Thumb Code    18  lcd.o(i.lcd_wr_regno)
    lcd_write_ram_prepare                    0x08008ca9   Thumb Code    10  lcd.o(i.lcd_write_ram_prepare)
    lcd_write_reg                            0x08008cbd   Thumb Code    10  lcd.o(i.lcd_write_reg)
    led_init                                 0x08008d79   Thumb Code    90  led.o(i.led_init)
    main                                     0x08008f31   Thumb Code   894  main.o(i.main)
    mf_close                                 0x080093c9   Thumb Code    14  fattester.o(i.mf_close)
    mf_closedir                              0x080093dd   Thumb Code    10  fattester.o(i.mf_closedir)
    mf_fmkfs                                 0x080093ed   Thumb Code    40  fattester.o(i.mf_fmkfs)
    mf_free                                  0x08009419   Thumb Code    26  fattester.o(i.mf_free)
    mf_getlabel                              0x08009439   Thumb Code    58  fattester.o(i.mf_getlabel)
    mf_gets                                  0x080094bd   Thumb Code    38  fattester.o(i.mf_gets)
    mf_init                                  0x08009505   Thumb Code    58  fattester.o(i.mf_init)
    mf_lseek                                 0x08009545   Thumb Code    18  fattester.o(i.mf_lseek)
    mf_mkdir                                 0x0800955d   Thumb Code    12  fattester.o(i.mf_mkdir)
    mf_mount                                 0x08009569   Thumb Code    20  fattester.o(i.mf_mount)
    mf_open                                  0x08009581   Thumb Code    24  fattester.o(i.mf_open)
    mf_opendir                               0x0800959d   Thumb Code    14  fattester.o(i.mf_opendir)
    mf_putc                                  0x080095b1   Thumb Code    18  fattester.o(i.mf_putc)
    mf_puts                                  0x080095c9   Thumb Code    18  fattester.o(i.mf_puts)
    mf_read                                  0x080095e1   Thumb Code   224  fattester.o(i.mf_read)
    mf_readdir                               0x0800973d   Thumb Code   216  fattester.o(i.mf_readdir)
    mf_rename                                0x080099b1   Thumb Code    16  fattester.o(i.mf_rename)
    mf_scan_files                            0x080099c1   Thumb Code    74  fattester.o(i.mf_scan_files)
    mf_setlabel                              0x08009a25   Thumb Code    34  fattester.o(i.mf_setlabel)
    mf_showfree                              0x08009a81   Thumb Code    88  fattester.o(i.mf_showfree)
    mf_size                                  0x08009b29   Thumb Code     8  fattester.o(i.mf_size)
    mf_tell                                  0x08009b35   Thumb Code     8  fattester.o(i.mf_tell)
    mf_unlink                                0x08009b41   Thumb Code    12  fattester.o(i.mf_unlink)
    mf_write                                 0x08009b4d   Thumb Code    70  fattester.o(i.mf_write)
    my_mem_init                              0x0800a125   Thumb Code    38  malloc.o(i.my_mem_init)
    my_mem_perused                           0x0800a1fd   Thumb Code    56  malloc.o(i.my_mem_perused)
    my_mem_set                               0x0800a23d   Thumb Code    20  malloc.o(i.my_mem_set)
    myfree                                   0x0800a251   Thumb Code    30  malloc.o(i.myfree)
    mymalloc                                 0x0800a275   Thumb Code    34  malloc.o(i.mymalloc)
    norflash_erase_sector                    0x0800a29d   Thumb Code    54  norflash.o(i.norflash_erase_sector)
    norflash_init                            0x0800a2d9   Thumb Code   138  norflash.o(i.norflash_init)
    norflash_read                            0x0800a371   Thumb Code    68  norflash.o(i.norflash_read)
    norflash_read_id                         0x0800a3b9   Thumb Code    68  norflash.o(i.norflash_read_id)
    norflash_read_sr                         0x0800a401   Thumb Code    80  norflash.o(i.norflash_read_sr)
    norflash_write                           0x0800a49d   Thumb Code   180  norflash.o(i.norflash_write)
    norflash_write_enable                    0x0800a555   Thumb Code    32  norflash.o(i.norflash_write_enable)
    norflash_write_sr                        0x0800a611   Thumb Code    76  norflash.o(i.norflash_write_sr)
    read_addr                                0x0800a975   Thumb Code     6  usmart.o(i.read_addr)
    sd_init                                  0x0800aac5   Thumb Code   342  sdio_sdcard.o(i.sd_init)
    sd_read_disk                             0x0800ac39   Thumb Code   128  sdio_sdcard.o(i.sd_read_disk)
    sd_write_disk                            0x0800acc1   Thumb Code   130  sdio_sdcard.o(i.sd_write_disk)
    spi2_init                                0x0800bced   Thumb Code   174  spi.o(i.spi2_init)
    spi2_read_write_byte                     0x0800bda9   Thumb Code    46  spi.o(i.spi2_read_write_byte)
    spi2_set_speed                           0x0800bddd   Thumb Code    48  spi.o(i.spi2_set_speed)
    sram_init                                0x0800be11   Thumb Code   338  sram.o(i.sram_init)
    sys_clock_set                            0x0800c18d   Thumb Code   164  sys.o(i.sys_clock_set)
    sys_gpio_pin_get                         0x0800c239   Thumb Code    16  sys.o(i.sys_gpio_pin_get)
    sys_gpio_pin_set                         0x0800c249   Thumb Code    24  sys.o(i.sys_gpio_pin_set)
    sys_gpio_set                             0x0800c261   Thumb Code   234  sys.o(i.sys_gpio_set)
    sys_intx_disable                         0x0800c34b   Thumb Code     4  sys.o(i.sys_intx_disable)
    sys_intx_enable                          0x0800c34f   Thumb Code     4  sys.o(i.sys_intx_enable)
    sys_nvic_init                            0x0800c355   Thumb Code   116  sys.o(i.sys_nvic_init)
    sys_nvic_set_vector_table                0x0800c3f5   Thumb Code    12  sys.o(i.sys_nvic_set_vector_table)
    sys_stm32_clock_init                     0x0800c405   Thumb Code   100  sys.o(i.sys_stm32_clock_init)
    text_show_font                           0x0800c5a1   Thumb Code   218  text.o(i.text_show_font)
    text_show_string                         0x0800c681   Thumb Code   198  text.o(i.text_show_string)
    usart_init                               0x0800c749   Thumb Code   180  usart.o(i.usart_init)
    usmart_cmd_rec                           0x0800c80d   Thumb Code   170  usmart.o(i.usmart_cmd_rec)
    usmart_exe                               0x0800c8bd   Thumb Code   632  usmart.o(i.usmart_exe)
    usmart_get_aparm                         0x0800cb91   Thumb Code   212  usmart_str.o(i.usmart_get_aparm)
    usmart_get_cmdname                       0x0800cc65   Thumb Code    54  usmart_str.o(i.usmart_get_cmdname)
    usmart_get_fname                         0x0800cc9d   Thumb Code   440  usmart_str.o(i.usmart_get_fname)
    usmart_get_fparam                        0x0800ce5d   Thumb Code   262  usmart_str.o(i.usmart_get_fparam)
    usmart_get_input_string                  0x0800cf69   Thumb Code    30  usmart_port.o(i.usmart_get_input_string)
    usmart_get_parmpos                       0x0800cf91   Thumb Code    26  usmart_str.o(i.usmart_get_parmpos)
    usmart_init                              0x0800cfb1   Thumb Code    18  usmart.o(i.usmart_init)
    usmart_pow                               0x0800cfc9   Thumb Code    22  usmart_str.o(i.usmart_pow)
    usmart_scan                              0x0800cfe1   Thumb Code   106  usmart.o(i.usmart_scan)
    usmart_search_nextc                      0x0800d089   Thumb Code    22  usmart_str.o(i.usmart_search_nextc)
    usmart_str2num                           0x0800d09f   Thumb Code   262  usmart_str.o(i.usmart_str2num)
    usmart_strcmp                            0x0800d1a5   Thumb Code    34  usmart_str.o(i.usmart_strcmp)
    usmart_strcopy                           0x0800d1c7   Thumb Code    22  usmart_str.o(i.usmart_strcopy)
    usmart_strlen                            0x0800d1dd   Thumb Code    24  usmart_str.o(i.usmart_strlen)
    usmart_sys_cmd_exe                       0x0800d1f5   Thumb Code  1570  usmart.o(i.usmart_sys_cmd_exe)
    usmart_timx_get_time                     0x0800d8e9   Thumb Code    56  usmart_port.o(i.usmart_timx_get_time)
    usmart_timx_init                         0x0800d929   Thumb Code    94  usmart_port.o(i.usmart_timx_init)
    usmart_timx_reset_time                   0x0800d991   Thumb Code    38  usmart_port.o(i.usmart_timx_reset_time)
    write_addr                               0x0800d9fd   Thumb Code     4  usmart.o(i.write_addr)
    __aeabi_d2uiz                            0x0800daa1   Thumb Code     0  dfixu.o(x$fpl$dfixu)
    _dfixu                                   0x0800daa1   Thumb Code    90  dfixu.o(x$fpl$dfixu)
    __aeabi_ui2d                             0x0800dafb   Thumb Code     0  dflt_clz.o(x$fpl$dfltu)
    _dfltu                                   0x0800dafb   Thumb Code    38  dflt_clz.o(x$fpl$dfltu)
    __aeabi_dmul                             0x0800db21   Thumb Code     0  dmul.o(x$fpl$dmul)
    _dmul                                    0x0800db21   Thumb Code   332  dmul.o(x$fpl$dmul)
    __fpl_dnaninf                            0x0800dc75   Thumb Code   156  dnaninf.o(x$fpl$dnaninf)
    __fpl_dretinf                            0x0800dd11   Thumb Code    12  dretinf.o(x$fpl$dretinf)
    __fpl_fcmp_Inf                           0x0800dd1d   Thumb Code    24  fcmpi.o(x$fpl$fcmpinf)
    __aeabi_fdiv                             0x0800dd35   Thumb Code     0  fdiv.o(x$fpl$fdiv)
    _fdiv                                    0x0800dd35   Thumb Code   384  fdiv.o(x$fpl$fdiv)
    __aeabi_cfcmpeq                          0x0800deb9   Thumb Code     0  feqf.o(x$fpl$feqf)
    _fcmpeq                                  0x0800deb9   Thumb Code   104  feqf.o(x$fpl$feqf)
    __aeabi_f2uiz                            0x0800df21   Thumb Code     0  ffixu.o(x$fpl$ffixu)
    _ffixu                                   0x0800df21   Thumb Code    62  ffixu.o(x$fpl$ffixu)
    __aeabi_ui2f                             0x0800df61   Thumb Code     0  fflt_clz.o(x$fpl$ffltu)
    _ffltu                                   0x0800df61   Thumb Code    38  fflt_clz.o(x$fpl$ffltu)
    __aeabi_fmul                             0x0800df89   Thumb Code     0  fmul.o(x$fpl$fmul)
    _fmul                                    0x0800df89   Thumb Code   258  fmul.o(x$fpl$fmul)
    __fpl_fnaninf                            0x0800e08b   Thumb Code   140  fnaninf.o(x$fpl$fnaninf)
    __fpl_fretinf                            0x0800e117   Thumb Code    10  fretinf.o(x$fpl$fretinf)
    __I$use$fp                               0x0800e120   Number         0  usenofp.o(x$fpl$usenofp)
    asc2_1206                                0x0800e120   Data        1140  lcd.o(.constdata)
    asc2_1608                                0x0800e594   Data        1520  lcd.o(.constdata)
    asc2_2412                                0x0800eb84   Data        3420  lcd.o(.constdata)
    asc2_3216                                0x0800f8e0   Data        6080  lcd.o(.constdata)
    memtblsize                               0x080110a0   Data           8  malloc.o(.constdata)
    memblksize                               0x080110a8   Data           8  malloc.o(.constdata)
    memsize                                  0x080110b0   Data           8  malloc.o(.constdata)
    FONT_GBK_PATH                            0x080113d0   Data          16  fonts.o(.constdata)
    FONT_UPDATE_REMIND_TBL                   0x080113e0   Data          16  fonts.o(.constdata)
    Region$$Table$$Base                      0x08011890   Number         0  anon$$obj.o(Region$$Table)
    Region$$Table$$Limit                     0x080118b0   Number         0  anon$$obj.o(Region$$Table)
    __stdout                                 0x20000004   Data           4  usart.o(.data)
    g_usart_rx_sta                           0x20000008   Data           2  usart.o(.data)
    g_point_color                            0x2000000c   Data           4  lcd.o(.data)
    g_back_color                             0x20000010   Data           4  lcd.o(.data)
    g_norflash_type                          0x20000020   Data           2  norflash.o(.data)
    mallco_dev                               0x20000024   Data          28  malloc.o(.data)
    fs                                       0x2000004c   Data           8  exfuns.o(.data)
    sys_cmd_tab                              0x20000054   Data          28  usmart.o(.data)
    usmart_nametab                           0x20000070   Data         208  usmart_config.o(.data)
    usmart_dev                               0x20000140   Data         244  usmart_config.o(.data)
    g_usart_rx_buf                           0x20000234   Data         200  usart.o(.bss)
    lcddev                                   0x200002fc   Data          14  lcd.o(.bss)
    g_sd_card_info                           0x20000330   Data          88  sdio_sdcard.o(.bss)
    g_sd_data_buffer                         0x20000388   Data         512  sdio_sdcard.o(.bss)
    g_norflash_buf                           0x20000588   Data        4096  norflash.o(.bss)
    fattester                                0x2000bfc0   Data         384  fattester.o(.bss)
    ftinfo                                   0x2000c140   Data          33  fonts.o(.bss)
    __libspace_start                         0x2000c164   Data          96  libspace.o(.bss)
    __temporary_stack_top$libspace           0x2000c1c4   Data           0  libspace.o(.bss)



==============================================================================

Memory Map of the image

  Image Entry point : 0x08000131

  Load Region LR_IROM1 (Base: 0x08000000, Size: 0x00011ae4, Max: 0x00080000, ABSOLUTE, COMPRESSED[0x000119a8])

    Execution Region ER_IROM1 (Exec base: 0x08000000, Load base: 0x08000000, Size: 0x000118b0, Max: 0x00080000, ABSOLUTE)

    Exec Addr    Load Addr    Size         Type   Attr      Idx    E Section Name        Object

    0x08000000   0x08000000   0x00000130   Data   RO            3    RESET               startup_stm32f103xe.o
    0x08000130   0x08000130   0x00000008   Code   RO         2309  * !!!main             c_w.l(__main.o)
    0x08000138   0x08000138   0x00000034   Code   RO         2532    !!!scatter          c_w.l(__scatter.o)
    0x0800016c   0x0800016c   0x0000005a   Code   RO         2530    !!dczerorl2         c_w.l(__dczerorl2.o)
    0x080001c6   0x080001c6   0x00000002   PAD
    0x080001c8   0x080001c8   0x0000001c   Code   RO         2534    !!handler_zi        c_w.l(__scatter_zi.o)
    0x080001e4   0x080001e4   0x00000000   Code   RO         2283    .ARM.Collect$$_printf_percent$$00000000  c_w.l(_printf_percent.o)
    0x080001e4   0x080001e4   0x0000000a   Code   RO         2357    .ARM.Collect$$_printf_percent$$00000007  c_w.l(_printf_ll.o)
    0x080001ee   0x080001ee   0x00000006   Code   RO         2281    .ARM.Collect$$_printf_percent$$00000009  c_w.l(_printf_d.o)
    0x080001f4   0x080001f4   0x00000006   Code   RO         2282    .ARM.Collect$$_printf_percent$$0000000A  c_w.l(_printf_u.o)
    0x080001fa   0x080001fa   0x00000006   Code   RO         2280    .ARM.Collect$$_printf_percent$$0000000C  c_w.l(_printf_x.o)
    0x08000200   0x08000200   0x00000006   Code   RO         2284    .ARM.Collect$$_printf_percent$$0000000E  c_w.l(_printf_lld.o)
    0x08000206   0x08000206   0x00000006   Code   RO         2278    .ARM.Collect$$_printf_percent$$00000013  c_w.l(_printf_c.o)
    0x0800020c   0x0800020c   0x00000006   Code   RO         2279    .ARM.Collect$$_printf_percent$$00000014  c_w.l(_printf_s.o)
    0x08000212   0x08000212   0x00000004   Code   RO         2356    .ARM.Collect$$_printf_percent$$00000017  c_w.l(_printf_percent_end.o)
    0x08000216   0x08000216   0x00000002   Code   RO         2407    .ARM.Collect$$libinit$$00000000  c_w.l(libinit.o)
    0x08000218   0x08000218   0x00000000   Code   RO         2420    .ARM.Collect$$libinit$$00000002  c_w.l(libinit2.o)
    0x08000218   0x08000218   0x00000000   Code   RO         2422    .ARM.Collect$$libinit$$00000004  c_w.l(libinit2.o)
    0x08000218   0x08000218   0x00000000   Code   RO         2425    .ARM.Collect$$libinit$$0000000A  c_w.l(libinit2.o)
    0x08000218   0x08000218   0x00000000   Code   RO         2427    .ARM.Collect$$libinit$$0000000C  c_w.l(libinit2.o)
    0x08000218   0x08000218   0x00000000   Code   RO         2429    .ARM.Collect$$libinit$$0000000E  c_w.l(libinit2.o)
    0x08000218   0x08000218   0x00000000   Code   RO         2432    .ARM.Collect$$libinit$$00000011  c_w.l(libinit2.o)
    0x08000218   0x08000218   0x00000000   Code   RO         2434    .ARM.Collect$$libinit$$00000013  c_w.l(libinit2.o)
    0x08000218   0x08000218   0x00000000   Code   RO         2436    .ARM.Collect$$libinit$$00000015  c_w.l(libinit2.o)
    0x08000218   0x08000218   0x00000000   Code   RO         2438    .ARM.Collect$$libinit$$00000017  c_w.l(libinit2.o)
    0x08000218   0x08000218   0x00000000   Code   RO         2440    .ARM.Collect$$libinit$$00000019  c_w.l(libinit2.o)
    0x08000218   0x08000218   0x00000000   Code   RO         2442    .ARM.Collect$$libinit$$0000001B  c_w.l(libinit2.o)
    0x08000218   0x08000218   0x00000000   Code   RO         2444    .ARM.Collect$$libinit$$0000001D  c_w.l(libinit2.o)
    0x08000218   0x08000218   0x00000000   Code   RO         2446    .ARM.Collect$$libinit$$0000001F  c_w.l(libinit2.o)
    0x08000218   0x08000218   0x00000000   Code   RO         2448    .ARM.Collect$$libinit$$00000021  c_w.l(libinit2.o)
    0x08000218   0x08000218   0x00000000   Code   RO         2450    .ARM.Collect$$libinit$$00000023  c_w.l(libinit2.o)
    0x08000218   0x08000218   0x00000000   Code   RO         2452    .ARM.Collect$$libinit$$00000025  c_w.l(libinit2.o)
    0x08000218   0x08000218   0x00000000   Code   RO         2456    .ARM.Collect$$libinit$$0000002C  c_w.l(libinit2.o)
    0x08000218   0x08000218   0x00000000   Code   RO         2458    .ARM.Collect$$libinit$$0000002E  c_w.l(libinit2.o)
    0x08000218   0x08000218   0x00000000   Code   RO         2460    .ARM.Collect$$libinit$$00000030  c_w.l(libinit2.o)
    0x08000218   0x08000218   0x00000000   Code   RO         2462    .ARM.Collect$$libinit$$00000032  c_w.l(libinit2.o)
    0x08000218   0x08000218   0x00000002   Code   RO         2463    .ARM.Collect$$libinit$$00000033  c_w.l(libinit2.o)
    0x0800021a   0x0800021a   0x00000002   Code   RO         2487    .ARM.Collect$$libshutdown$$00000000  c_w.l(libshutdown.o)
    0x0800021c   0x0800021c   0x00000000   Code   RO         2511    .ARM.Collect$$libshutdown$$00000002  c_w.l(libshutdown2.o)
    0x0800021c   0x0800021c   0x00000000   Code   RO         2513    .ARM.Collect$$libshutdown$$00000004  c_w.l(libshutdown2.o)
    0x0800021c   0x0800021c   0x00000000   Code   RO         2515    .ARM.Collect$$libshutdown$$00000006  c_w.l(libshutdown2.o)
    0x0800021c   0x0800021c   0x00000000   Code   RO         2518    .ARM.Collect$$libshutdown$$00000009  c_w.l(libshutdown2.o)
    0x0800021c   0x0800021c   0x00000000   Code   RO         2521    .ARM.Collect$$libshutdown$$0000000C  c_w.l(libshutdown2.o)
    0x0800021c   0x0800021c   0x00000000   Code   RO         2523    .ARM.Collect$$libshutdown$$0000000E  c_w.l(libshutdown2.o)
    0x0800021c   0x0800021c   0x00000000   Code   RO         2526    .ARM.Collect$$libshutdown$$00000011  c_w.l(libshutdown2.o)
    0x0800021c   0x0800021c   0x00000002   Code   RO         2527    .ARM.Collect$$libshutdown$$00000012  c_w.l(libshutdown2.o)
    0x0800021e   0x0800021e   0x00000000   Code   RO         2343    .ARM.Collect$$rtentry$$00000000  c_w.l(__rtentry.o)
    0x0800021e   0x0800021e   0x00000000   Code   RO         2370    .ARM.Collect$$rtentry$$00000002  c_w.l(__rtentry2.o)
    0x0800021e   0x0800021e   0x00000006   Code   RO         2382    .ARM.Collect$$rtentry$$00000004  c_w.l(__rtentry4.o)
    0x08000224   0x08000224   0x00000000   Code   RO         2372    .ARM.Collect$$rtentry$$00000009  c_w.l(__rtentry2.o)
    0x08000224   0x08000224   0x00000004   Code   RO         2373    .ARM.Collect$$rtentry$$0000000A  c_w.l(__rtentry2.o)
    0x08000228   0x08000228   0x00000000   Code   RO         2375    .ARM.Collect$$rtentry$$0000000C  c_w.l(__rtentry2.o)
    0x08000228   0x08000228   0x00000008   Code   RO         2376    .ARM.Collect$$rtentry$$0000000D  c_w.l(__rtentry2.o)
    0x08000230   0x08000230   0x00000002   Code   RO         2411    .ARM.Collect$$rtexit$$00000000  c_w.l(rtexit.o)
    0x08000232   0x08000232   0x00000000   Code   RO         2465    .ARM.Collect$$rtexit$$00000002  c_w.l(rtexit2.o)
    0x08000232   0x08000232   0x00000004   Code   RO         2466    .ARM.Collect$$rtexit$$00000003  c_w.l(rtexit2.o)
    0x08000236   0x08000236   0x00000006   Code   RO         2467    .ARM.Collect$$rtexit$$00000004  c_w.l(rtexit2.o)
    0x0800023c   0x0800023c   0x00000038   Code   RO            4    .text               startup_stm32f103xe.o
    0x08000274   0x08000274   0x00000002   Code   RO         2217    .text               c_w.l(use_no_semi_2.o)
    0x08000276   0x08000276   0x000000ee   Code   RO         2219    .text               c_w.l(lludivv7m.o)
    0x08000364   0x08000364   0x00000048   Code   RO         2221    .text               c_w.l(llsdiv.o)
    0x080003ac   0x080003ac   0x00000018   Code   RO         2225    .text               c_w.l(noretval__2printf.o)
    0x080003c4   0x080003c4   0x0000004e   Code   RO         2229    .text               c_w.l(_printf_pad.o)
    0x08000412   0x08000412   0x00000052   Code   RO         2231    .text               c_w.l(_printf_str.o)
    0x08000464   0x08000464   0x00000078   Code   RO         2233    .text               c_w.l(_printf_dec.o)
    0x080004dc   0x080004dc   0x0000007c   Code   RO         2235    .text               c_w.l(_printf_longlong_dec.o)
    0x08000558   0x08000558   0x00000058   Code   RO         2240    .text               c_w.l(_printf_hex_int.o)
    0x080005b0   0x080005b0   0x00000188   Code   RO         2275    .text               c_w.l(__printf_flags_ss_wp.o)
    0x08000738   0x08000738   0x00000014   Code   RO         2285    .text               c_w.l(strchr.o)
    0x0800074c   0x0800074c   0x00000058   Code   RO         2287    .text               c_w.l(memcmp.o)
    0x080007a4   0x080007a4   0x00000048   Code   RO         2289    .text               c_w.l(strcpy.o)
    0x080007ec   0x080007ec   0x00000018   Code   RO         2293    .text               c_w.l(strcat.o)
    0x08000804   0x08000804   0x0000008a   Code   RO         2295    .text               c_w.l(rt_memcpy_v6.o)
    0x0800088e   0x0800088e   0x00000064   Code   RO         2297    .text               c_w.l(rt_memcpy_w.o)
    0x080008f2   0x080008f2   0x00000010   Code   RO         2299    .text               c_w.l(aeabi_memset.o)
    0x08000902   0x08000902   0x00000044   Code   RO         2301    .text               c_w.l(rt_memclr.o)
    0x08000946   0x08000946   0x0000004e   Code   RO         2303    .text               c_w.l(rt_memclr_w.o)
    0x08000994   0x08000994   0x00000006   Code   RO         2307    .text               c_w.l(heapauxi.o)
    0x0800099a   0x0800099a   0x00000002   Code   RO         2341    .text               c_w.l(use_no_semi.o)
    0x0800099c   0x0800099c   0x0000008a   Code   RO         2348    .text               c_w.l(lludiv10.o)
    0x08000a26   0x08000a26   0x000000b2   Code   RO         2350    .text               c_w.l(_printf_intcommon.o)
    0x08000ad8   0x08000ad8   0x0000002c   Code   RO         2352    .text               c_w.l(_printf_char.o)
    0x08000b04   0x08000b04   0x00000024   Code   RO         2354    .text               c_w.l(_printf_char_file.o)
    0x08000b28   0x08000b28   0x00000030   Code   RO         2386    .text               c_w.l(_printf_char_common.o)
    0x08000b58   0x08000b58   0x00000008   Code   RO         2388    .text               c_w.l(ferror.o)
    0x08000b60   0x08000b60   0x0000004a   Code   RO         2392    .text               c_w.l(sys_stackheap_outer.o)
    0x08000baa   0x08000baa   0x00000012   Code   RO         2396    .text               c_w.l(exit.o)
    0x08000bbc   0x08000bbc   0x00000008   Code   RO         2408    .text               c_w.l(libspace.o)
    0x08000bc4   0x08000bc4   0x0000003c   Code   RO         2086    i.TIM4_IRQHandler   usmart_port.o
    0x08000c00   0x08000c00   0x00000084   Code   RO          284    i.USART1_IRQHandler  usart.o
    0x08000c84   0x08000c84   0x0000000e   Code   RO         2268    i._is_digit         c_w.l(__printf_wp.o)
    0x08000c92   0x08000c92   0x00000004   Code   RO          286    i._sys_exit         usart.o
    0x08000c96   0x08000c96   0x0000008a   Code   RO         1127    i.change_bitmap     ff.o
    0x08000d20   0x08000d20   0x00000104   Code   RO         1128    i.check_fs          ff.o
    0x08000e24   0x08000e24   0x00000062   Code   RO         1129    i.clmt_clust        ff.o
    0x08000e86   0x08000e86   0x0000001a   Code   RO         1130    i.clst2sect         ff.o
    0x08000ea0   0x08000ea0   0x00000098   Code   RO         1131    i.cmp_lfn           ff.o
    0x08000f38   0x08000f38   0x000001cc   Code   RO         1132    i.create_chain      ff.o
    0x08001104   0x08001104   0x0000025c   Code   RO         1133    i.create_name       ff.o
    0x08001360   0x08001360   0x0000015a   Code   RO         1134    i.create_partition  ff.o
    0x080014ba   0x080014ba   0x00000090   Code   RO         1135    i.create_xdir       ff.o
    0x0800154a   0x0800154a   0x00000002   PAD
    0x0800154c   0x0800154c   0x00000034   Code   RO         1136    i.dbc_1st           ff.o
    0x08001580   0x08001580   0x00000048   Code   RO         1137    i.dbc_2nd           ff.o
    0x080015c8   0x080015c8   0x0000002c   Code   RO          130    i.delay_init        delay.o
    0x080015f4   0x080015f4   0x00000012   Code   RO          131    i.delay_ms          delay.o
    0x08001606   0x08001606   0x00000002   PAD
    0x08001608   0x08001608   0x00000048   Code   RO          132    i.delay_us          delay.o
    0x08001650   0x08001650   0x0000007c   Code   RO         1138    i.dir_alloc         ff.o
    0x080016cc   0x080016cc   0x000000c2   Code   RO         1139    i.dir_clear         ff.o
    0x0800178e   0x0800178e   0x000001a8   Code   RO         1140    i.dir_find          ff.o
    0x08001936   0x08001936   0x000000e0   Code   RO         1141    i.dir_next          ff.o
    0x08001a16   0x08001a16   0x00000102   Code   RO         1142    i.dir_read          ff.o
    0x08001b18   0x08001b18   0x0000022a   Code   RO         1143    i.dir_register      ff.o
    0x08001d42   0x08001d42   0x00000072   Code   RO         1144    i.dir_remove        ff.o
    0x08001db4   0x08001db4   0x000000aa   Code   RO         1145    i.dir_sdi           ff.o
    0x08001e5e   0x08001e5e   0x0000002c   Code   RO         1075    i.disk_initialize   diskio.o
    0x08001e8a   0x08001e8a   0x00000002   PAD
    0x08001e8c   0x08001e8c   0x000000b0   Code   RO         1076    i.disk_ioctl        diskio.o
    0x08001f3c   0x08001f3c   0x0000007e   Code   RO         1077    i.disk_read         diskio.o
    0x08001fba   0x08001fba   0x00000006   Code   RO         1078    i.disk_status       diskio.o
    0x08001fc0   0x08001fc0   0x0000007e   Code   RO         1079    i.disk_write        diskio.o
    0x0800203e   0x0800203e   0x00000002   PAD
    0x08002040   0x08002040   0x00000044   Code   RO         1623    i.exfuns_init       exfuns.o
    0x08002084   0x08002084   0x00000026   Code   RO         1146    i.f_close           ff.o
    0x080020aa   0x080020aa   0x00000018   Code   RO         1147    i.f_closedir        ff.o
    0x080020c2   0x080020c2   0x0000015c   Code   RO         1148    i.f_getfree         ff.o
    0x0800221e   0x0800221e   0x0000013c   Code   RO         1149    i.f_getlabel        ff.o
    0x0800235a   0x0800235a   0x00000050   Code   RO         1150    i.f_gets            ff.o
    0x080023aa   0x080023aa   0x00000456   Code   RO         1151    i.f_lseek           ff.o
    0x08002800   0x08002800   0x000001a2   Code   RO         1152    i.f_mkdir           ff.o
    0x080029a2   0x080029a2   0x00000002   PAD
    0x080029a4   0x080029a4   0x00000dfc   Code   RO         1153    i.f_mkfs            ff.o
    0x080037a0   0x080037a0   0x00000054   Code   RO         1154    i.f_mount           ff.o
    0x080037f4   0x080037f4   0x00000312   Code   RO         1155    i.f_open            ff.o
    0x08003b06   0x08003b06   0x000000b8   Code   RO         1156    i.f_opendir         ff.o
    0x08003bbe   0x08003bbe   0x00000022   Code   RO         1158    i.f_putc            ff.o
    0x08003be0   0x08003be0   0x0000002c   Code   RO         1159    i.f_puts            ff.o
    0x08003c0c   0x08003c0c   0x00000228   Code   RO         1160    i.f_read            ff.o
    0x08003e34   0x08003e34   0x00000070   Code   RO         1161    i.f_readdir         ff.o
    0x08003ea4   0x08003ea4   0x00000204   Code   RO         1162    i.f_rename          ff.o
    0x080040a8   0x080040a8   0x000001ec   Code   RO         1163    i.f_setlabel        ff.o
    0x08004294   0x08004294   0x000001a8   Code   RO         1165    i.f_sync            ff.o
    0x0800443c   0x0800443c   0x000000fc   Code   RO         1167    i.f_unlink          ff.o
    0x08004538   0x08004538   0x00000284   Code   RO         1168    i.f_write           ff.o
    0x080047bc   0x080047bc   0x0000000e   Code   RO         1580    i.ff_memalloc       ffsystem.o
    0x080047ca   0x080047ca   0x0000000e   Code   RO         1581    i.ff_memfree        ffsystem.o
    0x080047d8   0x080047d8   0x00000088   Code   RO         1864    i.ff_oem2uni        myffunicode.o
    0x08004860   0x08004860   0x00000084   Code   RO         1865    i.ff_uni2oem        myffunicode.o
    0x080048e4   0x080048e4   0x000000b0   Code   RO         1866    i.ff_wtoupper       myffunicode.o
    0x08004994   0x08004994   0x00000036   Code   RO         1169    i.fill_first_frag   ff.o
    0x080049ca   0x080049ca   0x00000044   Code   RO         1170    i.fill_last_frag    ff.o
    0x08004a0e   0x08004a0e   0x000000a4   Code   RO         1171    i.find_bitmap       ff.o
    0x08004ab2   0x08004ab2   0x00000078   Code   RO         1172    i.find_volume       ff.o
    0x08004b2a   0x08004b2a   0x000000c4   Code   RO         1173    i.follow_path       ff.o
    0x08004bee   0x08004bee   0x00000002   PAD
    0x08004bf0   0x08004bf0   0x00000040   Code   RO         1901    i.fonts_init        fonts.o
    0x08004c30   0x08004c30   0x00000090   Code   RO         1902    i.fonts_progress_show  fonts.o
    0x08004cc0   0x08004cc0   0x00000200   Code   RO         1903    i.fonts_update_font  fonts.o
    0x08004ec0   0x08004ec0   0x00000164   Code   RO         1904    i.fonts_update_fontx  fonts.o
    0x08005024   0x08005024   0x0000001c   Code   RO          288    i.fputc             usart.o
    0x08005040   0x08005040   0x000000d4   Code   RO         1174    i.gen_numname       ff.o
    0x08005114   0x08005114   0x00000194   Code   RO         1175    i.get_fat           ff.o
    0x080052a8   0x080052a8   0x00000004   Code   RO         1582    i.get_fattime       ffsystem.o
    0x080052ac   0x080052ac   0x0000027a   Code   RO         1176    i.get_fileinfo      ff.o
    0x08005526   0x08005526   0x0000004e   Code   RO         1177    i.get_ldnumber      ff.o
    0x08005574   0x08005574   0x00000032   Code   RO         1178    i.init_alloc_info   ff.o
    0x080055a6   0x080055a6   0x00000002   PAD
    0x080055a8   0x080055a8   0x00000094   Code   RO          625    i.key_init          key.o
    0x0800563c   0x0800563c   0x000000c4   Code   RO          626    i.key_scan          key.o
    0x08005700   0x08005700   0x00000034   Code   RO          373    i.lcd_clear         lcd.o
    0x08005734   0x08005734   0x0000016c   Code   RO          375    i.lcd_display_dir   lcd.o
    0x080058a0   0x080058a0   0x00000020   Code   RO          381    i.lcd_draw_point    lcd.o
    0x080058c0   0x080058c0   0x0000022c   Code   RO          383    i.lcd_ex_ili9341_reginit  lcd.o
    0x08005aec   0x08005aec   0x00000340   Code   RO          384    i.lcd_ex_ili9806_reginit  lcd.o
    0x08005e2c   0x08005e2c   0x00000ef2   Code   RO          385    i.lcd_ex_nt35310_reginit  lcd.o
    0x08006d1e   0x08006d1e   0x00000f6e   Code   RO          386    i.lcd_ex_nt35510_reginit  lcd.o
    0x08007c8c   0x08007c8c   0x0000016e   Code   RO          387    i.lcd_ex_ssd1963_reginit  lcd.o
    0x08007dfa   0x08007dfa   0x000001a8   Code   RO          388    i.lcd_ex_st7789_reginit  lcd.o
    0x08007fa2   0x08007fa2   0x000001c6   Code   RO          389    i.lcd_ex_st7796_reginit  lcd.o
    0x08008168   0x08008168   0x00000054   Code   RO          390    i.lcd_fill          lcd.o
    0x080081bc   0x080081bc   0x0000048c   Code   RO          392    i.lcd_init          lcd.o
    0x08008648   0x08008648   0x0000000c   Code   RO          393    i.lcd_opt_delay     lcd.o
    0x08008654   0x08008654   0x00000016   Code   RO          394    i.lcd_pow           lcd.o
    0x0800866a   0x0800866a   0x00000002   PAD
    0x0800866c   0x0800866c   0x00000018   Code   RO          395    i.lcd_rd_data       lcd.o
    0x08008684   0x08008684   0x0000023c   Code   RO          397    i.lcd_scan_dir      lcd.o
    0x080088c0   0x080088c0   0x00000120   Code   RO          398    i.lcd_set_cursor    lcd.o
    0x080089e0   0x080089e0   0x00000140   Code   RO          400    i.lcd_show_char     lcd.o
    0x08008b20   0x08008b20   0x00000098   Code   RO          401    i.lcd_show_num      lcd.o
    0x08008bb8   0x08008bb8   0x0000006a   Code   RO          402    i.lcd_show_string   lcd.o
    0x08008c22   0x08008c22   0x00000002   PAD
    0x08008c24   0x08008c24   0x00000054   Code   RO          404    i.lcd_ssd_backlight_set  lcd.o
    0x08008c78   0x08008c78   0x00000018   Code   RO          405    i.lcd_wr_data       lcd.o
    0x08008c90   0x08008c90   0x00000018   Code   RO          406    i.lcd_wr_regno      lcd.o
    0x08008ca8   0x08008ca8   0x00000014   Code   RO          407    i.lcd_write_ram_prepare  lcd.o
    0x08008cbc   0x08008cbc   0x00000010   Code   RO          408    i.lcd_write_reg     lcd.o
    0x08008ccc   0x08008ccc   0x00000026   Code   RO         1179    i.ld_clust          ff.o
    0x08008cf2   0x08008cf2   0x00000018   Code   RO         1180    i.ld_dword          ff.o
    0x08008d0a   0x08008d0a   0x00000062   Code   RO         1181    i.ld_qword          ff.o
    0x08008d6c   0x08008d6c   0x0000000c   Code   RO         1182    i.ld_word           ff.o
    0x08008d78   0x08008d78   0x00000068   Code   RO          349    i.led_init          led.o
    0x08008de0   0x08008de0   0x00000040   Code   RO         1183    i.load_obj_xdir     ff.o
    0x08008e20   0x08008e20   0x0000010e   Code   RO         1184    i.load_xdir         ff.o
    0x08008f2e   0x08008f2e   0x00000002   PAD
    0x08008f30   0x08008f30   0x00000498   Code   RO           13    i.main              main.o
    0x080093c8   0x080093c8   0x00000014   Code   RO         1695    i.mf_close          fattester.o
    0x080093dc   0x080093dc   0x00000010   Code   RO         1696    i.mf_closedir       fattester.o
    0x080093ec   0x080093ec   0x0000002c   Code   RO         1697    i.mf_fmkfs          fattester.o
    0x08009418   0x08009418   0x00000020   Code   RO         1698    i.mf_free           fattester.o
    0x08009438   0x08009438   0x00000084   Code   RO         1699    i.mf_getlabel       fattester.o
    0x080094bc   0x080094bc   0x00000048   Code   RO         1700    i.mf_gets           fattester.o
    0x08009504   0x08009504   0x00000040   Code   RO         1701    i.mf_init           fattester.o
    0x08009544   0x08009544   0x00000018   Code   RO         1702    i.mf_lseek          fattester.o
    0x0800955c   0x0800955c   0x0000000c   Code   RO         1703    i.mf_mkdir          fattester.o
    0x08009568   0x08009568   0x00000018   Code   RO         1704    i.mf_mount          fattester.o
    0x08009580   0x08009580   0x0000001c   Code   RO         1705    i.mf_open           fattester.o
    0x0800959c   0x0800959c   0x00000014   Code   RO         1706    i.mf_opendir        fattester.o
    0x080095b0   0x080095b0   0x00000018   Code   RO         1707    i.mf_putc           fattester.o
    0x080095c8   0x080095c8   0x00000018   Code   RO         1708    i.mf_puts           fattester.o
    0x080095e0   0x080095e0   0x0000015c   Code   RO         1709    i.mf_read           fattester.o
    0x0800973c   0x0800973c   0x00000274   Code   RO         1710    i.mf_readdir        fattester.o
    0x080099b0   0x080099b0   0x00000010   Code   RO         1711    i.mf_rename         fattester.o
    0x080099c0   0x080099c0   0x00000064   Code   RO         1712    i.mf_scan_files     fattester.o
    0x08009a24   0x08009a24   0x0000005c   Code   RO         1713    i.mf_setlabel       fattester.o
    0x08009a80   0x08009a80   0x000000a8   Code   RO         1714    i.mf_showfree       fattester.o
    0x08009b28   0x08009b28   0x0000000c   Code   RO         1715    i.mf_size           fattester.o
    0x08009b34   0x08009b34   0x0000000c   Code   RO         1716    i.mf_tell           fattester.o
    0x08009b40   0x08009b40   0x0000000c   Code   RO         1717    i.mf_unlink         fattester.o
    0x08009b4c   0x08009b4c   0x000000c4   Code   RO         1718    i.mf_write          fattester.o
    0x08009c10   0x08009c10   0x00000474   Code   RO         1185    i.mount_volume      ff.o
    0x0800a084   0x0800a084   0x00000034   Code   RO         1186    i.move_window       ff.o
    0x0800a0b8   0x0800a0b8   0x0000006c   Code   RO          996    i.my_mem_free       malloc.o
    0x0800a124   0x0800a124   0x00000030   Code   RO          997    i.my_mem_init       malloc.o
    0x0800a154   0x0800a154   0x000000a8   Code   RO          998    i.my_mem_malloc     malloc.o
    0x0800a1fc   0x0800a1fc   0x00000040   Code   RO          999    i.my_mem_perused    malloc.o
    0x0800a23c   0x0800a23c   0x00000014   Code   RO         1000    i.my_mem_set        malloc.o
    0x0800a250   0x0800a250   0x00000024   Code   RO         1001    i.myfree            malloc.o
    0x0800a274   0x0800a274   0x00000028   Code   RO         1002    i.mymalloc          malloc.o
    0x0800a29c   0x0800a29c   0x0000003c   Code   RO          900    i.norflash_erase_sector  norflash.o
    0x0800a2d8   0x0800a2d8   0x00000098   Code   RO          901    i.norflash_init     norflash.o
    0x0800a370   0x0800a370   0x00000048   Code   RO          902    i.norflash_read     norflash.o
    0x0800a3b8   0x0800a3b8   0x00000048   Code   RO          903    i.norflash_read_id  norflash.o
    0x0800a400   0x0800a400   0x00000054   Code   RO          904    i.norflash_read_sr  norflash.o
    0x0800a454   0x0800a454   0x00000034   Code   RO          905    i.norflash_send_address  norflash.o
    0x0800a488   0x0800a488   0x00000014   Code   RO          906    i.norflash_wait_busy  norflash.o
    0x0800a49c   0x0800a49c   0x000000b8   Code   RO          907    i.norflash_write    norflash.o
    0x0800a554   0x0800a554   0x00000024   Code   RO          908    i.norflash_write_enable  norflash.o
    0x0800a578   0x0800a578   0x00000046   Code   RO          909    i.norflash_write_nocheck  norflash.o
    0x0800a5be   0x0800a5be   0x00000002   PAD
    0x0800a5c0   0x0800a5c0   0x00000050   Code   RO          910    i.norflash_write_page  norflash.o
    0x0800a610   0x0800a610   0x00000050   Code   RO          911    i.norflash_write_sr  norflash.o
    0x0800a660   0x0800a660   0x0000008c   Code   RO         1187    i.pick_lfn          ff.o
    0x0800a6ec   0x0800a6ec   0x00000144   Code   RO         1188    i.put_fat           ff.o
    0x0800a830   0x0800a830   0x00000080   Code   RO         1189    i.put_lfn           ff.o
    0x0800a8b0   0x0800a8b0   0x00000042   Code   RO         1190    i.put_utf           ff.o
    0x0800a8f2   0x0800a8f2   0x00000044   Code   RO         1191    i.putc_bfd          ff.o
    0x0800a936   0x0800a936   0x0000002c   Code   RO         1192    i.putc_flush        ff.o
    0x0800a962   0x0800a962   0x00000012   Code   RO         1193    i.putc_init         ff.o
    0x0800a974   0x0800a974   0x00000006   Code   RO         1994    i.read_addr         usmart.o
    0x0800a97a   0x0800a97a   0x0000014a   Code   RO         1194    i.remove_chain      ff.o
    0x0800aac4   0x0800aac4   0x00000174   Code   RO          704    i.sd_init           sdio_sdcard.o
    0x0800ac38   0x0800ac38   0x00000088   Code   RO          705    i.sd_read_disk      sdio_sdcard.o
    0x0800acc0   0x0800acc0   0x0000008c   Code   RO          706    i.sd_write_disk     sdio_sdcard.o
    0x0800ad4c   0x0800ad4c   0x00000014   Code   RO          707    i.sdmmc_clock_set   sdio_sdcard.o
    0x0800ad60   0x0800ad60   0x00000038   Code   RO          708    i.sdmmc_cmd_error   sdio_sdcard.o
    0x0800ad98   0x0800ad98   0x00000070   Code   RO          709    i.sdmmc_cmd_resp1_error  sdio_sdcard.o
    0x0800ae08   0x0800ae08   0x00000060   Code   RO          710    i.sdmmc_cmd_resp2_error  sdio_sdcard.o
    0x0800ae68   0x0800ae68   0x00000048   Code   RO          711    i.sdmmc_cmd_resp3_error  sdio_sdcard.o
    0x0800aeb0   0x0800aeb0   0x000000a0   Code   RO          712    i.sdmmc_cmd_resp6_error  sdio_sdcard.o
    0x0800af50   0x0800af50   0x00000054   Code   RO          713    i.sdmmc_cmd_resp7_error  sdio_sdcard.o
    0x0800afa4   0x0800afa4   0x00000130   Code   RO          714    i.sdmmc_find_scr    sdio_sdcard.o
    0x0800b0d4   0x0800b0d4   0x00000310   Code   RO          715    i.sdmmc_get_card_info  sdio_sdcard.o
    0x0800b3e4   0x0800b3e4   0x00000104   Code   RO          717    i.sdmmc_initialize_cards  sdio_sdcard.o
    0x0800b4e8   0x0800b4e8   0x00000090   Code   RO          718    i.sdmmc_is_card_programming  sdio_sdcard.o
    0x0800b578   0x0800b578   0x00000168   Code   RO          719    i.sdmmc_power_on    sdio_sdcard.o
    0x0800b6e0   0x0800b6e0   0x000001c8   Code   RO          720    i.sdmmc_read_blocks  sdio_sdcard.o
    0x0800b8a8   0x0800b8a8   0x00000016   Code   RO          721    i.sdmmc_select_deselect  sdio_sdcard.o
    0x0800b8be   0x0800b8be   0x00000002   PAD
    0x0800b8c0   0x0800b8c0   0x00000024   Code   RO          722    i.sdmmc_send_cmd    sdio_sdcard.o
    0x0800b8e4   0x0800b8e4   0x00000034   Code   RO          723    i.sdmmc_send_data_cfg  sdio_sdcard.o
    0x0800b918   0x0800b918   0x00000080   Code   RO          725    i.sdmmc_wide_bus_enable  sdio_sdcard.o
    0x0800b998   0x0800b998   0x00000060   Code   RO          726    i.sdmmc_wide_bus_operation  sdio_sdcard.o
    0x0800b9f8   0x0800b9f8   0x000002f4   Code   RO          727    i.sdmmc_write_blocks  sdio_sdcard.o
    0x0800bcec   0x0800bcec   0x000000bc   Code   RO          860    i.spi2_init         spi.o
    0x0800bda8   0x0800bda8   0x00000034   Code   RO          861    i.spi2_read_write_byte  spi.o
    0x0800bddc   0x0800bddc   0x00000034   Code   RO          862    i.spi2_set_speed    spi.o
    0x0800be10   0x0800be10   0x0000016c   Code   RO          656    i.sram_init         sram.o
    0x0800bf7c   0x0800bf7c   0x00000024   Code   RO         1195    i.st_clust          ff.o
    0x0800bfa0   0x0800bfa0   0x00000018   Code   RO         1196    i.st_dword          ff.o
    0x0800bfb8   0x0800bfb8   0x0000005c   Code   RO         1197    i.st_qword          ff.o
    0x0800c014   0x0800c014   0x0000000c   Code   RO         1198    i.st_word           ff.o
    0x0800c020   0x0800c020   0x00000072   Code   RO         1199    i.store_xdir        ff.o
    0x0800c092   0x0800c092   0x00000020   Code   RO         1200    i.sum_sfn           ff.o
    0x0800c0b2   0x0800c0b2   0x00000002   PAD
    0x0800c0b4   0x0800c0b4   0x0000008c   Code   RO         1201    i.sync_fs           ff.o
    0x0800c140   0x0800c140   0x0000004a   Code   RO         1202    i.sync_window       ff.o
    0x0800c18a   0x0800c18a   0x00000002   PAD
    0x0800c18c   0x0800c18c   0x000000ac   Code   RO          168    i.sys_clock_set     sys.o
    0x0800c238   0x0800c238   0x00000010   Code   RO          169    i.sys_gpio_pin_get  sys.o
    0x0800c248   0x0800c248   0x00000018   Code   RO          170    i.sys_gpio_pin_set  sys.o
    0x0800c260   0x0800c260   0x000000ea   Code   RO          172    i.sys_gpio_set      sys.o
    0x0800c34a   0x0800c34a   0x00000004   Code   RO          173    i.sys_intx_disable  sys.o
    0x0800c34e   0x0800c34e   0x00000004   Code   RO          174    i.sys_intx_enable   sys.o
    0x0800c352   0x0800c352   0x00000002   PAD
    0x0800c354   0x0800c354   0x00000078   Code   RO          177    i.sys_nvic_init     sys.o
    0x0800c3cc   0x0800c3cc   0x00000028   Code   RO          178    i.sys_nvic_priority_group_config  sys.o
    0x0800c3f4   0x0800c3f4   0x00000010   Code   RO          179    i.sys_nvic_set_vector_table  sys.o
    0x0800c404   0x0800c404   0x00000070   Code   RO          182    i.sys_stm32_clock_init  sys.o
    0x0800c474   0x0800c474   0x0000004c   Code   RO         1203    i.tchar2uni         ff.o
    0x0800c4c0   0x0800c4c0   0x000000e0   Code   RO         1953    i.text_get_hz_mat   text.o
    0x0800c5a0   0x0800c5a0   0x000000e0   Code   RO         1954    i.text_show_font    text.o
    0x0800c680   0x0800c680   0x000000c6   Code   RO         1955    i.text_show_string  text.o
    0x0800c746   0x0800c746   0x00000002   PAD
    0x0800c748   0x0800c748   0x000000c4   Code   RO          289    i.usart_init        usart.o
    0x0800c80c   0x0800c80c   0x000000b0   Code   RO         1995    i.usmart_cmd_rec    usmart.o
    0x0800c8bc   0x0800c8bc   0x000002d4   Code   RO         1996    i.usmart_exe        usmart.o
    0x0800cb90   0x0800cb90   0x000000d4   Code   RO         2134    i.usmart_get_aparm  usmart_str.o
    0x0800cc64   0x0800cc64   0x00000036   Code   RO         2135    i.usmart_get_cmdname  usmart_str.o
    0x0800cc9a   0x0800cc9a   0x00000002   PAD
    0x0800cc9c   0x0800cc9c   0x000001c0   Code   RO         2136    i.usmart_get_fname  usmart_str.o
    0x0800ce5c   0x0800ce5c   0x0000010c   Code   RO         2137    i.usmart_get_fparam  usmart_str.o
    0x0800cf68   0x0800cf68   0x00000028   Code   RO         2087    i.usmart_get_input_string  usmart_port.o
    0x0800cf90   0x0800cf90   0x00000020   Code   RO         2138    i.usmart_get_parmpos  usmart_str.o
    0x0800cfb0   0x0800cfb0   0x00000018   Code   RO         1997    i.usmart_init       usmart.o
    0x0800cfc8   0x0800cfc8   0x00000016   Code   RO         2139    i.usmart_pow        usmart_str.o
    0x0800cfde   0x0800cfde   0x00000002   PAD
    0x0800cfe0   0x0800cfe0   0x000000a8   Code   RO         1998    i.usmart_scan       usmart.o
    0x0800d088   0x0800d088   0x00000016   Code   RO         2140    i.usmart_search_nextc  usmart_str.o
    0x0800d09e   0x0800d09e   0x00000106   Code   RO         2141    i.usmart_str2num    usmart_str.o
    0x0800d1a4   0x0800d1a4   0x00000022   Code   RO         2142    i.usmart_strcmp     usmart_str.o
    0x0800d1c6   0x0800d1c6   0x00000016   Code   RO         2143    i.usmart_strcopy    usmart_str.o
    0x0800d1dc   0x0800d1dc   0x00000018   Code   RO         2144    i.usmart_strlen     usmart_str.o
    0x0800d1f4   0x0800d1f4   0x000006f4   Code   RO         1999    i.usmart_sys_cmd_exe  usmart.o
    0x0800d8e8   0x0800d8e8   0x00000040   Code   RO         2088    i.usmart_timx_get_time  usmart_port.o
    0x0800d928   0x0800d928   0x00000068   Code   RO         2089    i.usmart_timx_init  usmart_port.o
    0x0800d990   0x0800d990   0x00000030   Code   RO         2090    i.usmart_timx_reset_time  usmart_port.o
    0x0800d9c0   0x0800d9c0   0x0000003c   Code   RO         1204    i.validate          ff.o
    0x0800d9fc   0x0800d9fc   0x00000004   Code   RO         2000    i.write_addr        usmart.o
    0x0800da00   0x0800da00   0x0000003a   Code   RO         1205    i.xdir_sum          ff.o
    0x0800da3a   0x0800da3a   0x0000004c   Code   RO         1206    i.xname_sum         ff.o
    0x0800da86   0x0800da86   0x0000001a   Code   RO         1207    i.xsum32            ff.o
    0x0800daa0   0x0800daa0   0x0000005a   Code   RO         2311    x$fpl$dfixu         fz_ws.l(dfixu.o)
    0x0800dafa   0x0800dafa   0x00000026   Code   RO         2315    x$fpl$dfltu         fz_ws.l(dflt_clz.o)
    0x0800db20   0x0800db20   0x00000154   Code   RO         2321    x$fpl$dmul          fz_ws.l(dmul.o)
    0x0800dc74   0x0800dc74   0x0000009c   Code   RO         2358    x$fpl$dnaninf       fz_ws.l(dnaninf.o)
    0x0800dd10   0x0800dd10   0x0000000c   Code   RO         2360    x$fpl$dretinf       fz_ws.l(dretinf.o)
    0x0800dd1c   0x0800dd1c   0x00000018   Code   RO         2362    x$fpl$fcmpinf       fz_ws.l(fcmpi.o)
    0x0800dd34   0x0800dd34   0x00000184   Code   RO         2324    x$fpl$fdiv          fz_ws.l(fdiv.o)
    0x0800deb8   0x0800deb8   0x00000068   Code   RO         2327    x$fpl$feqf          fz_ws.l(feqf.o)
    0x0800df20   0x0800df20   0x0000003e   Code   RO         2329    x$fpl$ffixu         fz_ws.l(ffixu.o)
    0x0800df5e   0x0800df5e   0x00000002   PAD
    0x0800df60   0x0800df60   0x00000026   Code   RO         2333    x$fpl$ffltu         fz_ws.l(fflt_clz.o)
    0x0800df86   0x0800df86   0x00000002   PAD
    0x0800df88   0x0800df88   0x00000102   Code   RO         2339    x$fpl$fmul          fz_ws.l(fmul.o)
    0x0800e08a   0x0800e08a   0x0000008c   Code   RO         2364    x$fpl$fnaninf       fz_ws.l(fnaninf.o)
    0x0800e116   0x0800e116   0x0000000a   Code   RO         2366    x$fpl$fretinf       fz_ws.l(fretinf.o)
    0x0800e120   0x0800e120   0x00000000   Code   RO         2368    x$fpl$usenofp       fz_ws.l(usenofp.o)
    0x0800e120   0x0800e120   0x00002f80   Data   RO          410    .constdata          lcd.o
    0x080110a0   0x080110a0   0x00000018   Data   RO         1007    .constdata          malloc.o
    0x080110b8   0x080110b8   0x00000058   Data   RO         1208    .constdata          ff.o
    0x08011110   0x08011110   0x00000010   Data   RO         1720    .constdata          fattester.o
    0x08011120   0x08011120   0x000002ae   Data   RO         1867    .constdata          myffunicode.o
    0x080113ce   0x080113ce   0x00000002   PAD
    0x080113d0   0x080113d0   0x00000020   Data   RO         1906    .constdata          fonts.o
    0x080113f0   0x080113f0   0x00000028   Data   RO         2241    .constdata          c_w.l(_printf_hex_int.o)
    0x08011418   0x08011418   0x00000011   Data   RO         2276    .constdata          c_w.l(__printf_flags_ss_wp.o)
    0x08011429   0x08011429   0x00000003   PAD
    0x0801142c   0x0801142c   0x000000af   Data   RO         1907    .conststring        fonts.o
    0x080114db   0x080114db   0x00000001   PAD
    0x080114dc   0x080114dc   0x00000028   Data   RO         2001    .conststring        usmart.o
    0x08011504   0x08011504   0x0000038c   Data   RO         2061    .conststring        usmart_config.o
    0x08011890   0x08011890   0x00000020   Data   RO         2528    Region$$Table       anon$$obj.o


    Execution Region RW_IRAM1 (Exec base: 0x20000000, Load base: 0x080118b0, Size: 0x0000c7c8, Max: 0x00010000, ABSOLUTE, COMPRESSED[0x000000f8])

    Exec Addr    Load Addr    Size         Type   Attr      Idx    E Section Name        Object

    0x20000000   COMPRESSED   0x00000004   Data   RW          133    .data               delay.o
    0x20000004   COMPRESSED   0x00000006   Data   RW          291    .data               usart.o
    0x2000000a   COMPRESSED   0x00000002   PAD
    0x2000000c   COMPRESSED   0x00000008   Data   RW          411    .data               lcd.o
    0x20000014   COMPRESSED   0x00000001   Data   RW          627    .data               key.o
    0x20000015   COMPRESSED   0x00000003   PAD
    0x20000018   COMPRESSED   0x00000008   Data   RW          729    .data               sdio_sdcard.o
    0x20000020   COMPRESSED   0x00000002   Data   RW          913    .data               norflash.o
    0x20000022   COMPRESSED   0x00000002   PAD
    0x20000024   COMPRESSED   0x0000001c   Data   RW         1008    .data               malloc.o
    0x20000040   COMPRESSED   0x0000000a   Data   RW         1209    .data               ff.o
    0x2000004a   COMPRESSED   0x00000002   PAD
    0x2000004c   COMPRESSED   0x00000008   Data   RW         1626    .data               exfuns.o
    0x20000054   COMPRESSED   0x0000001c   Data   RW         2002    .data               usmart.o
    0x20000070   COMPRESSED   0x000001c4   Data   RW         2062    .data               usmart_config.o
    0x20000234        -       0x000000c8   Zero   RW          290    .bss                usart.o
    0x200002fc        -       0x0000000e   Zero   RW          409    .bss                lcd.o
    0x2000030a   COMPRESSED   0x00000006   PAD
    0x20000310        -       0x00000278   Zero   RW          728    .bss                sdio_sdcard.o
    0x20000588        -       0x00001000   Zero   RW          912    .bss                norflash.o
    0x20001588   COMPRESSED   0x00000038   PAD
    0x200015c0        -       0x0000aa00   Zero   RW         1006    .bss                malloc.o
    0x2000bfc0        -       0x00000180   Zero   RW         1719    .bss                fattester.o
    0x2000c140        -       0x00000021   Zero   RW         1905    .bss                fonts.o
    0x2000c161   COMPRESSED   0x00000003   PAD
    0x2000c164        -       0x00000060   Zero   RW         2409    .bss                c_w.l(libspace.o)
    0x2000c1c4   COMPRESSED   0x00000004   PAD
    0x2000c1c8        -       0x00000200   Zero   RW            2    HEAP                startup_stm32f103xe.o
    0x2000c3c8        -       0x00000400   Zero   RW            1    STACK               startup_stm32f103xe.o



  Load Region LR$$.ARM.__AT_0x68000000 (Base: 0x68000000, Size: 0x00000000, Max: 0x000f0c00, ABSOLUTE)

    Execution Region ER$$.ARM.__AT_0x68000000 (Exec base: 0x68000000, Load base: 0x68000000, Size: 0x000f0c00, Max: 0x000f0c00, ABSOLUTE, UNINIT)

    Exec Addr    Load Addr    Size         Type   Attr      Idx    E Section Name        Object

    0x68000000        -       0x000f0c00   Zero   RW         1004    .ARM.__AT_0x68000000  malloc.o



  Load Region LR$$.ARM.__AT_0x680F0C00 (Base: 0x680f0c00, Size: 0x00000000, Max: 0x0000f0c0, ABSOLUTE)

    Execution Region ER$$.ARM.__AT_0x680F0C00 (Exec base: 0x680f0c00, Load base: 0x680f0c00, Size: 0x0000f0c0, Max: 0x0000f0c0, ABSOLUTE, UNINIT)

    Exec Addr    Load Addr    Size         Type   Attr      Idx    E Section Name        Object

    0x680f0c00        -       0x0000f0c0   Zero   RW         1005    .ARM.__AT_0x680F0C00  malloc.o


==============================================================================

Image component sizes


      Code (inc. data)   RO Data    RW Data    ZI Data      Debug   Object Name

       134         10          0          4          0       2151   delay.o
       478          6          0          0          0       5714   diskio.o
        68          4          0          8          0       1833   exfuns.o
      2120       1002         16          0        384      17254   fattester.o
     20068        218         88         10          0      95772   ff.o
        32          0          0          0          0       1793   ffsystem.o
      1076         54        207          0         33       5810   fonts.o
       344         26          0          1          0       1294   key.o
     13768        166      12160          8         14      27000   lcd.o
       104         14          0          0          0        539   led.o
      1176        282          0          0          0     397231   main.o
       484         54         24         28    1091264       6995   malloc.o
       444         32        686          0          0       3156   myffunicode.o
       962         56          0          2       4096       9068   norflash.o
      4646        266          0          8        632      28435   sdio_sdcard.o
       292         24          0          0          0       1788   spi.o
       364         26          0          0          0        624   sram.o
        56         22        304          0       1536        980   startup_stm32f103xe.o
       742         36          0          0          0       7009   sys.o
       646         10          0          0          0       3876   text.o
       360         34          0          6        200       4573   usart.o
      2882       1310         40         28          0       6430   usmart.o
         0          0        908        452          0       1800   usmart_config.o
       316         48          0          0          0       2967   usmart_port.o
      1400         20          0          0          0       9901   usmart_str.o

    ----------------------------------------------------------------------
     52998       3720      14468        564    1098224     643993   Object Totals
         0          0         32          0          0          0   (incl. Generated)
        36          0          3          9         65          0   (incl. Padding)

    ----------------------------------------------------------------------

      Code (inc. data)   RO Data    RW Data    ZI Data      Debug   Library Member Name

        90          0          0          0          0          0   __dczerorl2.o
         8          0          0          0          0         68   __main.o
       392          4         17          0          0         92   __printf_flags_ss_wp.o
        14          0          0          0          0         68   __printf_wp.o
         0          0          0          0          0          0   __rtentry.o
        12          0          0          0          0          0   __rtentry2.o
         6          0          0          0          0          0   __rtentry4.o
        52          8          0          0          0          0   __scatter.o
        28          0          0          0          0          0   __scatter_zi.o
         6          0          0          0          0          0   _printf_c.o
        44          0          0          0          0        108   _printf_char.o
        48          6          0          0          0         96   _printf_char_common.o
        36          4          0          0          0         80   _printf_char_file.o
         6          0          0          0          0          0   _printf_d.o
       120         16          0          0          0         92   _printf_dec.o
        88          4         40          0          0         88   _printf_hex_int.o
       178          0          0          0          0         88   _printf_intcommon.o
        10          0          0          0          0          0   _printf_ll.o
         6          0          0          0          0          0   _printf_lld.o
       124         16          0          0          0         92   _printf_longlong_dec.o
        78          0          0          0          0        108   _printf_pad.o
         0          0          0          0          0          0   _printf_percent.o
         4          0          0          0          0          0   _printf_percent_end.o
         6          0          0          0          0          0   _printf_s.o
        82          0          0          0          0         80   _printf_str.o
         6          0          0          0          0          0   _printf_u.o
         6          0          0          0          0          0   _printf_x.o
        16          0          0          0          0         68   aeabi_memset.o
        18          0          0          0          0         80   exit.o
         8          0          0          0          0         68   ferror.o
         6          0          0          0          0        152   heapauxi.o
         2          0          0          0          0          0   libinit.o
         2          0          0          0          0          0   libinit2.o
         2          0          0          0          0          0   libshutdown.o
         2          0          0          0          0          0   libshutdown2.o
         8          4          0          0         96         68   libspace.o
        72          0          0          0          0         76   llsdiv.o
       138          0          0          0          0         80   lludiv10.o
       238          0          0          0          0        100   lludivv7m.o
        88          0          0          0          0         76   memcmp.o
        24          4          0          0          0         84   noretval__2printf.o
        68          0          0          0          0         68   rt_memclr.o
        78          0          0          0          0         80   rt_memclr_w.o
       138          0          0          0          0         68   rt_memcpy_v6.o
       100          0          0          0          0         80   rt_memcpy_w.o
         2          0          0          0          0          0   rtexit.o
        10          0          0          0          0          0   rtexit2.o
        24          0          0          0          0         68   strcat.o
        20          0          0          0          0         68   strchr.o
        72          0          0          0          0         80   strcpy.o
        74          0          0          0          0         80   sys_stackheap_outer.o
         2          0          0          0          0         68   use_no_semi.o
         2          0          0          0          0         68   use_no_semi_2.o
        90          4          0          0          0         92   dfixu.o
        38          0          0          0          0         68   dflt_clz.o
       340         12          0          0          0        104   dmul.o
       156          4          0          0          0         92   dnaninf.o
        12          0          0          0          0         68   dretinf.o
        24          0          0          0          0         68   fcmpi.o
       388         76          0          0          0         96   fdiv.o
       104          4          0          0          0         84   feqf.o
        62          4          0          0          0         84   ffixu.o
        38          0          0          0          0         68   fflt_clz.o
       258          4          0          0          0         84   fmul.o
       140          4          0          0          0         84   fnaninf.o
        10          0          0          0          0         68   fretinf.o
         0          0          0          0          0          0   usenofp.o

    ----------------------------------------------------------------------
      4330        178         60          0        100       3700   Library Totals
         6          0          3          0          4          0   (incl. Padding)

    ----------------------------------------------------------------------

      Code (inc. data)   RO Data    RW Data    ZI Data      Debug   Library Name

      2664         66         57          0         96       2640   c_w.l
      1660        112          0          0          0       1060   fz_ws.l

    ----------------------------------------------------------------------
      4330        178         60          0        100       3700   Library Totals

    ----------------------------------------------------------------------

==============================================================================


      Code (inc. data)   RO Data    RW Data    ZI Data      Debug   

     57328       3898      14528        564    1098324     633649   Grand Totals
     57328       3898      14528        248    1098324     633649   ELF Image Totals (compressed)
     57328       3898      14528        248          0          0   ROM Totals

==============================================================================

    Total RO  Size (Code + RO Data)                71856 (  70.17kB)
    Total RW  Size (RW Data + ZI Data)           1098888 (1073.13kB)
    Total ROM Size (Code + RO Data + RW Data)      72104 (  70.41kB)

==============================================================================

