Component: ARM Compiler 5.06 update 7 (build 960) Tool: armlink [4d3601]

==============================================================================

Section Cross References

    startup_stm32f103xe.o(STACK) refers (Special) to heapauxi.o(.text) for __use_two_region_memory
    startup_stm32f103xe.o(HEAP) refers (Special) to heapauxi.o(.text) for __use_two_region_memory
    startup_stm32f103xe.o(RESET) refers (Special) to heapauxi.o(.text) for __use_two_region_memory
    startup_stm32f103xe.o(RESET) refers to startup_stm32f103xe.o(STACK) for __initial_sp
    startup_stm32f103xe.o(RESET) refers to startup_stm32f103xe.o(.text) for Reset_Handler
    startup_stm32f103xe.o(RESET) refers to usmart_port.o(i.TIM4_IRQHandler) for TIM4_IRQHandler
    startup_stm32f103xe.o(RESET) refers to usart.o(i.USART1_IRQHandler) for USART1_IRQHandler
    startup_stm32f103xe.o(.text) refers (Special) to heapauxi.o(.text) for __use_two_region_memory
    startup_stm32f103xe.o(.text) refers to __main.o(!!!main) for __main
    startup_stm32f103xe.o(.text) refers to startup_stm32f103xe.o(HEAP) for Heap_Mem
    startup_stm32f103xe.o(.text) refers to startup_stm32f103xe.o(STACK) for Stack_Mem
    main.o(i.main) refers to sys.o(i.sys_stm32_clock_init) for sys_stm32_clock_init
    main.o(i.main) refers to delay.o(i.delay_init) for delay_init
    main.o(i.main) refers to usart.o(i.usart_init) for usart_init
    main.o(i.main) refers to led.o(i.led_init) for led_init
    main.o(i.main) refers to lcd.o(i.lcd_init) for lcd_init
    main.o(i.main) refers to key.o(i.key_init) for key_init
    main.o(i.main) refers to sram.o(i.sram_init) for sram_init
    main.o(i.main) refers to norflash.o(i.norflash_init) for norflash_init
    main.o(i.main) refers to malloc.o(i.my_mem_init) for my_mem_init
    main.o(i.main) refers to lcd.o(i.lcd_show_string) for lcd_show_string
    main.o(i.main) refers to delay.o(i.delay_ms) for delay_ms
    main.o(i.main) refers to sdio_sdcard.o(i.sd_init) for sd_init
    main.o(i.main) refers to exfuns.o(i.exfuns_init) for exfuns_init
    main.o(i.main) refers to ff.o(i.f_mount) for f_mount
    main.o(i.main) refers to ff.o(i.f_mkfs) for f_mkfs
    main.o(i.main) refers to ff.o(i.f_setlabel) for f_setlabel
    main.o(i.main) refers to lcd.o(i.lcd_fill) for lcd_fill
    main.o(i.main) refers to exfuns.o(i.exfuns_get_free) for exfuns_get_free
    main.o(i.main) refers to lcd.o(i.lcd_show_num) for lcd_show_num
    main.o(i.main) refers to usmart_config.o(.data) for usmart_dev
    main.o(i.main) refers to exfuns.o(.data) for fs
    delay.o(i.delay_init) refers to delay.o(.data) for g_fac_us
    delay.o(i.delay_ms) refers to delay.o(i.delay_us) for delay_us
    delay.o(i.delay_us) refers to delay.o(.data) for g_fac_us
    sys.o(i.sys_nvic_init) refers to sys.o(i.sys_nvic_priority_group_config) for sys_nvic_priority_group_config
    sys.o(i.sys_standby) refers to sys.o(i.sys_wfi_set) for sys_wfi_set
    sys.o(i.sys_stm32_clock_init) refers to sys.o(i.sys_clock_set) for sys_clock_set
    sys.o(i.sys_stm32_clock_init) refers to sys.o(i.sys_nvic_set_vector_table) for sys_nvic_set_vector_table
    usart.o(.rev16_text) refers (Special) to use_no_semi_2.o(.text) for __use_no_semihosting
    usart.o(.revsh_text) refers (Special) to use_no_semi_2.o(.text) for __use_no_semihosting
    usart.o(.rrx_text) refers (Special) to use_no_semi_2.o(.text) for __use_no_semihosting
    usart.o(i.USART1_IRQHandler) refers (Special) to use_no_semi_2.o(.text) for __use_no_semihosting
    usart.o(i.USART1_IRQHandler) refers to usart.o(.data) for g_usart_rx_sta
    usart.o(i.USART1_IRQHandler) refers to usart.o(.bss) for g_usart_rx_buf
    usart.o(i._sys_command_string) refers (Special) to use_no_semi_2.o(.text) for __use_no_semihosting
    usart.o(i._sys_exit) refers (Special) to use_no_semi_2.o(.text) for __use_no_semihosting
    usart.o(i._ttywrch) refers (Special) to use_no_semi_2.o(.text) for __use_no_semihosting
    usart.o(i.fputc) refers (Special) to use_no_semi_2.o(.text) for __use_no_semihosting
    usart.o(i.usart_init) refers (Special) to use_no_semi_2.o(.text) for __use_no_semihosting
    usart.o(i.usart_init) refers to sys.o(i.sys_gpio_set) for sys_gpio_set
    usart.o(i.usart_init) refers to sys.o(i.sys_nvic_init) for sys_nvic_init
    usart.o(.bss) refers (Special) to use_no_semi_2.o(.text) for __use_no_semihosting
    usart.o(.data) refers (Special) to use_no_semi_2.o(.text) for __use_no_semihosting
    led.o(i.led_init) refers to sys.o(i.sys_gpio_set) for sys_gpio_set
    led.o(i.led_init) refers to sys.o(i.sys_gpio_pin_set) for sys_gpio_pin_set
    lcd.o(i.lcd_clear) refers to lcd.o(i.lcd_set_cursor) for lcd_set_cursor
    lcd.o(i.lcd_clear) refers to lcd.o(i.lcd_write_ram_prepare) for lcd_write_ram_prepare
    lcd.o(i.lcd_clear) refers to lcd.o(.bss) for lcddev
    lcd.o(i.lcd_color_fill) refers to lcd.o(i.lcd_set_cursor) for lcd_set_cursor
[...]
    x$fpl$dfltu                              0x0800d246   Section       38  dflt_clz.o(x$fpl$dfltu)
    x$fpl$dmul                               0x0800d26c   Section      340  dmul.o(x$fpl$dmul)
    x$fpl$dnaninf                            0x0800d3c0   Section      156  dnaninf.o(x$fpl$dnaninf)
    x$fpl$dretinf                            0x0800d45c   Section       12  dretinf.o(x$fpl$dretinf)
    .constdata                               0x0800d468   Section    12160  lcd.o(.constdata)
    x$fpl$usenofp                            0x0800d468   Section        0  usenofp.o(x$fpl$usenofp)
    .constdata                               0x080103e8   Section       24  malloc.o(.constdata)
    .constdata                               0x08010400   Section       88  ff.o(.constdata)
    LfnOfs                                   0x08010400   Data          13  ff.o(.constdata)
    DbcTbl                                   0x0801040d   Data          10  ff.o(.constdata)
    badchr                                   0x08010417   Data          18  ff.o(.constdata)
    cst                                      0x0801042a   Data          14  ff.o(.constdata)
    cst32                                    0x08010438   Data          14  ff.o(.constdata)
    defopt                                   0x08010448   Data          16  ff.o(.constdata)
    .constdata                               0x08010458   Section    175030  ffunicode.o(.constdata)
    uni2oem936                               0x08010458   Data       87172  ffunicode.o(.constdata)
    oem2uni936                               0x080258dc   Data       87172  ffunicode.o(.constdata)
    cvt1                                     0x0803ad60   Data         498  ffunicode.o(.constdata)
    cvt2                                     0x0803af52   Data         188  ffunicode.o(.constdata)
    .constdata                               0x0803b010   Section       16  fattester.o(.constdata)
    .constdata                               0x0803b020   Section       40  _printf_hex_int.o(.constdata)
    uc_hextab                                0x0803b020   Data          20  _printf_hex_int.o(.constdata)
    lc_hextab                                0x0803b034   Data          20  _printf_hex_int.o(.constdata)
    .constdata                               0x0803b048   Section       17  __printf_flags_ss_wp.o(.constdata)
    maptable                                 0x0803b048   Data          17  __printf_flags_ss_wp.o(.constdata)
    .conststring                             0x0803b05c   Section       40  usmart.o(.conststring)
    .conststring                             0x0803b084   Section      908  usmart_config.o(.conststring)
    .data                                    0x20000000   Section        4  delay.o(.data)
    g_fac_us                                 0x20000000   Data           4  delay.o(.data)
    .data                                    0x20000004   Section        6  usart.o(.data)
    .data                                    0x2000000c   Section        8  lcd.o(.data)
    .data                                    0x20000014   Section        8  sdio_sdcard.o(.data)
    CardType                                 0x20000014   Data           1  sdio_sdcard.o(.data)
    RCA                                      0x20000018   Data           4  sdio_sdcard.o(.data)
    .data                                    0x2000001c   Section        2  norflash.o(.data)
    .data                                    0x20000020   Section       28  malloc.o(.data)
    .data                                    0x2000003c   Section       10  ff.o(.data)
    FatFs                                    0x2000003c   Data           8  ff.o(.data)
    Fsid                                     0x20000044   Data           2  ff.o(.data)
    .data                                    0x20000048   Section        8  exfuns.o(.data)
    .data                                    0x20000050   Section       28  usmart.o(.data)
    .data                                    0x2000006c   Section      452  usmart_config.o(.data)
    .bss                                     0x20000230   Section      200  usart.o(.bss)
    .bss                                     0x200002f8   Section       14  lcd.o(.bss)
    .bss                                     0x20000308   Section      632  sdio_sdcard.o(.bss)
    CSD_Tab                                  0x20000308   Data          16  sdio_sdcard.o(.bss)
    CID_Tab                                  0x20000318   Data          16  sdio_sdcard.o(.bss)
    .bss                                     0x20000580   Section     4096  norflash.o(.bss)
    .bss                                     0x20001580   Section    43520  malloc.o(.bss)
    mem1base                                 0x20001580   Data       40960  malloc.o(.bss)
    mem1mapbase                              0x2000b580   Data        2560  malloc.o(.bss)
    .bss                                     0x2000bf80   Section      384  fattester.o(.bss)
    .bss                                     0x2000c100   Section       96  libspace.o(.bss)
    HEAP                                     0x2000c160   Section      512  startup_stm32f103xe.o(HEAP)
    Heap_Mem                                 0x2000c160   Data         512  startup_stm32f103xe.o(HEAP)
    STACK                                    0x2000c360   Section     1024  startup_stm32f103xe.o(STACK)
    Stack_Mem                                0x2000c360   Data        1024  startup_stm32f103xe.o(STACK)
    __initial_sp                             0x2000c760   Data           0  startup_stm32f103xe.o(STACK)
    .ARM.__AT_0x68000000                     0x68000000   Section    986112  malloc.o(.ARM.__AT_0x68000000)
    mem2base                                 0x68000000   Data       986112  malloc.o(.ARM.__AT_0x68000000)
    .ARM.__AT_0x680F0C00                     0x680f0c00   Section    61632  malloc.o(.ARM.__AT_0x680F0C00)
    mem2mapbase                              0x680f0c00   Data       61632  malloc.o(.ARM.__AT_0x680F0C00)

    Global Symbols

    Symbol Name                              Value     Ov Type        Size  Object(Section)

    BuildAttributes$$THM_ISAv4$P$D$K$B$S$PE$A:L22UL41UL21$X:L11$S22US41US21$IEEE1$IW$USESV6$~STKCKD$USESV7$~SHL$OSPACE$ROPI$EBA8$UX$STANDARDLIB$REQ8$PRES8$EABIv2 0x00000000   Number         0  anon$$obj.o ABSOLUTE
    __ARM_use_no_argv                        0x00000000   Number         0  main.o ABSOLUTE
    _printf_flags                            0x00000000   Number         0  printf_stubs.o ABSOLUTE
    _printf_return_value                     0x00000000   Number         0  printf_stubs.o ABSOLUTE
    _printf_sizespec                         0x00000000   Number         0  printf_stubs.o ABSOLUTE
    _printf_widthprec                        0x00000000   Number         0  printf_stubs.o ABSOLUTE
    __ARM_exceptions_init                     - Undefined Weak Reference
    __alloca_initialize                       - Undefined Weak Reference
    __arm_fini_                               - Undefined Weak Reference
    __arm_preinit_                            - Undefined Weak Reference
    __cpp_initialize__aeabi_                  - Undefined Weak Reference
    __cxa_finalize                            - Undefined Weak Reference
    __rt_locale                               - Undefined Weak Reference
    __sigvec_lookup                           - Undefined Weak Reference
    _atexit_init                              - Undefined Weak Reference
    _call_atexit_fns                          - Undefined Weak Reference
    _clock_init                               - Undefined Weak Reference
    _fp_trap_init                             - Undefined Weak Reference
    _fp_trap_shutdown                         - Undefined Weak Reference
    _get_lc_collate                           - Undefined Weak Reference
    _get_lc_ctype                             - Undefined Weak Reference
    _get_lc_monetary                          - Undefined Weak Reference
    _get_lc_numeric                           - Undefined Weak Reference
    _get_lc_time                              - Undefined Weak Reference
    _getenv_init                              - Undefined Weak Reference
    _handle_redirection                       - Undefined Weak Reference
    _init_alloc                               - Undefined Weak Reference
    _init_user_alloc                          - Undefined Weak Reference
    _initio                                   - Undefined Weak Reference
    _mutex_acquire                            - Undefined Weak Reference
    _mutex_release                            - Undefined Weak Reference
    _printf_mbtowc                            - Undefined Weak Reference
    _printf_truncate_signed                   - Undefined Weak Reference
    _printf_truncate_unsigned                 - Undefined Weak Reference
    _rand_init                                - Undefined Weak Reference
    _signal_finish                            - Undefined Weak Reference
    _signal_init                              - Undefined Weak Reference
    _terminate_alloc                          - Undefined Weak Reference
    _terminate_user_alloc                     - Undefined Weak Reference
    _terminateio                              - Undefined Weak Reference
    __Vectors_Size                           0x00000130   Number         0  startup_stm32f103xe.o ABSOLUTE
    __Vectors                                0x08000000   Data           4  startup_stm32f103xe.o(RESET)
    __Vectors_End                            0x08000130   Data           0  startup_stm32f103xe.o(RESET)
    __main                                   0x08000131   Thumb Code     8  __main.o(!!!main)
    __scatterload                            0x08000139   Thumb Code     0  __scatter.o(!!!scatter)
    __scatterload_rt2                        0x08000139   Thumb Code    44  __scatter.o(!!!scatter)
    __scatterload_rt2_thumb_only             0x08000139   Thumb Code     0  __scatter.o(!!!scatter)
    __scatterload_null                       0x08000147   Thumb Code     0  __scatter.o(!!!scatter)
    __decompress                             0x0800016d   Thumb Code    90  __dczerorl2.o(!!dczerorl2)
    __decompress1                            0x0800016d   Thumb Code     0  __dczerorl2.o(!!dczerorl2)
    __scatterload_zeroinit                   0x080001c9   Thumb Code    28  __scatter_zi.o(!!handler_zi)
    _printf_ll                               0x080001e5   Thumb Code     0  _printf_ll.o(.ARM.Collect$$_printf_percent$$00000007)
    _printf_percent                          0x080001e5   Thumb Code     0  _printf_percent.o(.ARM.Collect$$_printf_percent$$00000000)
    _printf_d                                0x080001ef   Thumb Code     0  _printf_d.o(.ARM.Collect$$_printf_percent$$00000009)
    _printf_u                                0x080001f5   Thumb Code     0  _printf_u.o(.ARM.Collect$$_printf_percent$$0000000A)
    _printf_x                                0x080001fb   Thumb Code     0  _printf_x.o(.ARM.Collect$$_printf_percent$$0000000C)
    _printf_lld                              0x08000201   Thumb Code     0  _printf_lld.o(.ARM.Collect$$_printf_percent$$0000000E)
    _printf_c                                0x08000207   Thumb Code     0  _printf_c.o(.ARM.Collect$$_printf_percent$$00000013)
    _printf_s                                0x0800020d   Thumb Code     0  _printf_s.o(.ARM.Collect$$_printf_percent$$00000014)
    _printf_percent_end                      0x08000213   Thumb Code     0  _printf_percent_end.o(.ARM.Collect$$_printf_percent$$00000017)
    __rt_lib_init                            0x08000217   Thumb Code     0  libinit.o(.ARM.Collect$$libinit$$00000000)
    __rt_lib_init_alloca_1                   0x08000219   Thumb Code     0  libinit2.o(.ARM.Collect$$libinit$$0000002E)
    __rt_lib_init_argv_1                     0x08000219   Thumb Code     0  libinit2.o(.ARM.Collect$$libinit$$0000002C)
    __rt_lib_init_atexit_1                   0x08000219   Thumb Code     0  libinit2.o(.ARM.Collect$$libinit$$0000001B)
    __rt_lib_init_clock_1                    0x08000219   Thumb Code     0  libinit2.o(.ARM.Collect$$libinit$$00000021)
    __rt_lib_init_cpp_1                      0x08000219   Thumb Code     0  libinit2.o(.ARM.Collect$$libinit$$00000032)
    __rt_lib_init_exceptions_1               0x08000219   Thumb Code     0  libinit2.o(.ARM.Collect$$libinit$$00000030)
    __rt_lib_init_fp_1                       0x08000219   Thumb Code     0  libinit2.o(.ARM.Collect$$libinit$$00000002)
    __rt_lib_init_fp_trap_1                  0x08000219   Thumb Code     0  libinit2.o(.ARM.Collect$$libinit$$0000001F)
    __rt_lib_init_getenv_1                   0x08000219   Thumb Code     0  libinit2.o(.ARM.Collect$$libinit$$00000023)
    __rt_lib_init_heap_1                     0x08000219   Thumb Code     0  libinit2.o(.ARM.Collect$$libinit$$0000000A)
    __rt_lib_init_lc_collate_1               0x08000219   Thumb Code     0  libinit2.o(.ARM.Collect$$libinit$$00000011)
    __rt_lib_init_lc_ctype_1                 0x08000219   Thumb Code     0  libinit2.o(.ARM.Collect$$libinit$$00000013)
    __rt_lib_init_lc_monetary_1              0x08000219   Thumb Code     0  libinit2.o(.ARM.Collect$$libinit$$00000015)
    __rt_lib_init_lc_numeric_1               0x08000219   Thumb Code     0  libinit2.o(.ARM.Collect$$libinit$$00000017)
    __rt_lib_init_lc_time_1                  0x08000219   Thumb Code     0  libinit2.o(.ARM.Collect$$libinit$$00000019)
    __rt_lib_init_preinit_1                  0x08000219   Thumb Code     0  libinit2.o(.ARM.Collect$$libinit$$00000004)
    __rt_lib_init_rand_1                     0x08000219   Thumb Code     0  libinit2.o(.ARM.Collect$$libinit$$0000000E)
    __rt_lib_init_return                     0x08000219   Thumb Code     0  libinit2.o(.ARM.Collect$$libinit$$00000033)
    __rt_lib_init_signal_1                   0x08000219   Thumb Code     0  libinit2.o(.ARM.Collect$$libinit$$0000001D)
    __rt_lib_init_stdio_1                    0x08000219   Thumb Code     0  libinit2.o(.ARM.Collect$$libinit$$00000025)
    __rt_lib_init_user_alloc_1               0x08000219   Thumb Code     0  libinit2.o(.ARM.Collect$$libinit$$0000000C)
    __rt_lib_shutdown                        0x0800021b   Thumb Code     0  libshutdown.o(.ARM.Collect$$libshutdown$$00000000)
    __rt_lib_shutdown_cpp_1                  0x0800021d   Thumb Code     0  libshutdown2.o(.ARM.Collect$$libshutdown$$00000004)
    __rt_lib_shutdown_fini_1                 0x0800021d   Thumb Code     0  libshutdown2.o(.ARM.Collect$$libshutdown$$00000002)
    __rt_lib_shutdown_fp_trap_1              0x0800021d   Thumb Code     0  libshutdown2.o(.ARM.Collect$$libshutdown$$00000009)
    __rt_lib_shutdown_heap_1                 0x0800021d   Thumb Code     0  libshutdown2.o(.ARM.Collect$$libshutdown$$00000011)
    __rt_lib_shutdown_return                 0x0800021d   Thumb Code     0  libshutdown2.o(.ARM.Collect$$libshutdown$$00000012)
    __rt_lib_shutdown_signal_1               0x0800021d   Thumb Code     0  libshutdown2.o(.ARM.Collect$$libshutdown$$0000000C)
    __rt_lib_shutdown_stdio_1                0x0800021d   Thumb Code     0  libshutdown2.o(.ARM.Collect$$libshutdown$$00000006)
    __rt_lib_shutdown_user_alloc_1           0x0800021d   Thumb Code     0  libshutdown2.o(.ARM.Collect$$libshutdown$$0000000E)
    __rt_entry                               0x0800021f   Thumb Code     0  __rtentry.o(.ARM.Collect$$rtentry$$00000000)
    __rt_entry_presh_1                       0x0800021f   Thumb Code     0  __rtentry2.o(.ARM.Collect$$rtentry$$00000002)
    __rt_entry_sh                            0x0800021f   Thumb Code     0  __rtentry4.o(.ARM.Collect$$rtentry$$00000004)
    __rt_entry_li                            0x08000225   Thumb Code     0  __rtentry2.o(.ARM.Collect$$rtentry$$0000000A)
    __rt_entry_postsh_1                      0x08000225   Thumb Code     0  __rtentry2.o(.ARM.Collect$$rtentry$$00000009)
    __rt_entry_main                          0x08000229   Thumb Code     0  __rtentry2.o(.ARM.Collect$$rtentry$$0000000D)
    __rt_entry_postli_1                      0x08000229   Thumb Code     0  __rtentry2.o(.ARM.Collect$$rtentry$$0000000C)
    __rt_exit                                0x08000231   Thumb Code     0  rtexit.o(.ARM.Collect$$rtexit$$00000000)
    __rt_exit_ls                             0x08000233   Thumb Code     0  rtexit2.o(.ARM.Collect$$rtexit$$00000003)
    __rt_exit_prels_1                        0x08000233   Thumb Code     0  rtexit2.o(.ARM.Collect$$rtexit$$00000002)
    __rt_exit_exit                           0x08000237   Thumb Code     0  rtexit2.o(.ARM.Collect$$rtexit$$00000004)
    Reset_Handler                            0x0800023d   Thumb Code     4  startup_stm32f103xe.o(.text)
    NMI_Handler                              0x08000241   Thumb Code     2  startup_stm32f103xe.o(.text)
    HardFault_Handler                        0x08000243   Thumb Code     2  startup_stm32f103xe.o(.text)
    MemManage_Handler                        0x08000245   Thumb Code     2  startup_stm32f103xe.o(.text)
    BusFault_Handler                         0x08000247   Thumb Code     2  startup_stm32f103xe.o(.text)
    UsageFault_Handler                       0x08000249   Thumb Code     2  startup_stm32f103xe.o(.text)
    SVC_Handler                              0x0800024b   Thumb Code     2  startup_stm32f103xe.o(.text)
    DebugMon_Handler                         0x0800024d   Thumb Code     2  startup_stm32f103xe.o(.text)
    PendSV_Handler                           0x0800024f   Thumb Code     2  startup_stm32f103xe.o(.text)
    SysTick_Handler                          0x08000251   Thumb Code     2  startup_stm32f103xe.o(.text)
    ADC1_2_IRQHandler                        0x08000253   Thumb Code     0  startup_stm32f103xe.o(.text)
    ADC3_IRQHandler                          0x08000253   Thumb Code     0  startup_stm32f103xe.o(.text)
    CAN1_RX1_IRQHandler                      0x08000253   Thumb Code     0  startup_stm32f103xe.o(.text)
    CAN1_SCE_IRQHandler                      0x08000253   Thumb Code     0  startup_stm32f103xe.o(.text)
    DMA1_Channel1_IRQHandler                 0x08000253   Thumb Code     0  startup_stm32f103xe.o(.text)
    DMA1_Channel2_IRQHandler                 0x08000253   Thumb Code     0  startup_stm32f103xe.o(.text)
    DMA1_Channel3_IRQHandler                 0x08000253   Thumb Code     0  startup_stm32f103xe.o(.text)
    DMA1_Channel4_IRQHandler                 0x08000253   Thumb Code     0  startup_stm32f103xe.o(.text)
    DMA1_Channel5_IRQHandler                 0x08000253   Thumb Code     0  startup_stm32f103xe.o(.text)
    DMA1_Channel6_IRQHandler                 0x08000253   Thumb Code     0  startup_stm32f103xe.o(.text)
    DMA1_Channel7_IRQHandler                 0x08000253   Thumb Code     0  startup_stm32f103xe.o(.text)
    DMA2_Channel1_IRQHandler                 0x08000253   Thumb Code     0  startup_stm32f103xe.o(.text)
    DMA2_Channel2_IRQHandler                 0x08000253   Thumb Code     0  startup_stm32f103xe.o(.text)
    DMA2_Channel3_IRQHandler                 0x08000253   Thumb Code     0  startup_stm32f103xe.o(.text)
    DMA2_Channel4_5_IRQHandler               0x08000253   Thumb Code     0  startup_stm32f103xe.o(.text)
    EXTI0_IRQHandler                         0x08000253   Thumb Code     0  startup_stm32f103xe.o(.text)
    EXTI15_10_IRQHandler                     0x08000253   Thumb Code     0  startup_stm32f103xe.o(.text)
    EXTI1_IRQHandler                         0x08000253   Thumb Code     0  startup_stm32f103xe.o(.text)
    EXTI2_IRQHandler                         0x08000253   Thumb Code     0  startup_stm32f103xe.o(.text)
    EXTI3_IRQHandler                         0x08000253   Thumb Code     0  startup_stm32f103xe.o(.text)
    EXTI4_IRQHandler                         0x08000253   Thumb Code     0  startup_stm32f103xe.o(.text)
    EXTI9_5_IRQHandler                       0x08000253   Thumb Code     0  startup_stm32f103xe.o(.text)
    FLASH_IRQHandler                         0x08000253   Thumb Code     0  startup_stm32f103xe.o(.text)
    FSMC_IRQHandler                          0x08000253   Thumb Code     0  startup_stm32f103xe.o(.text)
    I2C1_ER_IRQHandler                       0x08000253   Thumb Code     0  startup_stm32f103xe.o(.text)
    I2C1_EV_IRQHandler                       0x08000253   Thumb Code     0  startup_stm32f103xe.o(.text)
    I2C2_ER_IRQHandler                       0x08000253   Thumb Code     0  startup_stm32f103xe.o(.text)
    I2C2_EV_IRQHandler                       0x08000253   Thumb Code     0  startup_stm32f103xe.o(.text)
    PVD_IRQHandler                           0x08000253   Thumb Code     0  startup_stm32f103xe.o(.text)
    RCC_IRQHandler                           0x08000253   Thumb Code     0  startup_stm32f103xe.o(.text)
    RTC_Alarm_IRQHandler                     0x08000253   Thumb Code     0  startup_stm32f103xe.o(.text)
    RTC_IRQHandler                           0x08000253   Thumb Code     0  startup_stm32f103xe.o(.text)
    SDIO_IRQHandler                          0x08000253   Thumb Code     0  startup_stm32f103xe.o(.text)
    SPI1_IRQHandler                          0x08000253   Thumb Code     0  startup_stm32f103xe.o(.text)
    SPI2_IRQHandler                          0x08000253   Thumb Code     0  startup_stm32f103xe.o(.text)
    SPI3_IRQHandler                          0x08000253   Thumb Code     0  startup_stm32f103xe.o(.text)
    TAMPER_IRQHandler                        0x08000253   Thumb Code     0  startup_stm32f103xe.o(.text)
    TIM1_BRK_IRQHandler                      0x08000253   Thumb Code     0  startup_stm32f103xe.o(.text)
    TIM1_CC_IRQHandler                       0x08000253   Thumb Code     0  startup_stm32f103xe.o(.text)
    TIM1_TRG_COM_IRQHandler                  0x08000253   Thumb Code     0  startup_stm32f103xe.o(.text)
    TIM1_UP_IRQHandler                       0x08000253   Thumb Code     0  startup_stm32f103xe.o(.text)
    TIM2_IRQHandler                          0x08000253   Thumb Code     0  startup_stm32f103xe.o(.text)
    TIM3_IRQHandler                          0x08000253   Thumb Code     0  startup_stm32f103xe.o(.text)
    TIM5_IRQHandler                          0x08000253   Thumb Code     0  startup_stm32f103xe.o(.text)
    TIM6_IRQHandler                          0x08000253   Thumb Code     0  startup_stm32f103xe.o(.text)
    TIM7_IRQHandler                          0x08000253   Thumb Code     0  startup_stm32f103xe.o(.text)
    TIM8_BRK_IRQHandler                      0x08000253   Thumb Code     0  startup_stm32f103xe.o(.text)
    TIM8_CC_IRQHandler                       0x08000253   Thumb Code     0  startup_stm32f103xe.o(.text)
    TIM8_TRG_COM_IRQHandler                  0x08000253   Thumb Code     0  startup_stm32f103xe.o(.text)
    TIM8_UP_IRQHandler                       0x08000253   Thumb Code     0  startup_stm32f103xe.o(.text)
    UART4_IRQHandler                         0x08000253   Thumb Code     0  startup_stm32f103xe.o(.text)
    UART5_IRQHandler                         0x08000253   Thumb Code     0  startup_stm32f103xe.o(.text)
    USART2_IRQHandler                        0x08000253   Thumb Code     0  startup_stm32f103xe.o(.text)
    USART3_IRQHandler                        0x08000253   Thumb Code     0  startup_stm32f103xe.o(.text)
    USBWakeUp_IRQHandler                     0x08000253   Thumb Code     0  startup_stm32f103xe.o(.text)
    USB_HP_CAN1_TX_IRQHandler                0x08000253   Thumb Code     0  startup_stm32f103xe.o(.text)
    USB_LP_CAN1_RX0_IRQHandler               0x08000253   Thumb Code     0  startup_stm32f103xe.o(.text)
    WWDG_IRQHandler                          0x08000253   Thumb Code     0  startup_stm32f103xe.o(.text)
    __user_initial_stackheap                 0x08000255   Thumb Code     0  startup_stm32f103xe.o(.text)
    __use_no_semihosting                     0x08000275   Thumb Code     2  use_no_semi_2.o(.text)
    __aeabi_uldivmod                         0x08000277   Thumb Code     0  lludivv7m.o(.text)
    _ll_udiv                                 0x08000277   Thumb Code   238  lludivv7m.o(.text)
    __aeabi_ldivmod                          0x08000365   Thumb Code     0  llsdiv.o(.text)
    _ll_sdiv                                 0x08000365   Thumb Code    72  llsdiv.o(.text)
    __2printf                                0x080003ad   Thumb Code    20  noretval__2printf.o(.text)
    _printf_pre_padding                      0x080003c5   Thumb Code    44  _printf_pad.o(.text)
    _printf_post_padding                     0x080003f1   Thumb Code    34  _printf_pad.o(.text)
    _printf_str                              0x08000413   Thumb Code    82  _printf_str.o(.text)
    _printf_int_dec                          0x08000465   Thumb Code   104  _printf_dec.o(.text)
    _printf_longlong_dec                     0x080004dd   Thumb Code   108  _printf_longlong_dec.o(.text)
    _printf_int_hex                          0x08000559   Thumb Code    84  _printf_hex_int.o(.text)
    _printf_longlong_hex                     0x08000559   Thumb Code     0  _printf_hex_int.o(.text)
    __printf                                 0x080005b1   Thumb Code   388  __printf_flags_ss_wp.o(.text)
    strchr                                   0x08000739   Thumb Code    20  strchr.o(.text)
    memcmp                                   0x0800074d   Thumb Code    88  memcmp.o(.text)
    __aeabi_memcpy                           0x080007a5   Thumb Code     0  rt_memcpy_v6.o(.text)
    __rt_memcpy                              0x080007a5   Thumb Code   138  rt_memcpy_v6.o(.text)
    _memcpy_lastbytes                        0x0800080b   Thumb Code     0  rt_memcpy_v6.o(.text)
    __aeabi_memcpy4                          0x0800082f   Thumb Code     0  rt_memcpy_w.o(.text)
    __aeabi_memcpy8                          0x0800082f   Thumb Code     0  rt_memcpy_w.o(.text)
    __rt_memcpy_w                            0x0800082f   Thumb Code   100  rt_memcpy_w.o(.text)
    _memcpy_lastbytes_aligned                0x08000877   Thumb Code     0  rt_memcpy_w.o(.text)
    __aeabi_memset                           0x08000893   Thumb Code    16  aeabi_memset.o(.text)
    __aeabi_memclr                           0x080008a3   Thumb Code     0  rt_memclr.o(.text)
    __rt_memclr                              0x080008a3   Thumb Code    68  rt_memclr.o(.text)
    _memset                                  0x080008a7   Thumb Code     0  rt_memclr.o(.text)
    __aeabi_memclr4                          0x080008e7   Thumb Code     0  rt_memclr_w.o(.text)
    __aeabi_memclr8                          0x080008e7   Thumb Code     0  rt_memclr_w.o(.text)
    __rt_memclr_w                            0x080008e7   Thumb Code    78  rt_memclr_w.o(.text)
    _memset_w                                0x080008eb   Thumb Code     0  rt_memclr_w.o(.text)
    __use_two_region_memory                  0x08000935   Thumb Code     2  heapauxi.o(.text)
    __rt_heap_escrow$2region                 0x08000937   Thumb Code     2  heapauxi.o(.text)
    __rt_heap_expand$2region                 0x08000939   Thumb Code     2  heapauxi.o(.text)
    __semihosting$guard                      0x0800093b   Thumb Code     0  use_no_semi.o(.text)
    __use_no_semihosting_swi                 0x0800093b   Thumb Code     2  use_no_semi.o(.text)
    _ll_udiv10                               0x0800093d   Thumb Code   138  lludiv10.o(.text)
    _printf_int_common                       0x080009c7   Thumb Code   178  _printf_intcommon.o(.text)
    _printf_cs_common                        0x08000a79   Thumb Code    20  _printf_char.o(.text)
    _printf_char                             0x08000a8d   Thumb Code    16  _printf_char.o(.text)
    _printf_string                           0x08000a9d   Thumb Code     8  _printf_char.o(.text)
    _printf_char_file                        0x08000aa5   Thumb Code    32  _printf_char_file.o(.text)
    _printf_char_common                      0x08000ad3   Thumb Code    32  _printf_char_common.o(.text)
    ferror                                   0x08000af9   Thumb Code     8  ferror.o(.text)
    __user_setup_stackheap                   0x08000b01   Thumb Code    74  sys_stackheap_outer.o(.text)
    exit                                     0x08000b4b   Thumb Code    18  exit.o(.text)
    __user_libspace                          0x08000b5d   Thumb Code     8  libspace.o(.text)
    __user_perproc_libspace                  0x08000b5d   Thumb Code     0  libspace.o(.text)
    __user_perthread_libspace                0x08000b5d   Thumb Code     0  libspace.o(.text)
    TIM4_IRQHandler                          0x08000b65   Thumb Code    50  usmart_port.o(i.TIM4_IRQHandler)
    USART1_IRQHandler                        0x08000ba1   Thumb Code   118  usart.o(i.USART1_IRQHandler)
    _is_digit                                0x08000c25   Thumb Code    14  __printf_wp.o(i._is_digit)
    _sys_exit                                0x08000c33   Thumb Code     4  usart.o(i._sys_exit)
    delay_init                               0x08001569   Thumb Code    38  delay.o(i.delay_init)
    delay_ms                                 0x08001595   Thumb Code    18  delay.o(i.delay_ms)
    delay_us                                 0x080015a9   Thumb Code    68  delay.o(i.delay_us)
    dir_sdi                                  0x08001d55   Thumb Code   170  ff.o(i.dir_sdi)
    disk_initialize                          0x08001dff   Thumb Code    44  diskio.o(i.disk_initialize)
    disk_ioctl                               0x08001e2d   Thumb Code   170  diskio.o(i.disk_ioctl)
    disk_read                                0x08001edd   Thumb Code   126  diskio.o(i.disk_read)
    disk_status                              0x08001f5b   Thumb Code     6  diskio.o(i.disk_status)
    disk_write                               0x08001f61   Thumb Code   126  diskio.o(i.disk_write)
    exfuns_get_free                          0x08001fdf   Thumb Code    74  exfuns.o(i.exfuns_get_free)
    exfuns_init                              0x08002029   Thumb Code    64  exfuns.o(i.exfuns_init)
    f_close                                  0x0800206d   Thumb Code    38  ff.o(i.f_close)
    f_closedir                               0x08002093   Thumb Code    24  ff.o(i.f_closedir)
    f_getfree                                0x080020ab   Thumb Code   348  ff.o(i.f_getfree)
    f_getlabel                               0x08002207   Thumb Code   316  ff.o(i.f_getlabel)
    f_gets                                   0x08002343   Thumb Code    80  ff.o(i.f_gets)
    f_lseek                                  0x08002393   Thumb Code  1110  ff.o(i.f_lseek)
    f_mkdir                                  0x080027e9   Thumb Code   418  ff.o(i.f_mkdir)
    f_mkfs                                   0x0800298d   Thumb Code  3514  ff.o(i.f_mkfs)
    f_mount                                  0x08003789   Thumb Code    80  ff.o(i.f_mount)
    f_open                                   0x080037dd   Thumb Code   786  ff.o(i.f_open)
    f_opendir                                0x08003aef   Thumb Code   184  ff.o(i.f_opendir)
    f_putc                                   0x08003ba7   Thumb Code    34  ff.o(i.f_putc)
    f_puts                                   0x08003bc9   Thumb Code    44  ff.o(i.f_puts)
    f_read                                   0x08003bf5   Thumb Code   552  ff.o(i.f_read)
    f_readdir                                0x08003e1d   Thumb Code   112  ff.o(i.f_readdir)
    f_rename                                 0x08003e8d   Thumb Code   516  ff.o(i.f_rename)
    f_setlabel                               0x08004091   Thumb Code   486  ff.o(i.f_setlabel)
    f_sync                                   0x0800427d   Thumb Code   424  ff.o(i.f_sync)
    f_unlink                                 0x08004425   Thumb Code   252  ff.o(i.f_unlink)
    f_write                                  0x08004521   Thumb Code   644  ff.o(i.f_write)
    ff_memalloc                              0x080047a5   Thumb Code    14  ffsystem.o(i.ff_memalloc)
    ff_memfree                               0x080047b3   Thumb Code    14  ffsystem.o(i.ff_memfree)
    ff_oem2uni                               0x080047c1   Thumb Code   100  ffunicode.o(i.ff_oem2uni)
    ff_uni2oem                               0x08004829   Thumb Code   112  ffunicode.o(i.ff_uni2oem)
    ff_wtoupper                              0x0800489d   Thumb Code   166  ffunicode.o(i.ff_wtoupper)
    fputc                                    0x08004ba9   Thumb Code    24  usart.o(i.fputc)
    get_fattime                              0x08004e2d   Thumb Code     4  ffsystem.o(i.get_fattime)
    key_init                                 0x0800512d   Thumb Code   134  key.o(i.key_init)
    lcd_clear                                0x080051c1   Thumb Code    42  lcd.o(i.lcd_clear)
    lcd_display_dir                          0x080051f5   Thumb Code   360  lcd.o(i.lcd_display_dir)
    lcd_draw_point                           0x08005361   Thumb Code    26  lcd.o(i.lcd_draw_point)
    lcd_ex_ili9341_reginit                   0x08005381   Thumb Code   556  lcd.o(i.lcd_ex_ili9341_reginit)
    lcd_ex_ili9806_reginit                   0x080055ad   Thumb Code   832  lcd.o(i.lcd_ex_ili9806_reginit)
    lcd_ex_nt35310_reginit                   0x080058ed   Thumb Code  3826  lcd.o(i.lcd_ex_nt35310_reginit)
    lcd_ex_nt35510_reginit                   0x080067df   Thumb Code  3950  lcd.o(i.lcd_ex_nt35510_reginit)
    lcd_ex_ssd1963_reginit                   0x0800774d   Thumb Code   366  lcd.o(i.lcd_ex_ssd1963_reginit)
    lcd_ex_st7789_reginit                    0x080078bb   Thumb Code   424  lcd.o(i.lcd_ex_st7789_reginit)
    lcd_ex_st7796_reginit                    0x08007a63   Thumb Code   454  lcd.o(i.lcd_ex_st7796_reginit)
    lcd_fill                                 0x08007c29   Thumb Code    80  lcd.o(i.lcd_fill)
    lcd_init                                 0x08007c7d   Thumb Code  1154  lcd.o(i.lcd_init)
    lcd_scan_dir                             0x08008145   Thumb Code   568  lcd.o(i.lcd_scan_dir)
    lcd_set_cursor                           0x08008381   Thumb Code   282  lcd.o(i.lcd_set_cursor)
    lcd_show_char                            0x080084a1   Thumb Code   294  lcd.o(i.lcd_show_char)
    lcd_show_num                             0x080085e1   Thumb Code   152  lcd.o(i.lcd_show_num)
    lcd_show_string                          0x08008679   Thumb Code   106  lcd.o(i.lcd_show_string)
    lcd_ssd_backlight_set                    0x080086e5   Thumb Code    80  lcd.o(i.lcd_ssd_backlight_set)
    lcd_wr_data                              0x08008739   Thumb Code    18  lcd.o(i.lcd_wr_data)
    lcd_wr_regno                             0x08008751   Thumb Code    18  lcd.o(i.lcd_wr_regno)
    lcd_write_ram_prepare                    0x08008769   Thumb Code    10  lcd.o(i.lcd_write_ram_prepare)
    lcd_write_reg                            0x0800877d   Thumb Code    10  lcd.o(i.lcd_write_reg)
    led_init                                 0x08008839   Thumb Code    90  led.o(i.led_init)
    main                                     0x080089f1   Thumb Code   664  main.o(i.main)
    mf_close                                 0x08008dad   Thumb Code    14  fattester.o(i.mf_close)
    mf_closedir                              0x08008dc1   Thumb Code    10  fattester.o(i.mf_closedir)
    mf_fmkfs                                 0x08008dd1   Thumb Code    40  fattester.o(i.mf_fmkfs)
    mf_free                                  0x08008dfd   Thumb Code    26  fattester.o(i.mf_free)
    mf_getlabel                              0x08008e1d   Thumb Code    58  fattester.o(i.mf_getlabel)
    mf_gets                                  0x08008ea1   Thumb Code    38  fattester.o(i.mf_gets)
    mf_init                                  0x08008ee9   Thumb Code    58  fattester.o(i.mf_init)
    mf_lseek                                 0x08008f29   Thumb Code    18  fattester.o(i.mf_lseek)
    mf_mkdir                                 0x08008f41   Thumb Code    12  fattester.o(i.mf_mkdir)
    mf_mount                                 0x08008f4d   Thumb Code    20  fattester.o(i.mf_mount)
    mf_open                                  0x08008f65   Thumb Code    24  fattester.o(i.mf_open)
    mf_opendir                               0x08008f81   Thumb Code    14  fattester.o(i.mf_opendir)
    mf_putc                                  0x08008f95   Thumb Code    18  fattester.o(i.mf_putc)
    mf_puts                                  0x08008fad   Thumb Code    18  fattester.o(i.mf_puts)
    mf_read                                  0x08008fc5   Thumb Code   224  fattester.o(i.mf_read)
    mf_readdir                               0x08009121   Thumb Code   216  fattester.o(i.mf_readdir)
    mf_rename                                0x08009395   Thumb Code    16  fattester.o(i.mf_rename)
    mf_scan_files                            0x080093a5   Thumb Code    74  fattester.o(i.mf_scan_files)
    mf_setlabel                              0x08009409   Thumb Code    34  fattester.o(i.mf_setlabel)
    mf_showfree                              0x08009465   Thumb Code    88  fattester.o(i.mf_showfree)
    mf_size                                  0x0800950d   Thumb Code     8  fattester.o(i.mf_size)
    mf_tell                                  0x08009519   Thumb Code     8  fattester.o(i.mf_tell)
    mf_unlink                                0x08009525   Thumb Code    12  fattester.o(i.mf_unlink)
    mf_write                                 0x08009531   Thumb Code    70  fattester.o(i.mf_write)
    my_mem_init                              0x08009b09   Thumb Code    38  malloc.o(i.my_mem_init)
    my_mem_perused                           0x08009be1   Thumb Code    56  malloc.o(i.my_mem_perused)
    my_mem_set                               0x08009c21   Thumb Code    20  malloc.o(i.my_mem_set)
    myfree                                   0x08009c35   Thumb Code    30  malloc.o(i.myfree)
    mymalloc                                 0x08009c59   Thumb Code    34  malloc.o(i.mymalloc)
    norflash_erase_sector                    0x08009c81   Thumb Code    54  norflash.o(i.norflash_erase_sector)
    norflash_init                            0x08009cbd   Thumb Code   138  norflash.o(i.norflash_init)
    norflash_read                            0x08009d55   Thumb Code    68  norflash.o(i.norflash_read)
    norflash_read_id                         0x08009d9d   Thumb Code    68  norflash.o(i.norflash_read_id)
    norflash_read_sr                         0x08009de5   Thumb Code    80  norflash.o(i.norflash_read_sr)
    norflash_write                           0x08009e81   Thumb Code   180  norflash.o(i.norflash_write)
    norflash_write_enable                    0x08009f39   Thumb Code    32  norflash.o(i.norflash_write_enable)
    norflash_write_sr                        0x08009ff5   Thumb Code    76  norflash.o(i.norflash_write_sr)
    read_addr                                0x0800a359   Thumb Code     6  usmart.o(i.read_addr)
    sd_init                                  0x0800a4a9   Thumb Code   342  sdio_sdcard.o(i.sd_init)
    sd_read_disk                             0x0800a61d   Thumb Code   128  sdio_sdcard.o(i.sd_read_disk)
    sd_write_disk                            0x0800a6a5   Thumb Code   130  sdio_sdcard.o(i.sd_write_disk)
    spi2_init                                0x0800b6d1   Thumb Code   174  spi.o(i.spi2_init)
    spi2_read_write_byte                     0x0800b78d   Thumb Code    46  spi.o(i.spi2_read_write_byte)
    spi2_set_speed                           0x0800b7c1   Thumb Code    48  spi.o(i.spi2_set_speed)
    sram_init                                0x0800b7f5   Thumb Code   338  sram.o(i.sram_init)
    sys_clock_set                            0x0800bb71   Thumb Code   164  sys.o(i.sys_clock_set)
    sys_gpio_pin_set                         0x0800bc1d   Thumb Code    24  sys.o(i.sys_gpio_pin_set)
    sys_gpio_set                             0x0800bc35   Thumb Code   234  sys.o(i.sys_gpio_set)
    sys_intx_disable                         0x0800bd1f   Thumb Code     4  sys.o(i.sys_intx_disable)
    sys_intx_enable                          0x0800bd23   Thumb Code     4  sys.o(i.sys_intx_enable)
    sys_nvic_init                            0x0800bd29   Thumb Code   116  sys.o(i.sys_nvic_init)
    sys_nvic_set_vector_table                0x0800bdc9   Thumb Code    12  sys.o(i.sys_nvic_set_vector_table)
    sys_stm32_clock_init                     0x0800bdd9   Thumb Code   100  sys.o(i.sys_stm32_clock_init)
    usart_init                               0x0800be95   Thumb Code   180  usart.o(i.usart_init)
    usmart_cmd_rec                           0x0800bf59   Thumb Code   170  usmart.o(i.usmart_cmd_rec)
    usmart_exe                               0x0800c009   Thumb Code   632  usmart.o(i.usmart_exe)
    usmart_get_aparm                         0x0800c2dd   Thumb Code   212  usmart_str.o(i.usmart_get_aparm)
    usmart_get_cmdname                       0x0800c3b1   Thumb Code    54  usmart_str.o(i.usmart_get_cmdname)
    usmart_get_fname                         0x0800c3e9   Thumb Code   440  usmart_str.o(i.usmart_get_fname)
    usmart_get_fparam                        0x0800c5a9   Thumb Code   262  usmart_str.o(i.usmart_get_fparam)
    usmart_get_input_string                  0x0800c6b5   Thumb Code    30  usmart_port.o(i.usmart_get_input_string)
    usmart_get_parmpos                       0x0800c6dd   Thumb Code    26  usmart_str.o(i.usmart_get_parmpos)
    usmart_init                              0x0800c6fd   Thumb Code    18  usmart.o(i.usmart_init)
    usmart_pow                               0x0800c715   Thumb Code    22  usmart_str.o(i.usmart_pow)
    usmart_scan                              0x0800c72d   Thumb Code   106  usmart.o(i.usmart_scan)
    usmart_search_nextc                      0x0800c7d5   Thumb Code    22  usmart_str.o(i.usmart_search_nextc)
    usmart_str2num                           0x0800c7eb   Thumb Code   262  usmart_str.o(i.usmart_str2num)
    usmart_strcmp                            0x0800c8f1   Thumb Code    34  usmart_str.o(i.usmart_strcmp)
    usmart_strcopy                           0x0800c913   Thumb Code    22  usmart_str.o(i.usmart_strcopy)
    usmart_strlen                            0x0800c929   Thumb Code    24  usmart_str.o(i.usmart_strlen)
    usmart_sys_cmd_exe                       0x0800c941   Thumb Code  1570  usmart.o(i.usmart_sys_cmd_exe)
    usmart_timx_get_time                     0x0800d035   Thumb Code    56  usmart_port.o(i.usmart_timx_get_time)
    usmart_timx_init                         0x0800d075   Thumb Code    94  usmart_port.o(i.usmart_timx_init)
    usmart_timx_reset_time                   0x0800d0dd   Thumb Code    38  usmart_port.o(i.usmart_timx_reset_time)
    write_addr                               0x0800d149   Thumb Code     4  usmart.o(i.write_addr)
    __aeabi_d2uiz                            0x0800d1ed   Thumb Code     0  dfixu.o(x$fpl$dfixu)
    _dfixu                                   0x0800d1ed   Thumb Code    90  dfixu.o(x$fpl$dfixu)
    __aeabi_ui2d                             0x0800d247   Thumb Code     0  dflt_clz.o(x$fpl$dfltu)
    _dfltu                                   0x0800d247   Thumb Code    38  dflt_clz.o(x$fpl$dfltu)
    __aeabi_dmul                             0x0800d26d   Thumb Code     0  dmul.o(x$fpl$dmul)
    _dmul                                    0x0800d26d   Thumb Code   332  dmul.o(x$fpl$dmul)
    __fpl_dnaninf                            0x0800d3c1   Thumb Code   156  dnaninf.o(x$fpl$dnaninf)
    __fpl_dretinf                            0x0800d45d   Thumb Code    12  dretinf.o(x$fpl$dretinf)
    __I$use$fp                               0x0800d468   Number         0  usenofp.o(x$fpl$usenofp)
    asc2_1206                                0x0800d468   Data        1140  lcd.o(.constdata)
    asc2_1608                                0x0800d8dc   Data        1520  lcd.o(.constdata)
    asc2_2412                                0x0800decc   Data        3420  lcd.o(.constdata)
    asc2_3216                                0x0800ec28   Data        6080  lcd.o(.constdata)
    memtblsize                               0x080103e8   Data           8  malloc.o(.constdata)
    memblksize                               0x080103f0   Data           8  malloc.o(.constdata)
    memsize                                  0x080103f8   Data           8  malloc.o(.constdata)
    Region$$Table$$Base                      0x0803b410   Number         0  anon$$obj.o(Region$$Table)
    Region$$Table$$Limit                     0x0803b430   Number         0  anon$$obj.o(Region$$Table)
    __stdout                                 0x20000004   Data           4  usart.o(.data)
    g_usart_rx_sta                           0x20000008   Data           2  usart.o(.data)
    g_point_color                            0x2000000c   Data           4  lcd.o(.data)
    g_back_color                             0x20000010   Data           4  lcd.o(.data)
    g_norflash_type                          0x2000001c   Data           2  norflash.o(.data)
    mallco_dev                               0x20000020   Data          28  malloc.o(.data)
    fs                                       0x20000048   Data           8  exfuns.o(.data)
    sys_cmd_tab                              0x20000050   Data          28  usmart.o(.data)
    usmart_nametab                           0x2000006c   Data         208  usmart_config.o(.data)
    usmart_dev                               0x2000013c   Data         244  usmart_config.o(.data)
    g_usart_rx_buf                           0x20000230   Data         200  usart.o(.bss)
    lcddev                                   0x200002f8   Data          14  lcd.o(.bss)
    g_sd_card_info                           0x20000328   Data          88  sdio_sdcard.o(.bss)
    g_sd_data_buffer                         0x20000380   Data         512  sdio_sdcard.o(.bss)
    g_norflash_buf                           0x20000580   Data        4096  norflash.o(.bss)
    fattester                                0x2000bf80   Data         384  fattester.o(.bss)
    __libspace_start                         0x2000c100   Data          96  libspace.o(.bss)
    __temporary_stack_top$libspace           0x2000c160   Data           0  libspace.o(.bss)



==============================================================================

Memory Map of the image

  Image Entry point : 0x08000131

  Load Region LR_IROM1 (Base: 0x08000000, Size: 0x0003b660, Max: 0x00080000, ABSOLUTE, COMPRESSED[0x0003b528])

    Execution Region ER_IROM1 (Exec base: 0x08000000, Load base: 0x08000000, Size: 0x0003b430, Max: 0x00080000, ABSOLUTE)

    Exec Addr    Load Addr    Size         Type   Attr      Idx    E Section Name        Object

    0x08000000   0x08000000   0x00000130   Data   RO            3    RESET               startup_stm32f103xe.o
    0x08000130   0x08000130   0x00000008   Code   RO         2201  * !!!main             c_w.l(__main.o)
    0x08000138   0x08000138   0x00000034   Code   RO         2400    !!!scatter          c_w.l(__scatter.o)
    0x0800016c   0x0800016c   0x0000005a   Code   RO         2398    !!dczerorl2         c_w.l(__dczerorl2.o)
    0x080001c6   0x080001c6   0x00000002   PAD
    0x080001c8   0x080001c8   0x0000001c   Code   RO         2402    !!handler_zi        c_w.l(__scatter_zi.o)
    0x080001e4   0x080001e4   0x00000000   Code   RO         2175    .ARM.Collect$$_printf_percent$$00000000  c_w.l(_printf_percent.o)
    0x080001e4   0x080001e4   0x0000000a   Code   RO         2231    .ARM.Collect$$_printf_percent$$00000007  c_w.l(_printf_ll.o)
    0x080001ee   0x080001ee   0x00000006   Code   RO         2173    .ARM.Collect$$_printf_percent$$00000009  c_w.l(_printf_d.o)
    0x080001f4   0x080001f4   0x00000006   Code   RO         2174    .ARM.Collect$$_printf_percent$$0000000A  c_w.l(_printf_u.o)
    0x080001fa   0x080001fa   0x00000006   Code   RO         2172    .ARM.Collect$$_printf_percent$$0000000C  c_w.l(_printf_x.o)
    0x08000200   0x08000200   0x00000006   Code   RO         2176    .ARM.Collect$$_printf_percent$$0000000E  c_w.l(_printf_lld.o)
    0x08000206   0x08000206   0x00000006   Code   RO         2170    .ARM.Collect$$_printf_percent$$00000013  c_w.l(_printf_c.o)
    0x0800020c   0x0800020c   0x00000006   Code   RO         2171    .ARM.Collect$$_printf_percent$$00000014  c_w.l(_printf_s.o)
    0x08000212   0x08000212   0x00000004   Code   RO         2230    .ARM.Collect$$_printf_percent$$00000017  c_w.l(_printf_percent_end.o)
    0x08000216   0x08000216   0x00000002   Code   RO         2275    .ARM.Collect$$libinit$$00000000  c_w.l(libinit.o)
    0x08000218   0x08000218   0x00000000   Code   RO         2288    .ARM.Collect$$libinit$$00000002  c_w.l(libinit2.o)
    0x08000218   0x08000218   0x00000000   Code   RO         2290    .ARM.Collect$$libinit$$00000004  c_w.l(libinit2.o)
    0x08000218   0x08000218   0x00000000   Code   RO         2293    .ARM.Collect$$libinit$$0000000A  c_w.l(libinit2.o)
    0x08000218   0x08000218   0x00000000   Code   RO         2295    .ARM.Collect$$libinit$$0000000C  c_w.l(libinit2.o)
    0x08000218   0x08000218   0x00000000   Code   RO         2297    .ARM.Collect$$libinit$$0000000E  c_w.l(libinit2.o)
    0x08000218   0x08000218   0x00000000   Code   RO         2300    .ARM.Collect$$libinit$$00000011  c_w.l(libinit2.o)
    0x08000218   0x08000218   0x00000000   Code   RO         2302    .ARM.Collect$$libinit$$00000013  c_w.l(libinit2.o)
    0x08000218   0x08000218   0x00000000   Code   RO         2304    .ARM.Collect$$libinit$$00000015  c_w.l(libinit2.o)
    0x08000218   0x08000218   0x00000000   Code   RO         2306    .ARM.Collect$$libinit$$00000017  c_w.l(libinit2.o)
    0x08000218   0x08000218   0x00000000   Code   RO         2308    .ARM.Collect$$libinit$$00000019  c_w.l(libinit2.o)
    0x08000218   0x08000218   0x00000000   Code   RO         2310    .ARM.Collect$$libinit$$0000001B  c_w.l(libinit2.o)
    0x08000218   0x08000218   0x00000000   Code   RO         2312    .ARM.Collect$$libinit$$0000001D  c_w.l(libinit2.o)
    0x08000218   0x08000218   0x00000000   Code   RO         2314    .ARM.Collect$$libinit$$0000001F  c_w.l(libinit2.o)
    0x08000218   0x08000218   0x00000000   Code   RO         2316    .ARM.Collect$$libinit$$00000021  c_w.l(libinit2.o)
    0x08000218   0x08000218   0x00000000   Code   RO         2318    .ARM.Collect$$libinit$$00000023  c_w.l(libinit2.o)
    0x08000218   0x08000218   0x00000000   Code   RO         2320    .ARM.Collect$$libinit$$00000025  c_w.l(libinit2.o)
    0x08000218   0x08000218   0x00000000   Code   RO         2324    .ARM.Collect$$libinit$$0000002C  c_w.l(libinit2.o)
    0x08000218   0x08000218   0x00000000   Code   RO         2326    .ARM.Collect$$libinit$$0000002E  c_w.l(libinit2.o)
    0x08000218   0x08000218   0x00000000   Code   RO         2328    .ARM.Collect$$libinit$$00000030  c_w.l(libinit2.o)
    0x08000218   0x08000218   0x00000000   Code   RO         2330    .ARM.Collect$$libinit$$00000032  c_w.l(libinit2.o)
    0x08000218   0x08000218   0x00000002   Code   RO         2331    .ARM.Collect$$libinit$$00000033  c_w.l(libinit2.o)
    0x0800021a   0x0800021a   0x00000002   Code   RO         2355    .ARM.Collect$$libshutdown$$00000000  c_w.l(libshutdown.o)
    0x0800021c   0x0800021c   0x00000000   Code   RO         2379    .ARM.Collect$$libshutdown$$00000002  c_w.l(libshutdown2.o)
    0x0800021c   0x0800021c   0x00000000   Code   RO         2381    .ARM.Collect$$libshutdown$$00000004  c_w.l(libshutdown2.o)
    0x0800021c   0x0800021c   0x00000000   Code   RO         2383    .ARM.Collect$$libshutdown$$00000006  c_w.l(libshutdown2.o)
    0x0800021c   0x0800021c   0x00000000   Code   RO         2386    .ARM.Collect$$libshutdown$$00000009  c_w.l(libshutdown2.o)
    0x0800021c   0x0800021c   0x00000000   Code   RO         2389    .ARM.Collect$$libshutdown$$0000000C  c_w.l(libshutdown2.o)
    0x0800021c   0x0800021c   0x00000000   Code   RO         2391    .ARM.Collect$$libshutdown$$0000000E  c_w.l(libshutdown2.o)
    0x0800021c   0x0800021c   0x00000000   Code   RO         2394    .ARM.Collect$$libshutdown$$00000011  c_w.l(libshutdown2.o)
    0x0800021c   0x0800021c   0x00000002   Code   RO         2395    .ARM.Collect$$libshutdown$$00000012  c_w.l(libshutdown2.o)
    0x0800021e   0x0800021e   0x00000000   Code   RO         2217    .ARM.Collect$$rtentry$$00000000  c_w.l(__rtentry.o)
    0x0800021e   0x0800021e   0x00000000   Code   RO         2238    .ARM.Collect$$rtentry$$00000002  c_w.l(__rtentry2.o)
    0x0800021e   0x0800021e   0x00000006   Code   RO         2250    .ARM.Collect$$rtentry$$00000004  c_w.l(__rtentry4.o)
    0x08000224   0x08000224   0x00000000   Code   RO         2240    .ARM.Collect$$rtentry$$00000009  c_w.l(__rtentry2.o)
    0x08000224   0x08000224   0x00000004   Code   RO         2241    .ARM.Collect$$rtentry$$0000000A  c_w.l(__rtentry2.o)
    0x08000228   0x08000228   0x00000000   Code   RO         2243    .ARM.Collect$$rtentry$$0000000C  c_w.l(__rtentry2.o)
    0x08000228   0x08000228   0x00000008   Code   RO         2244    .ARM.Collect$$rtentry$$0000000D  c_w.l(__rtentry2.o)
    0x08000230   0x08000230   0x00000002   Code   RO         2279    .ARM.Collect$$rtexit$$00000000  c_w.l(rtexit.o)
    0x08000232   0x08000232   0x00000000   Code   RO         2333    .ARM.Collect$$rtexit$$00000002  c_w.l(rtexit2.o)
    0x08000232   0x08000232   0x00000004   Code   RO         2334    .ARM.Collect$$rtexit$$00000003  c_w.l(rtexit2.o)
    0x08000236   0x08000236   0x00000006   Code   RO         2335    .ARM.Collect$$rtexit$$00000004  c_w.l(rtexit2.o)
    0x0800023c   0x0800023c   0x00000038   Code   RO            4    .text               startup_stm32f103xe.o
    0x08000274   0x08000274   0x00000002   Code   RO         2109    .text               c_w.l(use_no_semi_2.o)
    0x08000276   0x08000276   0x000000ee   Code   RO         2111    .text               c_w.l(lludivv7m.o)
    0x08000364   0x08000364   0x00000048   Code   RO         2113    .text               c_w.l(llsdiv.o)
    0x080003ac   0x080003ac   0x00000018   Code   RO         2117    .text               c_w.l(noretval__2printf.o)
    0x080003c4   0x080003c4   0x0000004e   Code   RO         2121    .text               c_w.l(_printf_pad.o)
    0x08000412   0x08000412   0x00000052   Code   RO         2123    .text               c_w.l(_printf_str.o)
    0x08000464   0x08000464   0x00000078   Code   RO         2125    .text               c_w.l(_printf_dec.o)
    0x080004dc   0x080004dc   0x0000007c   Code   RO         2127    .text               c_w.l(_printf_longlong_dec.o)
    0x08000558   0x08000558   0x00000058   Code   RO         2132    .text               c_w.l(_printf_hex_int.o)
    0x080005b0   0x080005b0   0x00000188   Code   RO         2167    .text               c_w.l(__printf_flags_ss_wp.o)
    0x08000738   0x08000738   0x00000014   Code   RO         2177    .text               c_w.l(strchr.o)
    0x0800074c   0x0800074c   0x00000058   Code   RO         2179    .text               c_w.l(memcmp.o)
    0x080007a4   0x080007a4   0x0000008a   Code   RO         2187    .text               c_w.l(rt_memcpy_v6.o)
    0x0800082e   0x0800082e   0x00000064   Code   RO         2189    .text               c_w.l(rt_memcpy_w.o)
    0x08000892   0x08000892   0x00000010   Code   RO         2191    .text               c_w.l(aeabi_memset.o)
    0x080008a2   0x080008a2   0x00000044   Code   RO         2193    .text               c_w.l(rt_memclr.o)
    0x080008e6   0x080008e6   0x0000004e   Code   RO         2195    .text               c_w.l(rt_memclr_w.o)
    0x08000934   0x08000934   0x00000006   Code   RO         2199    .text               c_w.l(heapauxi.o)
    0x0800093a   0x0800093a   0x00000002   Code   RO         2215    .text               c_w.l(use_no_semi.o)
    0x0800093c   0x0800093c   0x0000008a   Code   RO         2222    .text               c_w.l(lludiv10.o)
    0x080009c6   0x080009c6   0x000000b2   Code   RO         2224    .text               c_w.l(_printf_intcommon.o)
    0x08000a78   0x08000a78   0x0000002c   Code   RO         2226    .text               c_w.l(_printf_char.o)
    0x08000aa4   0x08000aa4   0x00000024   Code   RO         2228    .text               c_w.l(_printf_char_file.o)
    0x08000ac8   0x08000ac8   0x00000030   Code   RO         2254    .text               c_w.l(_printf_char_common.o)
    0x08000af8   0x08000af8   0x00000008   Code   RO         2256    .text               c_w.l(ferror.o)
    0x08000b00   0x08000b00   0x0000004a   Code   RO         2260    .text               c_w.l(sys_stackheap_outer.o)
    0x08000b4a   0x08000b4a   0x00000012   Code   RO         2264    .text               c_w.l(exit.o)
    0x08000b5c   0x08000b5c   0x00000008   Code   RO         2276    .text               c_w.l(libspace.o)
    0x08000b64   0x08000b64   0x0000003c   Code   RO         1978    i.TIM4_IRQHandler   usmart_port.o
    0x08000ba0   0x08000ba0   0x00000084   Code   RO          277    i.USART1_IRQHandler  usart.o
    0x08000c24   0x08000c24   0x0000000e   Code   RO         2160    i._is_digit         c_w.l(__printf_wp.o)
    0x08000c32   0x08000c32   0x00000004   Code   RO          279    i._sys_exit         usart.o
    0x08000c36   0x08000c36   0x0000008a   Code   RO         1120    i.change_bitmap     ff.o
    0x08000cc0   0x08000cc0   0x00000104   Code   RO         1121    i.check_fs          ff.o
    0x08000dc4   0x08000dc4   0x00000062   Code   RO         1122    i.clmt_clust        ff.o
    0x08000e26   0x08000e26   0x0000001a   Code   RO         1123    i.clst2sect         ff.o
    0x08000e40   0x08000e40   0x00000098   Code   RO         1124    i.cmp_lfn           ff.o
    0x08000ed8   0x08000ed8   0x000001cc   Code   RO         1125    i.create_chain      ff.o
    0x080010a4   0x080010a4   0x0000025c   Code   RO         1126    i.create_name       ff.o
    0x08001300   0x08001300   0x0000015a   Code   RO         1127    i.create_partition  ff.o
    0x0800145a   0x0800145a   0x00000090   Code   RO         1128    i.create_xdir       ff.o
    0x080014ea   0x080014ea   0x00000002   PAD
    0x080014ec   0x080014ec   0x00000034   Code   RO         1129    i.dbc_1st           ff.o
    0x08001520   0x08001520   0x00000048   Code   RO         1130    i.dbc_2nd           ff.o
    0x08001568   0x08001568   0x0000002c   Code   RO          123    i.delay_init        delay.o
    0x08001594   0x08001594   0x00000012   Code   RO          124    i.delay_ms          delay.o
    0x080015a6   0x080015a6   0x00000002   PAD
    0x080015a8   0x080015a8   0x00000048   Code   RO          125    i.delay_us          delay.o
    0x080015f0   0x080015f0   0x0000007c   Code   RO         1131    i.dir_alloc         ff.o
    0x0800166c   0x0800166c   0x000000c2   Code   RO         1132    i.dir_clear         ff.o
    0x0800172e   0x0800172e   0x000001a8   Code   RO         1133    i.dir_find          ff.o
    0x080018d6   0x080018d6   0x000000e0   Code   RO         1134    i.dir_next          ff.o
    0x080019b6   0x080019b6   0x00000102   Code   RO         1135    i.dir_read          ff.o
    0x08001ab8   0x08001ab8   0x0000022a   Code   RO         1136    i.dir_register      ff.o
    0x08001ce2   0x08001ce2   0x00000072   Code   RO         1137    i.dir_remove        ff.o
    0x08001d54   0x08001d54   0x000000aa   Code   RO         1138    i.dir_sdi           ff.o
    0x08001dfe   0x08001dfe   0x0000002c   Code   RO         1068    i.disk_initialize   diskio.o
    0x08001e2a   0x08001e2a   0x00000002   PAD
    0x08001e2c   0x08001e2c   0x000000b0   Code   RO         1069    i.disk_ioctl        diskio.o
    0x08001edc   0x08001edc   0x0000007e   Code   RO         1070    i.disk_read         diskio.o
    0x08001f5a   0x08001f5a   0x00000006   Code   RO         1071    i.disk_status       diskio.o
    0x08001f60   0x08001f60   0x0000007e   Code   RO         1072    i.disk_write        diskio.o
    0x08001fde   0x08001fde   0x0000004a   Code   RO         1643    i.exfuns_get_free   exfuns.o
    0x08002028   0x08002028   0x00000044   Code   RO         1645    i.exfuns_init       exfuns.o
    0x0800206c   0x0800206c   0x00000026   Code   RO         1139    i.f_close           ff.o
    0x08002092   0x08002092   0x00000018   Code   RO         1140    i.f_closedir        ff.o
    0x080020aa   0x080020aa   0x0000015c   Code   RO         1141    i.f_getfree         ff.o
    0x08002206   0x08002206   0x0000013c   Code   RO         1142    i.f_getlabel        ff.o
    0x08002342   0x08002342   0x00000050   Code   RO         1143    i.f_gets            ff.o
    0x08002392   0x08002392   0x00000456   Code   RO         1144    i.f_lseek           ff.o
    0x080027e8   0x080027e8   0x000001a2   Code   RO         1145    i.f_mkdir           ff.o
    0x0800298a   0x0800298a   0x00000002   PAD
    0x0800298c   0x0800298c   0x00000dfc   Code   RO         1146    i.f_mkfs            ff.o
    0x08003788   0x08003788   0x00000054   Code   RO         1147    i.f_mount           ff.o
    0x080037dc   0x080037dc   0x00000312   Code   RO         1148    i.f_open            ff.o
    0x08003aee   0x08003aee   0x000000b8   Code   RO         1149    i.f_opendir         ff.o
    0x08003ba6   0x08003ba6   0x00000022   Code   RO         1151    i.f_putc            ff.o
    0x08003bc8   0x08003bc8   0x0000002c   Code   RO         1152    i.f_puts            ff.o
    0x08003bf4   0x08003bf4   0x00000228   Code   RO         1153    i.f_read            ff.o
    0x08003e1c   0x08003e1c   0x00000070   Code   RO         1154    i.f_readdir         ff.o
    0x08003e8c   0x08003e8c   0x00000204   Code   RO         1155    i.f_rename          ff.o
    0x08004090   0x08004090   0x000001ec   Code   RO         1156    i.f_setlabel        ff.o
    0x0800427c   0x0800427c   0x000001a8   Code   RO         1158    i.f_sync            ff.o
    0x08004424   0x08004424   0x000000fc   Code   RO         1160    i.f_unlink          ff.o
    0x08004520   0x08004520   0x00000284   Code   RO         1161    i.f_write           ff.o
    0x080047a4   0x080047a4   0x0000000e   Code   RO         1573    i.ff_memalloc       ffsystem.o
    0x080047b2   0x080047b2   0x0000000e   Code   RO         1574    i.ff_memfree        ffsystem.o
    0x080047c0   0x080047c0   0x00000068   Code   RO         1606    i.ff_oem2uni        ffunicode.o
    0x08004828   0x08004828   0x00000074   Code   RO         1607    i.ff_uni2oem        ffunicode.o
    0x0800489c   0x0800489c   0x000000b0   Code   RO         1608    i.ff_wtoupper       ffunicode.o
    0x0800494c   0x0800494c   0x00000036   Code   RO         1162    i.fill_first_frag   ff.o
    0x08004982   0x08004982   0x00000044   Code   RO         1163    i.fill_last_frag    ff.o
    0x080049c6   0x080049c6   0x000000a4   Code   RO         1164    i.find_bitmap       ff.o
    0x08004a6a   0x08004a6a   0x00000078   Code   RO         1165    i.find_volume       ff.o
    0x08004ae2   0x08004ae2   0x000000c4   Code   RO         1166    i.follow_path       ff.o
    0x08004ba6   0x08004ba6   0x00000002   PAD
    0x08004ba8   0x08004ba8   0x0000001c   Code   RO          281    i.fputc             usart.o
    0x08004bc4   0x08004bc4   0x000000d4   Code   RO         1167    i.gen_numname       ff.o
    0x08004c98   0x08004c98   0x00000194   Code   RO         1168    i.get_fat           ff.o
    0x08004e2c   0x08004e2c   0x00000004   Code   RO         1575    i.get_fattime       ffsystem.o
    0x08004e30   0x08004e30   0x0000027a   Code   RO         1169    i.get_fileinfo      ff.o
    0x080050aa   0x080050aa   0x0000004e   Code   RO         1170    i.get_ldnumber      ff.o
    0x080050f8   0x080050f8   0x00000032   Code   RO         1171    i.init_alloc_info   ff.o
    0x0800512a   0x0800512a   0x00000002   PAD
    0x0800512c   0x0800512c   0x00000094   Code   RO          618    i.key_init          key.o
    0x080051c0   0x080051c0   0x00000034   Code   RO          366    i.lcd_clear         lcd.o
    0x080051f4   0x080051f4   0x0000016c   Code   RO          368    i.lcd_display_dir   lcd.o
    0x08005360   0x08005360   0x00000020   Code   RO          374    i.lcd_draw_point    lcd.o
    0x08005380   0x08005380   0x0000022c   Code   RO          376    i.lcd_ex_ili9341_reginit  lcd.o
    0x080055ac   0x080055ac   0x00000340   Code   RO          377    i.lcd_ex_ili9806_reginit  lcd.o
    0x080058ec   0x080058ec   0x00000ef2   Code   RO          378    i.lcd_ex_nt35310_reginit  lcd.o
    0x080067de   0x080067de   0x00000f6e   Code   RO          379    i.lcd_ex_nt35510_reginit  lcd.o
    0x0800774c   0x0800774c   0x0000016e   Code   RO          380    i.lcd_ex_ssd1963_reginit  lcd.o
    0x080078ba   0x080078ba   0x000001a8   Code   RO          381    i.lcd_ex_st7789_reginit  lcd.o
    0x08007a62   0x08007a62   0x000001c6   Code   RO          382    i.lcd_ex_st7796_reginit  lcd.o
    0x08007c28   0x08007c28   0x00000054   Code   RO          383    i.lcd_fill          lcd.o
    0x08007c7c   0x08007c7c   0x0000048c   Code   RO          385    i.lcd_init          lcd.o
    0x08008108   0x08008108   0x0000000c   Code   RO          386    i.lcd_opt_delay     lcd.o
    0x08008114   0x08008114   0x00000016   Code   RO          387    i.lcd_pow           lcd.o
    0x0800812a   0x0800812a   0x00000002   PAD
    0x0800812c   0x0800812c   0x00000018   Code   RO          388    i.lcd_rd_data       lcd.o
    0x08008144   0x08008144   0x0000023c   Code   RO          390    i.lcd_scan_dir      lcd.o
    0x08008380   0x08008380   0x00000120   Code   RO          391    i.lcd_set_cursor    lcd.o
    0x080084a0   0x080084a0   0x00000140   Code   RO          393    i.lcd_show_char     lcd.o
    0x080085e0   0x080085e0   0x00000098   Code   RO          394    i.lcd_show_num      lcd.o
    0x08008678   0x08008678   0x0000006a   Code   RO          395    i.lcd_show_string   lcd.o
    0x080086e2   0x080086e2   0x00000002   PAD
    0x080086e4   0x080086e4   0x00000054   Code   RO          397    i.lcd_ssd_backlight_set  lcd.o
    0x08008738   0x08008738   0x00000018   Code   RO          398    i.lcd_wr_data       lcd.o
    0x08008750   0x08008750   0x00000018   Code   RO          399    i.lcd_wr_regno      lcd.o
    0x08008768   0x08008768   0x00000014   Code   RO          400    i.lcd_write_ram_prepare  lcd.o
    0x0800877c   0x0800877c   0x00000010   Code   RO          401    i.lcd_write_reg     lcd.o
    0x0800878c   0x0800878c   0x00000026   Code   RO         1172    i.ld_clust          ff.o
    0x080087b2   0x080087b2   0x00000018   Code   RO         1173    i.ld_dword          ff.o
    0x080087ca   0x080087ca   0x00000062   Code   RO         1174    i.ld_qword          ff.o
    0x0800882c   0x0800882c   0x0000000c   Code   RO         1175    i.ld_word           ff.o
    0x08008838   0x08008838   0x00000068   Code   RO          342    i.led_init          led.o
    0x080088a0   0x080088a0   0x00000040   Code   RO         1176    i.load_obj_xdir     ff.o
    0x080088e0   0x080088e0   0x0000010e   Code   RO         1177    i.load_xdir         ff.o
    0x080089ee   0x080089ee   0x00000002   PAD
    0x080089f0   0x080089f0   0x000003bc   Code   RO           13    i.main              main.o
    0x08008dac   0x08008dac   0x00000014   Code   RO         1717    i.mf_close          fattester.o
    0x08008dc0   0x08008dc0   0x00000010   Code   RO         1718    i.mf_closedir       fattester.o
    0x08008dd0   0x08008dd0   0x0000002c   Code   RO         1719    i.mf_fmkfs          fattester.o
    0x08008dfc   0x08008dfc   0x00000020   Code   RO         1720    i.mf_free           fattester.o
    0x08008e1c   0x08008e1c   0x00000084   Code   RO         1721    i.mf_getlabel       fattester.o
    0x08008ea0   0x08008ea0   0x00000048   Code   RO         1722    i.mf_gets           fattester.o
    0x08008ee8   0x08008ee8   0x00000040   Code   RO         1723    i.mf_init           fattester.o
    0x08008f28   0x08008f28   0x00000018   Code   RO         1724    i.mf_lseek          fattester.o
    0x08008f40   0x08008f40   0x0000000c   Code   RO         1725    i.mf_mkdir          fattester.o
    0x08008f4c   0x08008f4c   0x00000018   Code   RO         1726    i.mf_mount          fattester.o
    0x08008f64   0x08008f64   0x0000001c   Code   RO         1727    i.mf_open           fattester.o
    0x08008f80   0x08008f80   0x00000014   Code   RO         1728    i.mf_opendir        fattester.o
    0x08008f94   0x08008f94   0x00000018   Code   RO         1729    i.mf_putc           fattester.o
    0x08008fac   0x08008fac   0x00000018   Code   RO         1730    i.mf_puts           fattester.o
    0x08008fc4   0x08008fc4   0x0000015c   Code   RO         1731    i.mf_read           fattester.o
    0x08009120   0x08009120   0x00000274   Code   RO         1732    i.mf_readdir        fattester.o
    0x08009394   0x08009394   0x00000010   Code   RO         1733    i.mf_rename         fattester.o
    0x080093a4   0x080093a4   0x00000064   Code   RO         1734    i.mf_scan_files     fattester.o
    0x08009408   0x08009408   0x0000005c   Code   RO         1735    i.mf_setlabel       fattester.o
    0x08009464   0x08009464   0x000000a8   Code   RO         1736    i.mf_showfree       fattester.o
    0x0800950c   0x0800950c   0x0000000c   Code   RO         1737    i.mf_size           fattester.o
    0x08009518   0x08009518   0x0000000c   Code   RO         1738    i.mf_tell           fattester.o
    0x08009524   0x08009524   0x0000000c   Code   RO         1739    i.mf_unlink         fattester.o
    0x08009530   0x08009530   0x000000c4   Code   RO         1740    i.mf_write          fattester.o
    0x080095f4   0x080095f4   0x00000474   Code   RO         1178    i.mount_volume      ff.o
    0x08009a68   0x08009a68   0x00000034   Code   RO         1179    i.move_window       ff.o
    0x08009a9c   0x08009a9c   0x0000006c   Code   RO          989    i.my_mem_free       malloc.o
    0x08009b08   0x08009b08   0x00000030   Code   RO          990    i.my_mem_init       malloc.o
    0x08009b38   0x08009b38   0x000000a8   Code   RO          991    i.my_mem_malloc     malloc.o
    0x08009be0   0x08009be0   0x00000040   Code   RO          992    i.my_mem_perused    malloc.o
    0x08009c20   0x08009c20   0x00000014   Code   RO          993    i.my_mem_set        malloc.o
    0x08009c34   0x08009c34   0x00000024   Code   RO          994    i.myfree            malloc.o
    0x08009c58   0x08009c58   0x00000028   Code   RO          995    i.mymalloc          malloc.o
    0x08009c80   0x08009c80   0x0000003c   Code   RO          893    i.norflash_erase_sector  norflash.o
    0x08009cbc   0x08009cbc   0x00000098   Code   RO          894    i.norflash_init     norflash.o
    0x08009d54   0x08009d54   0x00000048   Code   RO          895    i.norflash_read     norflash.o
    0x08009d9c   0x08009d9c   0x00000048   Code   RO          896    i.norflash_read_id  norflash.o
    0x08009de4   0x08009de4   0x00000054   Code   RO          897    i.norflash_read_sr  norflash.o
    0x08009e38   0x08009e38   0x00000034   Code   RO          898    i.norflash_send_address  norflash.o
    0x08009e6c   0x08009e6c   0x00000014   Code   RO          899    i.norflash_wait_busy  norflash.o
    0x08009e80   0x08009e80   0x000000b8   Code   RO          900    i.norflash_write    norflash.o
    0x08009f38   0x08009f38   0x00000024   Code   RO          901    i.norflash_write_enable  norflash.o
    0x08009f5c   0x08009f5c   0x00000046   Code   RO          902    i.norflash_write_nocheck  norflash.o
    0x08009fa2   0x08009fa2   0x00000002   PAD
    0x08009fa4   0x08009fa4   0x00000050   Code   RO          903    i.norflash_write_page  norflash.o
    0x08009ff4   0x08009ff4   0x00000050   Code   RO          904    i.norflash_write_sr  norflash.o
    0x0800a044   0x0800a044   0x0000008c   Code   RO         1180    i.pick_lfn          ff.o
    0x0800a0d0   0x0800a0d0   0x00000144   Code   RO         1181    i.put_fat           ff.o
    0x0800a214   0x0800a214   0x00000080   Code   RO         1182    i.put_lfn           ff.o
    0x0800a294   0x0800a294   0x00000042   Code   RO         1183    i.put_utf           ff.o
    0x0800a2d6   0x0800a2d6   0x00000044   Code   RO         1184    i.putc_bfd          ff.o
    0x0800a31a   0x0800a31a   0x0000002c   Code   RO         1185    i.putc_flush        ff.o
    0x0800a346   0x0800a346   0x00000012   Code   RO         1186    i.putc_init         ff.o
    0x0800a358   0x0800a358   0x00000006   Code   RO         1886    i.read_addr         usmart.o
    0x0800a35e   0x0800a35e   0x0000014a   Code   RO         1187    i.remove_chain      ff.o
    0x0800a4a8   0x0800a4a8   0x00000174   Code   RO          697    i.sd_init           sdio_sdcard.o
    0x0800a61c   0x0800a61c   0x00000088   Code   RO          698    i.sd_read_disk      sdio_sdcard.o
    0x0800a6a4   0x0800a6a4   0x0000008c   Code   RO          699    i.sd_write_disk     sdio_sdcard.o
    0x0800a730   0x0800a730   0x00000014   Code   RO          700    i.sdmmc_clock_set   sdio_sdcard.o
    0x0800a744   0x0800a744   0x00000038   Code   RO          701    i.sdmmc_cmd_error   sdio_sdcard.o
    0x0800a77c   0x0800a77c   0x00000070   Code   RO          702    i.sdmmc_cmd_resp1_error  sdio_sdcard.o
    0x0800a7ec   0x0800a7ec   0x00000060   Code   RO          703    i.sdmmc_cmd_resp2_error  sdio_sdcard.o
    0x0800a84c   0x0800a84c   0x00000048   Code   RO          704    i.sdmmc_cmd_resp3_error  sdio_sdcard.o
    0x0800a894   0x0800a894   0x000000a0   Code   RO          705    i.sdmmc_cmd_resp6_error  sdio_sdcard.o
    0x0800a934   0x0800a934   0x00000054   Code   RO          706    i.sdmmc_cmd_resp7_error  sdio_sdcard.o
    0x0800a988   0x0800a988   0x00000130   Code   RO          707    i.sdmmc_find_scr    sdio_sdcard.o
    0x0800aab8   0x0800aab8   0x00000310   Code   RO          708    i.sdmmc_get_card_info  sdio_sdcard.o
    0x0800adc8   0x0800adc8   0x00000104   Code   RO          710    i.sdmmc_initialize_cards  sdio_sdcard.o
    0x0800aecc   0x0800aecc   0x00000090   Code   RO          711    i.sdmmc_is_card_programming  sdio_sdcard.o
    0x0800af5c   0x0800af5c   0x00000168   Code   RO          712    i.sdmmc_power_on    sdio_sdcard.o
    0x0800b0c4   0x0800b0c4   0x000001c8   Code   RO          713    i.sdmmc_read_blocks  sdio_sdcard.o
    0x0800b28c   0x0800b28c   0x00000016   Code   RO          714    i.sdmmc_select_deselect  sdio_sdcard.o
    0x0800b2a2   0x0800b2a2   0x00000002   PAD
    0x0800b2a4   0x0800b2a4   0x00000024   Code   RO          715    i.sdmmc_send_cmd    sdio_sdcard.o
    0x0800b2c8   0x0800b2c8   0x00000034   Code   RO          716    i.sdmmc_send_data_cfg  sdio_sdcard.o
    0x0800b2fc   0x0800b2fc   0x00000080   Code   RO          718    i.sdmmc_wide_bus_enable  sdio_sdcard.o
    0x0800b37c   0x0800b37c   0x00000060   Code   RO          719    i.sdmmc_wide_bus_operation  sdio_sdcard.o
    0x0800b3dc   0x0800b3dc   0x000002f4   Code   RO          720    i.sdmmc_write_blocks  sdio_sdcard.o
    0x0800b6d0   0x0800b6d0   0x000000bc   Code   RO          853    i.spi2_init         spi.o
    0x0800b78c   0x0800b78c   0x00000034   Code   RO          854    i.spi2_read_write_byte  spi.o
    0x0800b7c0   0x0800b7c0   0x00000034   Code   RO          855    i.spi2_set_speed    spi.o
    0x0800b7f4   0x0800b7f4   0x0000016c   Code   RO          649    i.sram_init         sram.o
    0x0800b960   0x0800b960   0x00000024   Code   RO         1188    i.st_clust          ff.o
    0x0800b984   0x0800b984   0x00000018   Code   RO         1189    i.st_dword          ff.o
    0x0800b99c   0x0800b99c   0x0000005c   Code   RO         1190    i.st_qword          ff.o
    0x0800b9f8   0x0800b9f8   0x0000000c   Code   RO         1191    i.st_word           ff.o
    0x0800ba04   0x0800ba04   0x00000072   Code   RO         1192    i.store_xdir        ff.o
    0x0800ba76   0x0800ba76   0x00000020   Code   RO         1193    i.sum_sfn           ff.o
    0x0800ba96   0x0800ba96   0x00000002   PAD
    0x0800ba98   0x0800ba98   0x0000008c   Code   RO         1194    i.sync_fs           ff.o
    0x0800bb24   0x0800bb24   0x0000004a   Code   RO         1195    i.sync_window       ff.o
    0x0800bb6e   0x0800bb6e   0x00000002   PAD
    0x0800bb70   0x0800bb70   0x000000ac   Code   RO          161    i.sys_clock_set     sys.o
    0x0800bc1c   0x0800bc1c   0x00000018   Code   RO          163    i.sys_gpio_pin_set  sys.o
    0x0800bc34   0x0800bc34   0x000000ea   Code   RO          165    i.sys_gpio_set      sys.o
    0x0800bd1e   0x0800bd1e   0x00000004   Code   RO          166    i.sys_intx_disable  sys.o
    0x0800bd22   0x0800bd22   0x00000004   Code   RO          167    i.sys_intx_enable   sys.o
    0x0800bd26   0x0800bd26   0x00000002   PAD
    0x0800bd28   0x0800bd28   0x00000078   Code   RO          170    i.sys_nvic_init     sys.o
    0x0800bda0   0x0800bda0   0x00000028   Code   RO          171    i.sys_nvic_priority_group_config  sys.o
    0x0800bdc8   0x0800bdc8   0x00000010   Code   RO          172    i.sys_nvic_set_vector_table  sys.o
    0x0800bdd8   0x0800bdd8   0x00000070   Code   RO          175    i.sys_stm32_clock_init  sys.o
    0x0800be48   0x0800be48   0x0000004c   Code   RO         1196    i.tchar2uni         ff.o
    0x0800be94   0x0800be94   0x000000c4   Code   RO          282    i.usart_init        usart.o
    0x0800bf58   0x0800bf58   0x000000b0   Code   RO         1887    i.usmart_cmd_rec    usmart.o
    0x0800c008   0x0800c008   0x000002d4   Code   RO         1888    i.usmart_exe        usmart.o
    0x0800c2dc   0x0800c2dc   0x000000d4   Code   RO         2026    i.usmart_get_aparm  usmart_str.o
    0x0800c3b0   0x0800c3b0   0x00000036   Code   RO         2027    i.usmart_get_cmdname  usmart_str.o
    0x0800c3e6   0x0800c3e6   0x00000002   PAD
    0x0800c3e8   0x0800c3e8   0x000001c0   Code   RO         2028    i.usmart_get_fname  usmart_str.o
    0x0800c5a8   0x0800c5a8   0x0000010c   Code   RO         2029    i.usmart_get_fparam  usmart_str.o
    0x0800c6b4   0x0800c6b4   0x00000028   Code   RO         1979    i.usmart_get_input_string  usmart_port.o
    0x0800c6dc   0x0800c6dc   0x00000020   Code   RO         2030    i.usmart_get_parmpos  usmart_str.o
    0x0800c6fc   0x0800c6fc   0x00000018   Code   RO         1889    i.usmart_init       usmart.o
    0x0800c714   0x0800c714   0x00000016   Code   RO         2031    i.usmart_pow        usmart_str.o
    0x0800c72a   0x0800c72a   0x00000002   PAD
    0x0800c72c   0x0800c72c   0x000000a8   Code   RO         1890    i.usmart_scan       usmart.o
    0x0800c7d4   0x0800c7d4   0x00000016   Code   RO         2032    i.usmart_search_nextc  usmart_str.o
    0x0800c7ea   0x0800c7ea   0x00000106   Code   RO         2033    i.usmart_str2num    usmart_str.o
    0x0800c8f0   0x0800c8f0   0x00000022   Code   RO         2034    i.usmart_strcmp     usmart_str.o
    0x0800c912   0x0800c912   0x00000016   Code   RO         2035    i.usmart_strcopy    usmart_str.o
    0x0800c928   0x0800c928   0x00000018   Code   RO         2036    i.usmart_strlen     usmart_str.o
    0x0800c940   0x0800c940   0x000006f4   Code   RO         1891    i.usmart_sys_cmd_exe  usmart.o
    0x0800d034   0x0800d034   0x00000040   Code   RO         1980    i.usmart_timx_get_time  usmart_port.o
    0x0800d074   0x0800d074   0x00000068   Code   RO         1981    i.usmart_timx_init  usmart_port.o
    0x0800d0dc   0x0800d0dc   0x00000030   Code   RO         1982    i.usmart_timx_reset_time  usmart_port.o
    0x0800d10c   0x0800d10c   0x0000003c   Code   RO         1197    i.validate          ff.o
    0x0800d148   0x0800d148   0x00000004   Code   RO         1892    i.write_addr        usmart.o
    0x0800d14c   0x0800d14c   0x0000003a   Code   RO         1198    i.xdir_sum          ff.o
    0x0800d186   0x0800d186   0x0000004c   Code   RO         1199    i.xname_sum         ff.o
    0x0800d1d2   0x0800d1d2   0x0000001a   Code   RO         1200    i.xsum32            ff.o
    0x0800d1ec   0x0800d1ec   0x0000005a   Code   RO         2203    x$fpl$dfixu         fz_ws.l(dfixu.o)
    0x0800d246   0x0800d246   0x00000026   Code   RO         2207    x$fpl$dfltu         fz_ws.l(dflt_clz.o)
    0x0800d26c   0x0800d26c   0x00000154   Code   RO         2213    x$fpl$dmul          fz_ws.l(dmul.o)
    0x0800d3c0   0x0800d3c0   0x0000009c   Code   RO         2232    x$fpl$dnaninf       fz_ws.l(dnaninf.o)
    0x0800d45c   0x0800d45c   0x0000000c   Code   RO         2234    x$fpl$dretinf       fz_ws.l(dretinf.o)
    0x0800d468   0x0800d468   0x00000000   Code   RO         2236    x$fpl$usenofp       fz_ws.l(usenofp.o)
    0x0800d468   0x0800d468   0x00002f80   Data   RO          403    .constdata          lcd.o
    0x080103e8   0x080103e8   0x00000018   Data   RO         1000    .constdata          malloc.o
    0x08010400   0x08010400   0x00000058   Data   RO         1201    .constdata          ff.o
    0x08010458   0x08010458   0x0002abb6   Data   RO         1609    .constdata          ffunicode.o
    0x0803b00e   0x0803b00e   0x00000002   PAD
    0x0803b010   0x0803b010   0x00000010   Data   RO         1742    .constdata          fattester.o
    0x0803b020   0x0803b020   0x00000028   Data   RO         2133    .constdata          c_w.l(_printf_hex_int.o)
    0x0803b048   0x0803b048   0x00000011   Data   RO         2168    .constdata          c_w.l(__printf_flags_ss_wp.o)
    0x0803b059   0x0803b059   0x00000003   PAD
    0x0803b05c   0x0803b05c   0x00000028   Data   RO         1893    .conststring        usmart.o
    0x0803b084   0x0803b084   0x0000038c   Data   RO         1953    .conststring        usmart_config.o
    0x0803b410   0x0803b410   0x00000020   Data   RO         2396    Region$$Table       anon$$obj.o


    Execution Region RW_IRAM1 (Exec base: 0x20000000, Load base: 0x0803b430, Size: 0x0000c760, Max: 0x00010000, ABSOLUTE, COMPRESSED[0x000000f8])

    Exec Addr    Load Addr    Size         Type   Attr      Idx    E Section Name        Object

    0x20000000   COMPRESSED   0x00000004   Data   RW          126    .data               delay.o
    0x20000004   COMPRESSED   0x00000006   Data   RW          284    .data               usart.o
    0x2000000a   COMPRESSED   0x00000002   PAD
    0x2000000c   COMPRESSED   0x00000008   Data   RW          404    .data               lcd.o
    0x20000014   COMPRESSED   0x00000008   Data   RW          722    .data               sdio_sdcard.o
    0x2000001c   COMPRESSED   0x00000002   Data   RW          906    .data               norflash.o
    0x2000001e   COMPRESSED   0x00000002   PAD
    0x20000020   COMPRESSED   0x0000001c   Data   RW         1001    .data               malloc.o
    0x2000003c   COMPRESSED   0x0000000a   Data   RW         1202    .data               ff.o
    0x20000046   COMPRESSED   0x00000002   PAD
    0x20000048   COMPRESSED   0x00000008   Data   RW         1648    .data               exfuns.o
    0x20000050   COMPRESSED   0x0000001c   Data   RW         1894    .data               usmart.o
    0x2000006c   COMPRESSED   0x000001c4   Data   RW         1954    .data               usmart_config.o
    0x20000230        -       0x000000c8   Zero   RW          283    .bss                usart.o
    0x200002f8        -       0x0000000e   Zero   RW          402    .bss                lcd.o
    0x20000306   COMPRESSED   0x00000002   PAD
    0x20000308        -       0x00000278   Zero   RW          721    .bss                sdio_sdcard.o
    0x20000580        -       0x00001000   Zero   RW          905    .bss                norflash.o
    0x20001580        -       0x0000aa00   Zero   RW          999    .bss                malloc.o
    0x2000bf80        -       0x00000180   Zero   RW         1741    .bss                fattester.o
    0x2000c100        -       0x00000060   Zero   RW         2277    .bss                c_w.l(libspace.o)
    0x2000c160        -       0x00000200   Zero   RW            2    HEAP                startup_stm32f103xe.o
    0x2000c360        -       0x00000400   Zero   RW            1    STACK               startup_stm32f103xe.o



  Load Region LR$$.ARM.__AT_0x68000000 (Base: 0x68000000, Size: 0x00000000, Max: 0x000f0c00, ABSOLUTE)

    Execution Region ER$$.ARM.__AT_0x68000000 (Exec base: 0x68000000, Load base: 0x68000000, Size: 0x000f0c00, Max: 0x000f0c00, ABSOLUTE, UNINIT)

    Exec Addr    Load Addr    Size         Type   Attr      Idx    E Section Name        Object

    0x68000000        -       0x000f0c00   Zero   RW          997    .ARM.__AT_0x68000000  malloc.o



  Load Region LR$$.ARM.__AT_0x680F0C00 (Base: 0x680f0c00, Size: 0x00000000, Max: 0x0000f0c0, ABSOLUTE)

    Execution Region ER$$.ARM.__AT_0x680F0C00 (Exec base: 0x680f0c00, Load base: 0x680f0c00, Size: 0x0000f0c0, Max: 0x0000f0c0, ABSOLUTE, UNINIT)

    Exec Addr    Load Addr    Size         Type   Attr      Idx    E Section Name        Object

    0x680f0c00        -       0x0000f0c0   Zero   RW          998    .ARM.__AT_0x680F0C00  malloc.o


==============================================================================

Image component sizes


      Code (inc. data)   RO Data    RW Data    ZI Data      Debug   Object Name

       134         10          0          4          0       2119   delay.o
       478          6          0          0          0       5658   diskio.o
       142          4          0          8          0       2655   exfuns.o
      2120       1002         16          0        384      17054   fattester.o
     20068        218         88         10          0      95212   ff.o
        32          0          0          0          0       1769   ffsystem.o
       396         28     175030          0          0       6056   ffunicode.o
       148         14          0          0          0        543   key.o
     13768        166      12160          8         14      26796   lcd.o
       104         14          0          0          0        535   led.o
       956        292          0          0          0     397083   main.o
       484         54         24         28    1091264       6935   malloc.o
       962         56          0          2       4096       8964   norflash.o
      4646        266          0          8        632      28255   sdio_sdcard.o
       292         24          0          0          0       1764   spi.o
       364         26          0          0          0        616   sram.o
        56         22        304          0       1536        976   startup_stm32f103xe.o
       726         36          0          0          0       6286   sys.o
       360         34          0          6        200       4529   usart.o
      2882       1310         40         28          0       6362   usmart.o
         0          0        908        452          0       1780   usmart_config.o
       316         48          0          0          0       2927   usmart_port.o
      1400         20          0          0          0       9829   usmart_str.o

    ----------------------------------------------------------------------
     50866       3650     188604        560    1098128     634703   Object Totals
         0          0         32          0          0          0   (incl. Generated)
        32          0          2          6          2          0   (incl. Padding)

    ----------------------------------------------------------------------

      Code (inc. data)   RO Data    RW Data    ZI Data      Debug   Library Member Name

        90          0          0          0          0          0   __dczerorl2.o
         8          0          0          0          0         68   __main.o
       392          4         17          0          0         92   __printf_flags_ss_wp.o
        14          0          0          0          0         68   __printf_wp.o
         0          0          0          0          0          0   __rtentry.o
        12          0          0          0          0          0   __rtentry2.o
         6          0          0          0          0          0   __rtentry4.o
        52          8          0          0          0          0   __scatter.o
        28          0          0          0          0          0   __scatter_zi.o
         6          0          0          0          0          0   _printf_c.o
        44          0          0          0          0        108   _printf_char.o
        48          6          0          0          0         96   _printf_char_common.o
        36          4          0          0          0         80   _printf_char_file.o
         6          0          0          0          0          0   _printf_d.o
       120         16          0          0          0         92   _printf_dec.o
        88          4         40          0          0         88   _printf_hex_int.o
       178          0          0          0          0         88   _printf_intcommon.o
        10          0          0          0          0          0   _printf_ll.o
         6          0          0          0          0          0   _printf_lld.o
       124         16          0          0          0         92   _printf_longlong_dec.o
        78          0          0          0          0        108   _printf_pad.o
         0          0          0          0          0          0   _printf_percent.o
         4          0          0          0          0          0   _printf_percent_end.o
         6          0          0          0          0          0   _printf_s.o
        82          0          0          0          0         80   _printf_str.o
         6          0          0          0          0          0   _printf_u.o
         6          0          0          0          0          0   _printf_x.o
        16          0          0          0          0         68   aeabi_memset.o
        18          0          0          0          0         80   exit.o
         8          0          0          0          0         68   ferror.o
         6          0          0          0          0        152   heapauxi.o
         2          0          0          0          0          0   libinit.o
         2          0          0          0          0          0   libinit2.o
         2          0          0          0          0          0   libshutdown.o
         2          0          0          0          0          0   libshutdown2.o
         8          4          0          0         96         68   libspace.o
        72          0          0          0          0         76   llsdiv.o
       138          0          0          0          0         80   lludiv10.o
       238          0          0          0          0        100   lludivv7m.o
        88          0          0          0          0         76   memcmp.o
        24          4          0          0          0         84   noretval__2printf.o
        68          0          0          0          0         68   rt_memclr.o
        78          0          0          0          0         80   rt_memclr_w.o
       138          0          0          0          0         68   rt_memcpy_v6.o
       100          0          0          0          0         80   rt_memcpy_w.o
         2          0          0          0          0          0   rtexit.o
        10          0          0          0          0          0   rtexit2.o
        20          0          0          0          0         68   strchr.o
        74          0          0          0          0         80   sys_stackheap_outer.o
         2          0          0          0          0         68   use_no_semi.o
         2          0          0          0          0         68   use_no_semi_2.o
        90          4          0          0          0         92   dfixu.o
        38          0          0          0          0         68   dflt_clz.o
       340         12          0          0          0        104   dmul.o
       156          4          0          0          0         92   dnaninf.o
        12          0          0          0          0         68   dretinf.o
         0          0          0          0          0          0   usenofp.o

    ----------------------------------------------------------------------
      3206         86         60          0         96       2916   Library Totals
         2          0          3          0          0          0   (incl. Padding)

    ----------------------------------------------------------------------

      Code (inc. data)   RO Data    RW Data    ZI Data      Debug   Library Name

      2568         66         57          0         96       2492   c_w.l
       636         20          0          0          0        424   fz_ws.l

    ----------------------------------------------------------------------
      3206         86         60          0         96       2916   Library Totals

    ----------------------------------------------------------------------

==============================================================================


      Code (inc. data)   RO Data    RW Data    ZI Data      Debug   

     54072       3736     188664        560    1098224     624511   Grand Totals
     54072       3736     188664        248    1098224     624511   ELF Image Totals (compressed)
     54072       3736     188664        248          0          0   ROM Totals

==============================================================================

    Total RO  Size (Code + RO Data)               242736 ( 237.05kB)
    Total RW  Size (RW Data + ZI Data)           1098784 (1073.03kB)
    Total ROM Size (Code + RO Data + RW Data)     242984 ( 237.29kB)

==============================================================================

